Random Seed: 1681061991 (Overridden by hardware generation!)
Device #0, Loaded binary from: /home/paperspace/.qrack/qrack_ocl_dev_A100_80GB_PCIe.ir
Default platform: NVIDIA CUDA
Default device: #0, A100 80GB PCIe
OpenCL device #0: A100 80GB PCIe
############ Default Optimal (QUnit) ############
Filters: test_noisy_fidelity_2qb_nn_estimate
>>> 'test_noisy_fidelity_2qb_nn_estimate':
Circuit width: 54
Circuit layer depth (excluding factor of x2 for mirror validation): 10
For SDRP=1: 
Unitary fidelity: 1.29282e-10
Execution time: 0s
For SDRP=0.975: 
Unitary fidelity: 1.29281e-10
Execution time: 0s
For SDRP=0.95: 
Unitary fidelity: 1.74345e-10
Execution time: 0s
Random Seed: 1681062413 (Overridden by hardware generation!)
Device #0, Loaded binary from: /home/paperspace/.qrack/qrack_ocl_dev_A100_80GB_PCIe.ir
Default platform: NVIDIA CUDA
Default device: #0, A100 80GB PCIe
OpenCL device #0: A100 80GB PCIe
############ Default Optimal (QUnit) ############
Filters: test_noisy_fidelity_2qb_nn_estimate
>>> 'test_noisy_fidelity_2qb_nn_estimate':
Circuit width: 54
Circuit layer depth (excluding factor of x2 for mirror validation): 10
Random Seed: 1681062836 (Overridden by hardware generation!)
Device #0, Loaded binary from: /home/paperspace/.qrack/qrack_ocl_dev_A100_80GB_PCIe.ir
Default platform: NVIDIA CUDA
Default device: #0, A100 80GB PCIe
OpenCL device #0: A100 80GB PCIe
############ Default Optimal (QUnit) ############
Filters: test_noisy_fidelity_2qb_nn_estimate
>>> 'test_noisy_fidelity_2qb_nn_estimate':
Circuit width: 54
Circuit layer depth (excluding factor of x2 for mirror validation): 10
Random Seed: 1681063478 (Overridden by hardware generation!)
Device #0, Loaded binary from: /home/paperspace/.qrack/qrack_ocl_dev_A100_80GB_PCIe.ir
Default platform: NVIDIA CUDA
Default device: #0, A100 80GB PCIe
OpenCL device #0: A100 80GB PCIe
############ Default Optimal (QUnit) ############
Filters: test_noisy_fidelity_2qb_nn_estimate
>>> 'test_noisy_fidelity_2qb_nn_estimate':
Circuit width: 54
Circuit layer depth (excluding factor of x2 for mirror validation): 10
Random Seed: 1681063909 (Overridden by hardware generation!)
Device #0, Loaded binary from: /home/paperspace/.qrack/qrack_ocl_dev_A100_80GB_PCIe.ir
Default platform: NVIDIA CUDA
Default device: #0, A100 80GB PCIe
OpenCL device #0: A100 80GB PCIe
############ Default Optimal (QUnit) ############
Filters: test_noisy_fidelity_2qb_nn_estimate
>>> 'test_noisy_fidelity_2qb_nn_estimate':
Circuit width: 54
Circuit layer depth (excluding factor of x2 for mirror validation): 10
For SDRP=1: 
Unitary fidelity: 1.47119e-09
Execution time: 0s
For SDRP=0.975: 
Unitary fidelity: 1.47119e-09
Execution time: 0s
For SDRP=0.95: 
Unitary fidelity: 1.47119e-09
Execution time: 0s
For SDRP=0.925: 
Unitary fidelity: 5.22265e-09
Execution time: 0s
For SDRP=0.9: 
Unitary fidelity: 3.85003e-09
Execution time: 0s
For SDRP=0.875: 
Unitary fidelity: 3.85004e-09
Execution time: 0s
For SDRP=0.85: 
Unitary fidelity: 5.47798e-09
Execution time: 0s
For SDRP=0.825: 
Unitary fidelity: 5.47798e-09
Execution time: 0s
For SDRP=0.8: 
Unitary fidelity: 1.67714e-09
Execution time: 0s
For SDRP=0.775: 
Unitary fidelity: 2.91748e-09
Execution time: 0s
For SDRP=0.75: 
Unitary fidelity: 5.13084e-09
Execution time: 0s
For SDRP=0.725: 
Unitary fidelity: 5.54011e-09
Execution time: 0s
For SDRP=0.7: 
Unitary fidelity: 2.74895e-08
Execution time: 0s
Random Seed: 1681064306 (Overridden by hardware generation!)
Device #0, Loaded binary from: /home/paperspace/.qrack/qrack_ocl_dev_A100_80GB_PCIe.ir
Default platform: NVIDIA CUDA
Default device: #0, A100 80GB PCIe
OpenCL device #0: A100 80GB PCIe
############ Default Optimal (QUnit) ############
Filters: test_noisy_fidelity_2qb_nn_estimate
>>> 'test_noisy_fidelity_2qb_nn_estimate':
Circuit width: 54
Circuit layer depth (excluding factor of x2 for mirror validation): 10
Random Seed: 1681064707 (Overridden by hardware generation!)
Device #0, Loaded binary from: /home/paperspace/.qrack/qrack_ocl_dev_A100_80GB_PCIe.ir
Default platform: NVIDIA CUDA
Default device: #0, A100 80GB PCIe
OpenCL device #0: A100 80GB PCIe
############ Default Optimal (QUnit) ############
Filters: test_noisy_fidelity_2qb_nn_estimate
>>> 'test_noisy_fidelity_2qb_nn_estimate':
Circuit width: 54
Circuit layer depth (excluding factor of x2 for mirror validation): 10
For SDRP=1: 
Unitary fidelity: 4.66109e-10
Execution time: 0s
For SDRP=0.975: 
Unitary fidelity: 4.66109e-10
Execution time: 0s
For SDRP=0.95: 
Unitary fidelity: 5.23286e-10
Execution time: 1s
For SDRP=0.925: 
Unitary fidelity: 4.26994e-10
Execution time: 1s
For SDRP=0.9: 
Unitary fidelity: 4.26993e-10
Execution time: 1s
For SDRP=0.875: 
Unitary fidelity: 6.67083e-10
Execution time: 1s
For SDRP=0.85: 
Unitary fidelity: 1.20324e-09
Execution time: 0s
Random Seed: 1681065129 (Overridden by hardware generation!)
Device #0, Loaded binary from: /home/paperspace/.qrack/qrack_ocl_dev_A100_80GB_PCIe.ir
Default platform: NVIDIA CUDA
Default device: #0, A100 80GB PCIe
OpenCL device #0: A100 80GB PCIe
############ Default Optimal (QUnit) ############
Filters: test_noisy_fidelity_2qb_nn_estimate
>>> 'test_noisy_fidelity_2qb_nn_estimate':
Circuit width: 54
Circuit layer depth (excluding factor of x2 for mirror validation): 10
For SDRP=1: 
Unitary fidelity: 1.62366e-11
Execution time: 0s
For SDRP=0.975: 
Unitary fidelity: 1.62365e-11
Execution time: 0s
For SDRP=0.95: 
Unitary fidelity: 1.62366e-11
Execution time: 0s
For SDRP=0.925: 
Unitary fidelity: 3.04083e-11
Execution time: 0s
For SDRP=0.9: 
Unitary fidelity: 3.04082e-11
Execution time: 0s
For SDRP=0.875: 
Unitary fidelity: 3.04086e-11
Execution time: 0s
For SDRP=0.85: 
Unitary fidelity: 1.23122e-10
Execution time: 0s
For SDRP=0.825: 
Unitary fidelity: 2.78433e-10
Execution time: 0s
For SDRP=0.8: 
Unitary fidelity: 7.40298e-10
Execution time: 0s
For SDRP=0.775: 
Unitary fidelity: 7.09974e-10
Execution time: 0s
For SDRP=0.75: 
Unitary fidelity: 1.38434e-09
Execution time: 0s
For SDRP=0.725: 
Unitary fidelity: 3.51063e-09
Execution time: 0s
For SDRP=0.7: 
Unitary fidelity: 1.86996e-08
Execution time: 0s
Random Seed: 1681065552 (Overridden by hardware generation!)
Device #0, Loaded binary from: /home/paperspace/.qrack/qrack_ocl_dev_A100_80GB_PCIe.ir
Default platform: NVIDIA CUDA
Default device: #0, A100 80GB PCIe
OpenCL device #0: A100 80GB PCIe
############ Default Optimal (QUnit) ############
Filters: test_noisy_fidelity_2qb_nn_estimate
>>> 'test_noisy_fidelity_2qb_nn_estimate':
Circuit width: 54
Circuit layer depth (excluding factor of x2 for mirror validation): 10
Random Seed: 1681065952 (Overridden by hardware generation!)
Device #0, Loaded binary from: /home/paperspace/.qrack/qrack_ocl_dev_A100_80GB_PCIe.ir
Default platform: NVIDIA CUDA
Default device: #0, A100 80GB PCIe
OpenCL device #0: A100 80GB PCIe
############ Default Optimal (QUnit) ############
Filters: test_noisy_fidelity_2qb_nn_estimate
>>> 'test_noisy_fidelity_2qb_nn_estimate':
Circuit width: 54
Circuit layer depth (excluding factor of x2 for mirror validation): 10
Random Seed: 1681066336 (Overridden by hardware generation!)
Device #0, Loaded binary from: /home/paperspace/.qrack/qrack_ocl_dev_A100_80GB_PCIe.ir
Default platform: NVIDIA CUDA
Default device: #0, A100 80GB PCIe
OpenCL device #0: A100 80GB PCIe
############ Default Optimal (QUnit) ############
Filters: test_noisy_fidelity_2qb_nn_estimate
>>> 'test_noisy_fidelity_2qb_nn_estimate':
Circuit width: 54
Circuit layer depth (excluding factor of x2 for mirror validation): 10
Random Seed: 1681066760 (Overridden by hardware generation!)
Device #0, Loaded binary from: /home/paperspace/.qrack/qrack_ocl_dev_A100_80GB_PCIe.ir
Default platform: NVIDIA CUDA
Default device: #0, A100 80GB PCIe
OpenCL device #0: A100 80GB PCIe
############ Default Optimal (QUnit) ############
Filters: test_noisy_fidelity_2qb_nn_estimate
>>> 'test_noisy_fidelity_2qb_nn_estimate':
Circuit width: 54
Circuit layer depth (excluding factor of x2 for mirror validation): 10
For SDRP=1: 
Unitary fidelity: 4.60528e-10
Execution time: 0s
For SDRP=0.975: 
Unitary fidelity: 4.60537e-10
Execution time: 0s
For SDRP=0.95: 
Unitary fidelity: 7.6757e-10
Execution time: 0s
For SDRP=0.925: 
Unitary fidelity: 7.67584e-10
Execution time: 0s
For SDRP=0.9: 
Unitary fidelity: 7.67583e-10
Execution time: 0s
For SDRP=0.875: 
Unitary fidelity: 1.5588e-09
Execution time: 0s
For SDRP=0.85: 
Unitary fidelity: 1.95846e-09
Execution time: 0s
For SDRP=0.825: 
Unitary fidelity: 4.43983e-09
Execution time: 0s
For SDRP=0.8: 
Unitary fidelity: 2.70659e-08
Execution time: 0s
For SDRP=0.775: 
Unitary fidelity: 2.70659e-08
Execution time: 0s
For SDRP=0.75: 
Unitary fidelity: 4.25387e-08
Execution time: 0s
For SDRP=0.725: 
Unitary fidelity: 4.25387e-08
Execution time: 0s
For SDRP=0.7: 
Unitary fidelity: 4.25386e-08
Execution time: 0s
For SDRP=0.675: 
Unitary fidelity: 1.24121e-07
Execution time: 0s
For SDRP=0.65: 
Unitary fidelity: 1.87226e-07
Execution time: 0s
For SDRP=0.625: 
Unitary fidelity: 9.04994e-08
Execution time: 0s
Random Seed: 1681067243 (Overridden by hardware generation!)
Device #0, Loaded binary from: /home/paperspace/.qrack/qrack_ocl_dev_A100_80GB_PCIe.ir
Default platform: NVIDIA CUDA
Default device: #0, A100 80GB PCIe
OpenCL device #0: A100 80GB PCIe
############ Default Optimal (QUnit) ############
Filters: test_noisy_fidelity_2qb_nn_estimate
>>> 'test_noisy_fidelity_2qb_nn_estimate':
Circuit width: 54
Circuit layer depth (excluding factor of x2 for mirror validation): 10
For SDRP=1: 
Unitary fidelity: 7.15373e-12
Execution time: 0s
For SDRP=0.975: 
Unitary fidelity: 7.15374e-12
Execution time: 0s
For SDRP=0.95: 
Unitary fidelity: 8.60825e-12
Execution time: 0s
For SDRP=0.925: 
Unitary fidelity: 1.168e-11
Execution time: 0s
For SDRP=0.9: 
Unitary fidelity: 1.16801e-11
Execution time: 0s
For SDRP=0.875: 
Unitary fidelity: 1.168e-11
Execution time: 0s
For SDRP=0.85: 
Unitary fidelity: 7.63738e-12
Execution time: 0s
For SDRP=0.825: 
Unitary fidelity: 1.12991e-11
Execution time: 0s
For SDRP=0.8: 
Unitary fidelity: 2.221e-11
Execution time: 0s
For SDRP=0.775: 
Unitary fidelity: 8.88595e-10
Execution time: 0s
For SDRP=0.75: 
Unitary fidelity: 5.57778e-09
Execution time: 0s
For SDRP=0.725: 
Unitary fidelity: 9.96244e-09
Execution time: 0s
For SDRP=0.7: 
Unitary fidelity: 2.32171e-08
Execution time: 0s
For SDRP=0.675: 
Unitary fidelity: 2.34914e-07
Execution time: 0s
For SDRP=0.65: 
Unitary fidelity: 8.00033e-07
Execution time: 0s
For SDRP=0.625: 
Unitary fidelity: 1.99406e-06
Execution time: 0s
For SDRP=0.6: 
Unitary fidelity: 3.62185e-06
Execution time: 0s
For SDRP=0.575: 
Unitary fidelity: 7.862e-06
Execution time: 0s
Random Seed: 1681067663 (Overridden by hardware generation!)
Device #0, Loaded binary from: /home/paperspace/.qrack/qrack_ocl_dev_A100_80GB_PCIe.ir
Default platform: NVIDIA CUDA
Default device: #0, A100 80GB PCIe
OpenCL device #0: A100 80GB PCIe
############ Default Optimal (QUnit) ############
Filters: test_noisy_fidelity_2qb_nn_estimate
>>> 'test_noisy_fidelity_2qb_nn_estimate':
Circuit width: 54
Circuit layer depth (excluding factor of x2 for mirror validation): 10
For SDRP=1: 
Unitary fidelity: 1.64753e-09
Execution time: 0s
For SDRP=0.975: 
Unitary fidelity: 2.1995e-09
Execution time: 0s
For SDRP=0.95: 
Unitary fidelity: 2.19951e-09
Execution time: 0s
For SDRP=0.925: 
Unitary fidelity: 2.08003e-09
Execution time: 0s
For SDRP=0.9: 
Unitary fidelity: 7.03663e-09
Execution time: 0s
For SDRP=0.875: 
Unitary fidelity: 9.20183e-09
Execution time: 0s
For SDRP=0.85: 
Unitary fidelity: 7.59484e-09
Execution time: 0s
For SDRP=0.825: 
Unitary fidelity: 3.11347e-08
Execution time: 0s
For SDRP=0.8: 
Unitary fidelity: 3.11347e-08
Execution time: 0s
For SDRP=0.775: 
Unitary fidelity: 2.1271e-07
Execution time: 0s
For SDRP=0.75: 
Unitary fidelity: 2.9742e-07
Execution time: 0s
For SDRP=0.725: 
Unitary fidelity: 5.20549e-07
Execution time: 0s
For SDRP=0.7: 
Unitary fidelity: 4.91592e-07
Execution time: 0s
For SDRP=0.675: 
Unitary fidelity: 4.38061e-07
Execution time: 0s
For SDRP=0.65: 
Unitary fidelity: 3.57935e-07
Execution time: 0s
For SDRP=0.625: 
Unitary fidelity: 2.06587e-06
Execution time: 0s
For SDRP=0.6: 
Unitary fidelity: 7.32761e-06
Execution time: 0s
For SDRP=0.575: 
Unitary fidelity: 1.41798e-05
Execution time: 0s
For SDRP=0.55: 
Unitary fidelity: 1.90291e-05
Execution time: 0s
For SDRP=0.525: 
Unitary fidelity: 0.000120171
Execution time: 0s
For SDRP=0.5: 
Unitary fidelity: 0.000283261
Execution time: 0s
For SDRP=0.475: 
Unitary fidelity: 0.000493531
Execution time: 0s
Random Seed: 1681068270 (Overridden by hardware generation!)
Device #0, Loaded binary from: /home/paperspace/.qrack/qrack_ocl_dev_A100_80GB_PCIe.ir
Default platform: NVIDIA CUDA
Default device: #0, A100 80GB PCIe
OpenCL device #0: A100 80GB PCIe
############ Default Optimal (QUnit) ############
Filters: test_noisy_fidelity_2qb_nn_estimate
>>> 'test_noisy_fidelity_2qb_nn_estimate':
Circuit width: 54
Circuit layer depth (excluding factor of x2 for mirror validation): 10
For SDRP=1: 
Unitary fidelity: 1.89615e-11
Execution time: 0s
For SDRP=0.975: 
Unitary fidelity: 1.89613e-11
Execution time: 0s
For SDRP=0.95: 
Unitary fidelity: 2.99848e-11
Execution time: 0s
For SDRP=0.925: 
Unitary fidelity: 4.77945e-11
Execution time: 0s
For SDRP=0.9: 
Unitary fidelity: 1.78893e-10
Execution time: 0s
Random Seed: 1681068876 (Overridden by hardware generation!)
Device #0, Loaded binary from: /home/paperspace/.qrack/qrack_ocl_dev_A100_80GB_PCIe.ir
Default platform: NVIDIA CUDA
Default device: #0, A100 80GB PCIe
OpenCL device #0: A100 80GB PCIe
############ Default Optimal (QUnit) ############
Filters: test_noisy_fidelity_2qb_nn_estimate
>>> 'test_noisy_fidelity_2qb_nn_estimate':
Circuit width: 54
Circuit layer depth (excluding factor of x2 for mirror validation): 10
Random Seed: 1681069299 (Overridden by hardware generation!)
Device #0, Loaded binary from: /home/paperspace/.qrack/qrack_ocl_dev_A100_80GB_PCIe.ir
Default platform: NVIDIA CUDA
Default device: #0, A100 80GB PCIe
OpenCL device #0: A100 80GB PCIe
############ Default Optimal (QUnit) ############
Filters: test_noisy_fidelity_2qb_nn_estimate
>>> 'test_noisy_fidelity_2qb_nn_estimate':
Circuit width: 54
Circuit layer depth (excluding factor of x2 for mirror validation): 10
For SDRP=1: 
Unitary fidelity: 3.4645e-10
Execution time: 0s
For SDRP=0.975: 
Unitary fidelity: 3.46444e-10
Execution time: 0s
For SDRP=0.95: 
Unitary fidelity: 2.69822e-10
Execution time: 0s
For SDRP=0.925: 
Unitary fidelity: 2.6983e-10
Execution time: 0s
For SDRP=0.9: 
Unitary fidelity: 2.69838e-10
Execution time: 0s
For SDRP=0.875: 
Unitary fidelity: 1.76105e-09
Execution time: 0s
For SDRP=0.85: 
Unitary fidelity: 1.53011e-09
Execution time: 0s
For SDRP=0.825: 
Unitary fidelity: 2.49153e-09
Execution time: 0s
For SDRP=0.8: 
Unitary fidelity: 5.28628e-09
Execution time: 0s
For SDRP=0.775: 
Unitary fidelity: 3.30925e-09
Execution time: 0s
For SDRP=0.75: 
Unitary fidelity: 3.30922e-09
Execution time: 0s
For SDRP=0.725: 
Unitary fidelity: 4.47854e-09
Execution time: 0s
For SDRP=0.7: 
Unitary fidelity: 6.56631e-08
Execution time: 0s
For SDRP=0.675: 
Unitary fidelity: 2.89138e-07
Execution time: 0s
For SDRP=0.65: 
Unitary fidelity: 2.20707e-07
Execution time: 0s
For SDRP=0.625: 
Unitary fidelity: 8.28614e-07
Execution time: 0s
For SDRP=0.6: 
Unitary fidelity: 8.58507e-07
Execution time: 0s
Random Seed: 1681069722 (Overridden by hardware generation!)
Device #0, Loaded binary from: /home/paperspace/.qrack/qrack_ocl_dev_A100_80GB_PCIe.ir
Default platform: NVIDIA CUDA
Default device: #0, A100 80GB PCIe
OpenCL device #0: A100 80GB PCIe
############ Default Optimal (QUnit) ############
Filters: test_noisy_fidelity_2qb_nn_estimate
>>> 'test_noisy_fidelity_2qb_nn_estimate':
Circuit width: 54
Circuit layer depth (excluding factor of x2 for mirror validation): 10
For SDRP=1: 
Unitary fidelity: 3.12149e-12
Execution time: 0s
For SDRP=0.975: 
Unitary fidelity: 7.65484e-12
Execution time: 0s
For SDRP=0.95: 
Unitary fidelity: 7.65483e-12
Execution time: 0s
For SDRP=0.925: 
Unitary fidelity: 1.83185e-11
Execution time: 0s
For SDRP=0.9: 
Unitary fidelity: 2.19934e-11
Execution time: 0s
For SDRP=0.875: 
Unitary fidelity: 2.19931e-11
Execution time: 0s
For SDRP=0.85: 
Unitary fidelity: 3.55835e-11
Execution time: 0s
For SDRP=0.825: 
Unitary fidelity: 3.55835e-11
Execution time: 0s
For SDRP=0.8: 
Unitary fidelity: 2.63507e-11
Execution time: 0s
For SDRP=0.775: 
Unitary fidelity: 1.74034e-10
Execution time: 0s
For SDRP=0.75: 
Unitary fidelity: 3.20378e-10
Execution time: 0s
For SDRP=0.725: 
Unitary fidelity: 4.42192e-10
Execution time: 0s
For SDRP=0.7: 
Unitary fidelity: 5.28338e-09
Execution time: 0s
For SDRP=0.675: 
Unitary fidelity: 2.91939e-09
Execution time: 0s
For SDRP=0.65: 
Unitary fidelity: 1.83282e-08
Execution time: 0s
For SDRP=0.625: 
Unitary fidelity: 4.31609e-08
Execution time: 0s
For SDRP=0.6: 
Unitary fidelity: 2.00594e-07
Execution time: 0s
For SDRP=0.575: 
Unitary fidelity: 7.37875e-07
Execution time: 0s
For SDRP=0.55: 
Unitary fidelity: 9.36777e-07
Execution time: 0s
Random Seed: 1681070388 (Overridden by hardware generation!)
Device #0, Loaded binary from: /home/paperspace/.qrack/qrack_ocl_dev_A100_80GB_PCIe.ir
Default platform: NVIDIA CUDA
Default device: #0, A100 80GB PCIe
OpenCL device #0: A100 80GB PCIe
############ Default Optimal (QUnit) ############
Filters: test_noisy_fidelity_2qb_nn_estimate
>>> 'test_noisy_fidelity_2qb_nn_estimate':
Circuit width: 54
Circuit layer depth (excluding factor of x2 for mirror validation): 10
For SDRP=1: 
Unitary fidelity: 3.70879e-10
Execution time: 0s
For SDRP=0.975: 
Unitary fidelity: 3.70882e-10
Execution time: 0s
For SDRP=0.95: 
Unitary fidelity: 7.88816e-10
Execution time: 0s
For SDRP=0.925: 
Unitary fidelity: 6.31928e-10
Execution time: 1s
For SDRP=0.9: 
Unitary fidelity: 1.16761e-09
Execution time: 1s
Random Seed: 1681070799 (Overridden by hardware generation!)
Device #0, Loaded binary from: /home/paperspace/.qrack/qrack_ocl_dev_A100_80GB_PCIe.ir
Default platform: NVIDIA CUDA
Default device: #0, A100 80GB PCIe
OpenCL device #0: A100 80GB PCIe
############ Default Optimal (QUnit) ############
Filters: test_noisy_fidelity_2qb_nn_estimate
>>> 'test_noisy_fidelity_2qb_nn_estimate':
Circuit width: 54
Circuit layer depth (excluding factor of x2 for mirror validation): 10
For SDRP=1: 
Unitary fidelity: 6.78975e-11
Execution time: 1s
For SDRP=0.975: 
Unitary fidelity: 6.78981e-11
Execution time: 1s
For SDRP=0.95: 
Unitary fidelity: 6.78978e-11
Execution time: 1s
For SDRP=0.925: 
Unitary fidelity: 6.17018e-11
Execution time: 2s
Random Seed: 1681071218 (Overridden by hardware generation!)
Device #0, Loaded binary from: /home/paperspace/.qrack/qrack_ocl_dev_A100_80GB_PCIe.ir
Default platform: NVIDIA CUDA
Default device: #0, A100 80GB PCIe
OpenCL device #0: A100 80GB PCIe
############ Default Optimal (QUnit) ############
Filters: test_noisy_fidelity_2qb_nn_estimate
>>> 'test_noisy_fidelity_2qb_nn_estimate':
Circuit width: 54
Circuit layer depth (excluding factor of x2 for mirror validation): 10
For SDRP=1: 
Unitary fidelity: 6.15275e-11
Execution time: 0s
For SDRP=0.975: 
Unitary fidelity: 6.15265e-11
Execution time: 0s
For SDRP=0.95: 
Unitary fidelity: 6.15274e-11
Execution time: 0s
For SDRP=0.925: 
Unitary fidelity: 6.50875e-11
Execution time: 0s
For SDRP=0.9: 
Unitary fidelity: 8.19762e-11
Execution time: 0s
For SDRP=0.875: 
Unitary fidelity: 8.19754e-11
Execution time: 0s
For SDRP=0.85: 
Unitary fidelity: 9.77267e-10
Execution time: 0s
For SDRP=0.825: 
Unitary fidelity: 5.53005e-09
Execution time: 0s
For SDRP=0.8: 
Unitary fidelity: 1.45969e-08
Execution time: 0s
For SDRP=0.775: 
Unitary fidelity: 2.8409e-08
Execution time: 0s
For SDRP=0.75: 
Unitary fidelity: 2.84091e-08
Execution time: 0s
For SDRP=0.725: 
Unitary fidelity: 9.24281e-08
Execution time: 1s
For SDRP=0.7: 
Unitary fidelity: 2.18224e-07
Execution time: 1s
Random Seed: 1681071648 (Overridden by hardware generation!)
Device #0, Loaded binary from: /home/paperspace/.qrack/qrack_ocl_dev_A100_80GB_PCIe.ir
Default platform: NVIDIA CUDA
Default device: #0, A100 80GB PCIe
OpenCL device #0: A100 80GB PCIe
############ Default Optimal (QUnit) ############
Filters: test_noisy_fidelity_2qb_nn_estimate
>>> 'test_noisy_fidelity_2qb_nn_estimate':
Circuit width: 54
Circuit layer depth (excluding factor of x2 for mirror validation): 10
For SDRP=1: 
Unitary fidelity: 5.3116e-11
Execution time: 0s
For SDRP=0.975: 
Unitary fidelity: 5.31157e-11
Execution time: 0s
For SDRP=0.95: 
Unitary fidelity: 8.42721e-11
Execution time: 0s
For SDRP=0.925: 
Unitary fidelity: 7.66658e-11
Execution time: 0s
For SDRP=0.9: 
Unitary fidelity: 1.38383e-10
Execution time: 1s
For SDRP=0.875: 
Unitary fidelity: 1.38384e-10
Execution time: 1s
For SDRP=0.85: 
Unitary fidelity: 1.38384e-10
Execution time: 1s
For SDRP=0.825: 
Unitary fidelity: 2.89205e-10
Execution time: 0s
For SDRP=0.8: 
Unitary fidelity: 4.12056e-10
Execution time: 0s
For SDRP=0.775: 
Unitary fidelity: 5.92855e-10
Execution time: 0s
For SDRP=0.75: 
Unitary fidelity: 1.27848e-09
Execution time: 1s
For SDRP=0.725: 
Unitary fidelity: 1.2159e-09
Execution time: 0s
For SDRP=0.7: 
Unitary fidelity: 1.8185e-09
Execution time: 0s
For SDRP=0.675: 
Unitary fidelity: 3.9515e-08
Execution time: 0s
For SDRP=0.65: 
Unitary fidelity: 4.2745e-07
Execution time: 0s
Random Seed: 1681072075 (Overridden by hardware generation!)
Device #0, Loaded binary from: /home/paperspace/.qrack/qrack_ocl_dev_A100_80GB_PCIe.ir
Default platform: NVIDIA CUDA
Default device: #0, A100 80GB PCIe
OpenCL device #0: A100 80GB PCIe
############ Default Optimal (QUnit) ############
Filters: test_noisy_fidelity_2qb_nn_estimate
>>> 'test_noisy_fidelity_2qb_nn_estimate':
Circuit width: 54
Circuit layer depth (excluding factor of x2 for mirror validation): 10
For SDRP=1: 
Unitary fidelity: 1.4622e-10
Execution time: 0s
For SDRP=0.975: 
Unitary fidelity: 1.46221e-10
Execution time: 0s
For SDRP=0.95: 
Unitary fidelity: 1.46221e-10
Execution time: 0s
For SDRP=0.925: 
Unitary fidelity: 1.46221e-10
Execution time: 0s
For SDRP=0.9: 
Unitary fidelity: 1.46219e-10
Execution time: 0s
For SDRP=0.875: 
Unitary fidelity: 1.31213e-10
Execution time: 0s
For SDRP=0.85: 
Unitary fidelity: 1.63439e-10
Execution time: 0s
For SDRP=0.825: 
Unitary fidelity: 2.4388e-10
Execution time: 0s
For SDRP=0.8: 
Unitary fidelity: 1.71282e-08
Execution time: 0s
For SDRP=0.775: 
Unitary fidelity: 1.7128e-08
Execution time: 0s
Random Seed: 1681072802 (Overridden by hardware generation!)
Device #0, Loaded binary from: /home/paperspace/.qrack/qrack_ocl_dev_A100_80GB_PCIe.ir
Default platform: NVIDIA CUDA
Default device: #0, A100 80GB PCIe
OpenCL device #0: A100 80GB PCIe
############ Default Optimal (QUnit) ############
Filters: test_noisy_fidelity_2qb_nn_estimate
>>> 'test_noisy_fidelity_2qb_nn_estimate':
Circuit width: 54
Circuit layer depth (excluding factor of x2 for mirror validation): 10
For SDRP=1: 
Unitary fidelity: 2.69891e-10
Execution time: 0s
For SDRP=0.975: 
Unitary fidelity: 2.6989e-10
Execution time: 0s
For SDRP=0.95: 
Unitary fidelity: 2.69889e-10
Execution time: 0s
For SDRP=0.925: 
Unitary fidelity: 3.66838e-10
Execution time: 0s
For SDRP=0.9: 
Unitary fidelity: 3.66836e-10
Execution time: 0s
For SDRP=0.875: 
Unitary fidelity: 6.79821e-10
Execution time: 0s
For SDRP=0.85: 
Unitary fidelity: 8.47213e-10
Execution time: 0s
For SDRP=0.825: 
Unitary fidelity: 8.47207e-10
Execution time: 0s
For SDRP=0.8: 
Unitary fidelity: 8.47208e-10
Execution time: 0s
For SDRP=0.775: 
Unitary fidelity: 8.47209e-10
Execution time: 0s
For SDRP=0.75: 
Unitary fidelity: 1.55e-09
Execution time: 0s
Random Seed: 1681073197 (Overridden by hardware generation!)
Device #0, Loaded binary from: /home/paperspace/.qrack/qrack_ocl_dev_A100_80GB_PCIe.ir
Default platform: NVIDIA CUDA
Default device: #0, A100 80GB PCIe
OpenCL device #0: A100 80GB PCIe
############ Default Optimal (QUnit) ############
Filters: test_noisy_fidelity_2qb_nn_estimate
>>> 'test_noisy_fidelity_2qb_nn_estimate':
Circuit width: 54
Circuit layer depth (excluding factor of x2 for mirror validation): 10
For SDRP=1: 
Unitary fidelity: 1.74405e-11
Execution time: 0s
For SDRP=0.975: 
Unitary fidelity: 1.74406e-11
Execution time: 0s
For SDRP=0.95: 
Unitary fidelity: 1.40192e-11
Execution time: 0s
For SDRP=0.925: 
Unitary fidelity: 1.40195e-11
Execution time: 0s
Random Seed: 1681073586 (Overridden by hardware generation!)
Device #0, Loaded binary from: /home/paperspace/.qrack/qrack_ocl_dev_A100_80GB_PCIe.ir
Default platform: NVIDIA CUDA
Default device: #0, A100 80GB PCIe
OpenCL device #0: A100 80GB PCIe
############ Default Optimal (QUnit) ############
Filters: test_noisy_fidelity_2qb_nn_estimate
>>> 'test_noisy_fidelity_2qb_nn_estimate':
Circuit width: 54
Circuit layer depth (excluding factor of x2 for mirror validation): 10
For SDRP=1: 
Unitary fidelity: 4.59952e-10
Execution time: 0s
For SDRP=0.975: 
Unitary fidelity: 4.59953e-10
Execution time: 0s
For SDRP=0.95: 
Unitary fidelity: 4.59955e-10
Execution time: 0s
For SDRP=0.925: 
Unitary fidelity: 4.59956e-10
Execution time: 0s
For SDRP=0.9: 
Unitary fidelity: 4.59955e-10
Execution time: 0s
For SDRP=0.875: 
Unitary fidelity: 4.59953e-10
Execution time: 0s
For SDRP=0.85: 
Unitary fidelity: 6.0307e-10
Execution time: 0s
For SDRP=0.825: 
Unitary fidelity: 2.03868e-09
Execution time: 0s
For SDRP=0.8: 
Unitary fidelity: 2.74172e-09
Execution time: 0s
For SDRP=0.775: 
Unitary fidelity: 1.27069e-08
Execution time: 0s
For SDRP=0.75: 
Unitary fidelity: 1.99799e-08
Execution time: 0s
For SDRP=0.725: 
Unitary fidelity: 1.46153e-08
Execution time: 0s
For SDRP=0.7: 
Unitary fidelity: 2.89929e-08
Execution time: 0s
For SDRP=0.675: 
Unitary fidelity: 8.76916e-08
Execution time: 0s
For SDRP=0.65: 
Unitary fidelity: 1.43688e-07
Execution time: 0s
Random Seed: 1681074008 (Overridden by hardware generation!)
Device #0, Loaded binary from: /home/paperspace/.qrack/qrack_ocl_dev_A100_80GB_PCIe.ir
Default platform: NVIDIA CUDA
Default device: #0, A100 80GB PCIe
OpenCL device #0: A100 80GB PCIe
############ Default Optimal (QUnit) ############
Filters: test_noisy_fidelity_2qb_nn_estimate
>>> 'test_noisy_fidelity_2qb_nn_estimate':
Circuit width: 54
Circuit layer depth (excluding factor of x2 for mirror validation): 10
Random Seed: 1681074428 (Overridden by hardware generation!)
Device #0, Loaded binary from: /home/paperspace/.qrack/qrack_ocl_dev_A100_80GB_PCIe.ir
Default platform: NVIDIA CUDA
Default device: #0, A100 80GB PCIe
OpenCL device #0: A100 80GB PCIe
############ Default Optimal (QUnit) ############
Filters: test_noisy_fidelity_2qb_nn_estimate
>>> 'test_noisy_fidelity_2qb_nn_estimate':
Circuit width: 54
Circuit layer depth (excluding factor of x2 for mirror validation): 10
For SDRP=1: 
Unitary fidelity: 9.75927e-12
Execution time: 0s
For SDRP=0.975: 
Unitary fidelity: 9.75916e-12
Execution time: 0s
For SDRP=0.95: 
Unitary fidelity: 1.59177e-11
Execution time: 0s
For SDRP=0.925: 
Unitary fidelity: 3.68212e-11
Execution time: 0s

~~~~~~~~~~~~~~~~~~~~~~~~~~~~~~~~~~~~~~~~~~~~~~~~~~~~~~~~~~~~~~~~~~~~~~~~~~~~~~~
benchmarks is a Catch v2.13.7 host application.
Run with -? for options

Randomness seeded to: 1681074428

-------------------------------------------------------------------------------
test_noisy_fidelity_2qb_nn_estimate
-------------------------------------------------------------------------------
/home/paperspace/qrack/test/benchmarks.cpp:5697
...............................................................................

/home/paperspace/qrack/test/benchmarks.cpp:5697: FAILED:
due to unexpected exception with message:
  Cannot instantiate a QPager with greater capacity than environment variable
  QRACK_MAX_PAGING_QB.

===============================================================================
test cases: 1 | 1 failed
assertions: 1 | 1 failed

Random Seed: 1681074456 (Overridden by hardware generation!)
Device #0, Loaded binary from: /home/paperspace/.qrack/qrack_ocl_dev_A100_80GB_PCIe.ir
Default platform: NVIDIA CUDA
Default device: #0, A100 80GB PCIe
OpenCL device #0: A100 80GB PCIe
############ Default Optimal (QUnit) ############
Filters: test_noisy_fidelity_2qb_nn_estimate
>>> 'test_noisy_fidelity_2qb_nn_estimate':
Circuit width: 54
Circuit layer depth (excluding factor of x2 for mirror validation): 10
For SDRP=1: 
Unitary fidelity: 6.75556e-11
Execution time: 0s
For SDRP=0.975: 
Unitary fidelity: 6.75558e-11
Execution time: 0s
For SDRP=0.95: 
Unitary fidelity: 6.75558e-11
Execution time: 0s
For SDRP=0.925: 
Unitary fidelity: 2.30174e-10
Execution time: 0s
For SDRP=0.9: 
Unitary fidelity: 2.30175e-10
Execution time: 0s
For SDRP=0.875: 
Unitary fidelity: 2.30174e-10
Execution time: 0s
For SDRP=0.85: 
Unitary fidelity: 2.30175e-10
Execution time: 0s
For SDRP=0.825: 
Unitary fidelity: 4.45929e-10
Execution time: 0s
For SDRP=0.8: 
Unitary fidelity: 1.67336e-10
Execution time: 0s
For SDRP=0.775: 
Unitary fidelity: 7.8916e-10
Execution time: 0s
Random Seed: 1681075758 (Overridden by hardware generation!)
Device #0, Loaded binary from: /home/paperspace/.qrack/qrack_ocl_dev_A100_80GB_PCIe.ir
Default platform: NVIDIA CUDA
Default device: #0, A100 80GB PCIe
OpenCL device #0: A100 80GB PCIe
############ Default Optimal (QUnit) ############
Filters: test_noisy_fidelity_2qb_nn_estimate
>>> 'test_noisy_fidelity_2qb_nn_estimate':
Circuit width: 54
Circuit layer depth (excluding factor of x2 for mirror validation): 10
Random Seed: 1681076151 (Overridden by hardware generation!)
Device #0, Loaded binary from: /home/paperspace/.qrack/qrack_ocl_dev_A100_80GB_PCIe.ir
Default platform: NVIDIA CUDA
Default device: #0, A100 80GB PCIe
OpenCL device #0: A100 80GB PCIe
############ Default Optimal (QUnit) ############
Filters: test_noisy_fidelity_2qb_nn_estimate
>>> 'test_noisy_fidelity_2qb_nn_estimate':
Circuit width: 54
Circuit layer depth (excluding factor of x2 for mirror validation): 10
For SDRP=1: 
Unitary fidelity: 3.4251e-10
Execution time: 0s
For SDRP=0.975: 
Unitary fidelity: 3.42509e-10
Execution time: 0s
For SDRP=0.95: 
Unitary fidelity: 3.42507e-10
Execution time: 0s
For SDRP=0.925: 
Unitary fidelity: 3.4251e-10
Execution time: 0s
For SDRP=0.9: 
Unitary fidelity: 3.4251e-10
Execution time: 0s
For SDRP=0.875: 
Unitary fidelity: 6.93733e-10
Execution time: 0s
For SDRP=0.85: 
Unitary fidelity: 6.93738e-10
Execution time: 0s
For SDRP=0.825: 
Unitary fidelity: 9.0021e-10
Execution time: 0s
For SDRP=0.8: 
Unitary fidelity: 1.24858e-09
Execution time: 0s
For SDRP=0.775: 
Unitary fidelity: 1.24859e-09
Execution time: 0s
For SDRP=0.75: 
Unitary fidelity: 3.32175e-09
Execution time: 0s
For SDRP=0.725: 
Unitary fidelity: 1.05569e-08
Execution time: 0s
For SDRP=0.7: 
Unitary fidelity: 1.52735e-08
Execution time: 0s
For SDRP=0.675: 
Unitary fidelity: 2.20208e-08
Execution time: 1s
Random Seed: 1681076545 (Overridden by hardware generation!)
Device #0, Loaded binary from: /home/paperspace/.qrack/qrack_ocl_dev_A100_80GB_PCIe.ir
Default platform: NVIDIA CUDA
Default device: #0, A100 80GB PCIe
OpenCL device #0: A100 80GB PCIe
############ Default Optimal (QUnit) ############
Filters: test_noisy_fidelity_2qb_nn_estimate
>>> 'test_noisy_fidelity_2qb_nn_estimate':
Circuit width: 54
Circuit layer depth (excluding factor of x2 for mirror validation): 10
For SDRP=1: 
Unitary fidelity: 6.35358e-09
Execution time: 1s
For SDRP=0.975: 
Unitary fidelity: 6.35356e-09
Execution time: 1s
For SDRP=0.95: 
Unitary fidelity: 1.08612e-08
Execution time: 1s
For SDRP=0.925: 
Unitary fidelity: 1.00693e-08
Execution time: 2s
Random Seed: 1681077272 (Overridden by hardware generation!)
Device #0, Loaded binary from: /home/paperspace/.qrack/qrack_ocl_dev_A100_80GB_PCIe.ir
Default platform: NVIDIA CUDA
Default device: #0, A100 80GB PCIe
OpenCL device #0: A100 80GB PCIe
############ Default Optimal (QUnit) ############
Filters: test_noisy_fidelity_2qb_nn_estimate
>>> 'test_noisy_fidelity_2qb_nn_estimate':
Circuit width: 54
Circuit layer depth (excluding factor of x2 for mirror validation): 10
For SDRP=1: 
Unitary fidelity: 1.38686e-08
Execution time: 0s
For SDRP=0.975: 
Unitary fidelity: 1.06276e-08
Execution time: 0s
For SDRP=0.95: 
Unitary fidelity: 1.74355e-08
Execution time: 0s
For SDRP=0.925: 
Unitary fidelity: 1.74354e-08
Execution time: 0s
For SDRP=0.9: 
Unitary fidelity: 1.00531e-08
Execution time: 0s
For SDRP=0.875: 
Unitary fidelity: 1.99339e-08
Execution time: 0s
For SDRP=0.85: 
Unitary fidelity: 1.1049e-08
Execution time: 0s
For SDRP=0.825: 
Unitary fidelity: 7.94819e-09
Execution time: 0s
For SDRP=0.8: 
Unitary fidelity: 8.69932e-09
Execution time: 0s
For SDRP=0.775: 
Unitary fidelity: 8.6992e-09
Execution time: 0s
For SDRP=0.75: 
Unitary fidelity: 1.44914e-08
Execution time: 0s
Random Seed: 1681077682 (Overridden by hardware generation!)
Device #0, Loaded binary from: /home/paperspace/.qrack/qrack_ocl_dev_A100_80GB_PCIe.ir
Default platform: NVIDIA CUDA
Default device: #0, A100 80GB PCIe
OpenCL device #0: A100 80GB PCIe
############ Default Optimal (QUnit) ############
Filters: test_noisy_fidelity_2qb_nn_estimate
>>> 'test_noisy_fidelity_2qb_nn_estimate':
Circuit width: 54
Circuit layer depth (excluding factor of x2 for mirror validation): 10
For SDRP=1: 
Unitary fidelity: 9.10227e-12
Execution time: 0s
For SDRP=0.975: 
Unitary fidelity: 9.10204e-12
Execution time: 0s
For SDRP=0.95: 
Unitary fidelity: 9.10246e-12
Execution time: 0s
For SDRP=0.925: 
Unitary fidelity: 9.31599e-12
Execution time: 0s
For SDRP=0.9: 
Unitary fidelity: 1.46569e-11
Execution time: 0s
For SDRP=0.875: 
Unitary fidelity: 1.40698e-11
Execution time: 0s
For SDRP=0.85: 
Unitary fidelity: 1.28785e-11
Execution time: 0s
For SDRP=0.825: 
Unitary fidelity: 1.28785e-11
Execution time: 0s
For SDRP=0.8: 
Unitary fidelity: 1.81941e-11
Execution time: 0s
For SDRP=0.775: 
Unitary fidelity: 4.963e-11
Execution time: 1s
For SDRP=0.75: 
Unitary fidelity: 1.62843e-10
Execution time: 1s
Random Seed: 1681078094 (Overridden by hardware generation!)
Device #0, Loaded binary from: /home/paperspace/.qrack/qrack_ocl_dev_A100_80GB_PCIe.ir
Default platform: NVIDIA CUDA
Default device: #0, A100 80GB PCIe
OpenCL device #0: A100 80GB PCIe
############ Default Optimal (QUnit) ############
Filters: test_noisy_fidelity_2qb_nn_estimate
>>> 'test_noisy_fidelity_2qb_nn_estimate':
Circuit width: 54
Circuit layer depth (excluding factor of x2 for mirror validation): 10
For SDRP=1: 
Unitary fidelity: 3.43448e-09
Execution time: 0s
For SDRP=0.975: 
Unitary fidelity: 3.43447e-09
Execution time: 0s
For SDRP=0.95: 
Unitary fidelity: 3.43447e-09
Execution time: 0s
For SDRP=0.925: 
Unitary fidelity: 3.43446e-09
Execution time: 0s
For SDRP=0.9: 
Unitary fidelity: 3.33197e-09
Execution time: 0s
For SDRP=0.875: 
Unitary fidelity: 6.03513e-09
Execution time: 0s
For SDRP=0.85: 
Unitary fidelity: 6.03513e-09
Execution time: 0s
Random Seed: 1681078479 (Overridden by hardware generation!)
Device #0, Loaded binary from: /home/paperspace/.qrack/qrack_ocl_dev_A100_80GB_PCIe.ir
Default platform: NVIDIA CUDA
Default device: #0, A100 80GB PCIe
OpenCL device #0: A100 80GB PCIe
############ Default Optimal (QUnit) ############
Filters: test_noisy_fidelity_2qb_nn_estimate
>>> 'test_noisy_fidelity_2qb_nn_estimate':
Circuit width: 54
Circuit layer depth (excluding factor of x2 for mirror validation): 10
For SDRP=1: 
Unitary fidelity: 2.08036e-10
Execution time: 0s
For SDRP=0.975: 
Unitary fidelity: 4.13043e-10
Execution time: 0s
For SDRP=0.95: 
Unitary fidelity: 6.19535e-10
Execution time: 0s
For SDRP=0.925: 
Unitary fidelity: 1.25494e-09
Execution time: 0s
For SDRP=0.9: 
Unitary fidelity: 2.11631e-09
Execution time: 0s
For SDRP=0.875: 
Unitary fidelity: 2.11631e-09
Execution time: 0s
For SDRP=0.85: 
Unitary fidelity: 5.97584e-09
Execution time: 0s
For SDRP=0.825: 
Unitary fidelity: 5.9758e-09
Execution time: 0s
For SDRP=0.8: 
Unitary fidelity: 9.47413e-09
Execution time: 0s
For SDRP=0.775: 
Unitary fidelity: 1.54214e-08
Execution time: 0s
For SDRP=0.75: 
Unitary fidelity: 2.11745e-08
Execution time: 0s
For SDRP=0.725: 
Unitary fidelity: 6.04704e-08
Execution time: 0s
For SDRP=0.7: 
Unitary fidelity: 1.53143e-07
Execution time: 0s
Random Seed: 1681078903 (Overridden by hardware generation!)
Device #0, Loaded binary from: /home/paperspace/.qrack/qrack_ocl_dev_A100_80GB_PCIe.ir
Default platform: NVIDIA CUDA
Default device: #0, A100 80GB PCIe
OpenCL device #0: A100 80GB PCIe
############ Default Optimal (QUnit) ############
Filters: test_noisy_fidelity_2qb_nn_estimate
>>> 'test_noisy_fidelity_2qb_nn_estimate':
Circuit width: 54
Circuit layer depth (excluding factor of x2 for mirror validation): 10
For SDRP=1: 
Unitary fidelity: 3.11824e-09
Execution time: 0s
For SDRP=0.975: 
Unitary fidelity: 3.11826e-09
Execution time: 0s
For SDRP=0.95: 
Unitary fidelity: 3.11823e-09
Execution time: 0s
For SDRP=0.925: 
Unitary fidelity: 2.79145e-09
Execution time: 0s
For SDRP=0.9: 
Unitary fidelity: 3.81743e-09
Execution time: 0s
For SDRP=0.875: 
Unitary fidelity: 3.81744e-09
Execution time: 0s
For SDRP=0.85: 
Unitary fidelity: 1.84418e-09
Execution time: 0s
For SDRP=0.825: 
Unitary fidelity: 2.74807e-09
Execution time: 0s
For SDRP=0.8: 
Unitary fidelity: 2.74806e-09
Execution time: 0s
For SDRP=0.775: 
Unitary fidelity: 2.54795e-09
Execution time: 0s
For SDRP=0.75: 
Unitary fidelity: 3.04474e-09
Execution time: 0s
For SDRP=0.725: 
Unitary fidelity: 6.07391e-09
Execution time: 0s
For SDRP=0.7: 
Unitary fidelity: 1.43574e-08
Execution time: 0s
For SDRP=0.675: 
Unitary fidelity: 1.43575e-08
Execution time: 0s
Random Seed: 1681079325 (Overridden by hardware generation!)
Device #0, Loaded binary from: /home/paperspace/.qrack/qrack_ocl_dev_A100_80GB_PCIe.ir
Default platform: NVIDIA CUDA
Default device: #0, A100 80GB PCIe
OpenCL device #0: A100 80GB PCIe
############ Default Optimal (QUnit) ############
Filters: test_noisy_fidelity_2qb_nn_estimate
>>> 'test_noisy_fidelity_2qb_nn_estimate':
Circuit width: 54
Circuit layer depth (excluding factor of x2 for mirror validation): 10
Random Seed: 1681079734 (Overridden by hardware generation!)
Device #0, Loaded binary from: /home/paperspace/.qrack/qrack_ocl_dev_A100_80GB_PCIe.ir
Default platform: NVIDIA CUDA
Default device: #0, A100 80GB PCIe
OpenCL device #0: A100 80GB PCIe
############ Default Optimal (QUnit) ############
Filters: test_noisy_fidelity_2qb_nn_estimate
>>> 'test_noisy_fidelity_2qb_nn_estimate':
Circuit width: 54
Circuit layer depth (excluding factor of x2 for mirror validation): 10
For SDRP=1: 
Unitary fidelity: 1.51371e-09
Execution time: 1s
For SDRP=0.975: 
Unitary fidelity: 1.51369e-09
Execution time: 1s
For SDRP=0.95: 
Unitary fidelity: 1.5137e-09
Execution time: 1s
For SDRP=0.925: 
Unitary fidelity: 1.5137e-09
Execution time: 1s
Random Seed: 1681080161 (Overridden by hardware generation!)
Device #0, Loaded binary from: /home/paperspace/.qrack/qrack_ocl_dev_A100_80GB_PCIe.ir
Default platform: NVIDIA CUDA
Default device: #0, A100 80GB PCIe
OpenCL device #0: A100 80GB PCIe
############ Default Optimal (QUnit) ############
Filters: test_noisy_fidelity_2qb_nn_estimate
>>> 'test_noisy_fidelity_2qb_nn_estimate':
Circuit width: 54
Circuit layer depth (excluding factor of x2 for mirror validation): 10
For SDRP=1: 
Unitary fidelity: 1.72387e-10
Execution time: 0s
For SDRP=0.975: 
Unitary fidelity: 1.72385e-10
Execution time: 0s
For SDRP=0.95: 
Unitary fidelity: 1.72388e-10
Execution time: 0s
For SDRP=0.925: 
Unitary fidelity: 1.86977e-10
Execution time: 0s
For SDRP=0.9: 
Unitary fidelity: 1.86977e-10
Execution time: 0s
For SDRP=0.875: 
Unitary fidelity: 2.71389e-10
Execution time: 0s
For SDRP=0.85: 
Unitary fidelity: 2.71391e-10
Execution time: 0s
For SDRP=0.825: 
Unitary fidelity: 4.04213e-10
Execution time: 0s
For SDRP=0.8: 
Unitary fidelity: 6.62892e-10
Execution time: 0s
For SDRP=0.775: 
Unitary fidelity: 8.18302e-09
Execution time: 0s
For SDRP=0.75: 
Unitary fidelity: 1.21054e-08
Execution time: 0s
For SDRP=0.725: 
Unitary fidelity: 1.61994e-08
Execution time: 0s
For SDRP=0.7: 
Unitary fidelity: 3.72862e-07
Execution time: 0s
For SDRP=0.675: 
Unitary fidelity: 7.48364e-07
Execution time: 0s
For SDRP=0.65: 
Unitary fidelity: 2.11707e-06
Execution time: 0s
Random Seed: 1681080833 (Overridden by hardware generation!)
Device #0, Loaded binary from: /home/paperspace/.qrack/qrack_ocl_dev_A100_80GB_PCIe.ir
Default platform: NVIDIA CUDA
Default device: #0, A100 80GB PCIe
OpenCL device #0: A100 80GB PCIe
############ Default Optimal (QUnit) ############
Filters: test_noisy_fidelity_2qb_nn_estimate
>>> 'test_noisy_fidelity_2qb_nn_estimate':
Circuit width: 54
Circuit layer depth (excluding factor of x2 for mirror validation): 10
Random Seed: 1681081247 (Overridden by hardware generation!)
Device #0, Loaded binary from: /home/paperspace/.qrack/qrack_ocl_dev_A100_80GB_PCIe.ir
Default platform: NVIDIA CUDA
Default device: #0, A100 80GB PCIe
OpenCL device #0: A100 80GB PCIe
############ Default Optimal (QUnit) ############
Filters: test_noisy_fidelity_2qb_nn_estimate
>>> 'test_noisy_fidelity_2qb_nn_estimate':
Circuit width: 54
Circuit layer depth (excluding factor of x2 for mirror validation): 10
For SDRP=1: 
Unitary fidelity: 2.75125e-10
Execution time: 0s
For SDRP=0.975: 
Unitary fidelity: 4.16894e-10
Execution time: 0s
For SDRP=0.95: 
Unitary fidelity: 4.16893e-10
Execution time: 0s
For SDRP=0.925: 
Unitary fidelity: 1.42265e-10
Execution time: 0s
For SDRP=0.9: 
Unitary fidelity: 1.42265e-10
Execution time: 0s
For SDRP=0.875: 
Unitary fidelity: 1.42264e-10
Execution time: 0s
For SDRP=0.85: 
Unitary fidelity: 1.42264e-10
Execution time: 0s
Random Seed: 1681081658 (Overridden by hardware generation!)
Device #0, Loaded binary from: /home/paperspace/.qrack/qrack_ocl_dev_A100_80GB_PCIe.ir
Default platform: NVIDIA CUDA
Default device: #0, A100 80GB PCIe
OpenCL device #0: A100 80GB PCIe
############ Default Optimal (QUnit) ############
Filters: test_noisy_fidelity_2qb_nn_estimate
>>> 'test_noisy_fidelity_2qb_nn_estimate':
Circuit width: 54
Circuit layer depth (excluding factor of x2 for mirror validation): 10
For SDRP=1: 
Unitary fidelity: 7.66544e-11
Execution time: 0s
For SDRP=0.975: 
Unitary fidelity: 7.66542e-11
Execution time: 0s
For SDRP=0.95: 
Unitary fidelity: 1.42139e-10
Execution time: 0s
For SDRP=0.925: 
Unitary fidelity: 1.76839e-10
Execution time: 0s
For SDRP=0.9: 
Unitary fidelity: 1.33705e-10
Execution time: 0s
For SDRP=0.875: 
Unitary fidelity: 1.33705e-10
Execution time: 0s
For SDRP=0.85: 
Unitary fidelity: 1.33705e-10
Execution time: 0s
For SDRP=0.825: 
Unitary fidelity: 1.33704e-10
Execution time: 0s
For SDRP=0.8: 
Unitary fidelity: 2.09101e-10
Execution time: 0s
For SDRP=0.775: 
Unitary fidelity: 4.45919e-10
Execution time: 0s
For SDRP=0.75: 
Unitary fidelity: 2.83173e-10
Execution time: 0s
For SDRP=0.725: 
Unitary fidelity: 2.06461e-09
Execution time: 0s
For SDRP=0.7: 
Unitary fidelity: 3.99623e-09
Execution time: 0s
For SDRP=0.675: 
Unitary fidelity: 3.9173e-09
Execution time: 0s
For SDRP=0.65: 
Unitary fidelity: 4.60418e-08
Execution time: 0s
For SDRP=0.625: 
Unitary fidelity: 2.5763e-06
Execution time: 1s
For SDRP=0.6: 
Unitary fidelity: 6.47723e-06
Execution time: 1s
For SDRP=0.575: 
Unitary fidelity: 3.48504e-05
Execution time: 5s
For SDRP=0.55: 
Unitary fidelity: 3.13276e-05
Execution time: 5s
For SDRP=0.525: 
Unitary fidelity: 4.28661e-05
Execution time: 5s
For SDRP=0.5: 
Unitary fidelity: 5.78606e-05
Execution time: 5s
Random Seed: 1681082089 (Overridden by hardware generation!)
Device #0, Loaded binary from: /home/paperspace/.qrack/qrack_ocl_dev_A100_80GB_PCIe.ir
Default platform: NVIDIA CUDA
Default device: #0, A100 80GB PCIe
OpenCL device #0: A100 80GB PCIe
############ Default Optimal (QUnit) ############
Filters: test_noisy_fidelity_2qb_nn_estimate
>>> 'test_noisy_fidelity_2qb_nn_estimate':
Circuit width: 54
Circuit layer depth (excluding factor of x2 for mirror validation): 10
For SDRP=1: 
Unitary fidelity: 2.4203e-10
Execution time: 0s
For SDRP=0.975: 
Unitary fidelity: 2.42026e-10
Execution time: 0s
For SDRP=0.95: 
Unitary fidelity: 4.71981e-10
Execution time: 0s
For SDRP=0.925: 
Unitary fidelity: 4.71985e-10
Execution time: 0s
For SDRP=0.9: 
Unitary fidelity: 4.9759e-10
Execution time: 2s
For SDRP=0.875: 
Unitary fidelity: 2.82446e-10
Execution time: 1s
Random Seed: 1681082519 (Overridden by hardware generation!)
Device #0, Loaded binary from: /home/paperspace/.qrack/qrack_ocl_dev_A100_80GB_PCIe.ir
Default platform: NVIDIA CUDA
Default device: #0, A100 80GB PCIe
OpenCL device #0: A100 80GB PCIe
############ Default Optimal (QUnit) ############
Filters: test_noisy_fidelity_2qb_nn_estimate
>>> 'test_noisy_fidelity_2qb_nn_estimate':
Circuit width: 54
Circuit layer depth (excluding factor of x2 for mirror validation): 10
For SDRP=1: 
Unitary fidelity: 1.80599e-08
Execution time: 0s
For SDRP=0.975: 
Unitary fidelity: 1.806e-08
Execution time: 0s
For SDRP=0.95: 
Unitary fidelity: 1.806e-08
Execution time: 0s
For SDRP=0.925: 
Unitary fidelity: 1.80599e-08
Execution time: 0s
For SDRP=0.9: 
Unitary fidelity: 2.93264e-08
Execution time: 0s
For SDRP=0.875: 
Unitary fidelity: 2.93266e-08
Execution time: 0s
For SDRP=0.85: 
Unitary fidelity: 1.76967e-08
Execution time: 0s
For SDRP=0.825: 
Unitary fidelity: 4.30435e-08
Execution time: 0s
For SDRP=0.8: 
Unitary fidelity: 6.4593e-08
Execution time: 0s
For SDRP=0.775: 
Unitary fidelity: 7.00084e-08
Execution time: 0s
Random Seed: 1681083695 (Overridden by hardware generation!)
Device #0, Loaded binary from: /home/paperspace/.qrack/qrack_ocl_dev_A100_80GB_PCIe.ir
Default platform: NVIDIA CUDA
Default device: #0, A100 80GB PCIe
OpenCL device #0: A100 80GB PCIe
############ Default Optimal (QUnit) ############
Filters: test_noisy_fidelity_2qb_nn_estimate
>>> 'test_noisy_fidelity_2qb_nn_estimate':
Circuit width: 54
Circuit layer depth (excluding factor of x2 for mirror validation): 10
For SDRP=1: 
Unitary fidelity: 8.79656e-10
Execution time: 0s
For SDRP=0.975: 
Unitary fidelity: 8.79654e-10
Execution time: 0s
For SDRP=0.95: 
Unitary fidelity: 1.05807e-09
Execution time: 0s
For SDRP=0.925: 
Unitary fidelity: 1.05808e-09
Execution time: 0s
For SDRP=0.9: 
Unitary fidelity: 1.02013e-09
Execution time: 0s
For SDRP=0.875: 
Unitary fidelity: 1.02013e-09
Execution time: 0s
For SDRP=0.85: 
Unitary fidelity: 1.02013e-09
Execution time: 0s
For SDRP=0.825: 
Unitary fidelity: 1.02013e-09
Execution time: 0s
Random Seed: 1681083964 (Overridden by hardware generation!)
Device #0, Loaded binary from: /home/paperspace/.qrack/qrack_ocl_dev_A100_80GB_PCIe.ir
Default platform: NVIDIA CUDA
Default device: #0, A100 80GB PCIe
OpenCL device #0: A100 80GB PCIe
############ Default Optimal (QUnit) ############
Filters: test_noisy_fidelity_2qb_nn_estimate
>>> 'test_noisy_fidelity_2qb_nn_estimate':
Circuit width: 54
Circuit layer depth (excluding factor of x2 for mirror validation): 10
For SDRP=1: 
Unitary fidelity: 7.04711e-10
Execution time: 0s
For SDRP=0.975: 
Unitary fidelity: 3.76186e-09
Execution time: 0s
For SDRP=0.95: 
Unitary fidelity: 3.76186e-09
Execution time: 0s
For SDRP=0.925: 
Unitary fidelity: 3.76187e-09
Execution time: 0s
For SDRP=0.9: 
Unitary fidelity: 3.76185e-09
Execution time: 0s
For SDRP=0.875: 
Unitary fidelity: 4.98551e-09
Execution time: 0s
For SDRP=0.85: 
Unitary fidelity: 4.9855e-09
Execution time: 0s
For SDRP=0.825: 
Unitary fidelity: 4.9855e-09
Execution time: 0s
For SDRP=0.8: 
Unitary fidelity: 8.60066e-09
Execution time: 0s
For SDRP=0.775: 
Unitary fidelity: 1.13441e-08
Execution time: 0s
For SDRP=0.75: 
Unitary fidelity: 1.797e-08
Execution time: 0s
Random Seed: 1681084372 (Overridden by hardware generation!)
Device #0, Loaded binary from: /home/paperspace/.qrack/qrack_ocl_dev_A100_80GB_PCIe.ir
Default platform: NVIDIA CUDA
Default device: #0, A100 80GB PCIe
OpenCL device #0: A100 80GB PCIe
############ Default Optimal (QUnit) ############
Filters: test_noisy_fidelity_2qb_nn_estimate
>>> 'test_noisy_fidelity_2qb_nn_estimate':
Circuit width: 54
Circuit layer depth (excluding factor of x2 for mirror validation): 10
Random Seed: 1681084757 (Overridden by hardware generation!)
Device #0, Loaded binary from: /home/paperspace/.qrack/qrack_ocl_dev_A100_80GB_PCIe.ir
Default platform: NVIDIA CUDA
Default device: #0, A100 80GB PCIe
OpenCL device #0: A100 80GB PCIe
############ Default Optimal (QUnit) ############
Filters: test_noisy_fidelity_2qb_nn_estimate
>>> 'test_noisy_fidelity_2qb_nn_estimate':
Circuit width: 54
Circuit layer depth (excluding factor of x2 for mirror validation): 10
For SDRP=1: 
Unitary fidelity: 2.07326e-10
Execution time: 0s
For SDRP=0.975: 
Unitary fidelity: 2.07325e-10
Execution time: 0s
For SDRP=0.95: 
Unitary fidelity: 2.07325e-10
Execution time: 0s
For SDRP=0.925: 
Unitary fidelity: 2.07325e-10
Execution time: 0s
For SDRP=0.9: 
Unitary fidelity: 2.07324e-10
Execution time: 0s
For SDRP=0.875: 
Unitary fidelity: 2.07324e-10
Execution time: 0s
For SDRP=0.85: 
Unitary fidelity: 4.95636e-10
Execution time: 0s
Random Seed: 1681085165 (Overridden by hardware generation!)
Device #0, Loaded binary from: /home/paperspace/.qrack/qrack_ocl_dev_A100_80GB_PCIe.ir
Default platform: NVIDIA CUDA
Default device: #0, A100 80GB PCIe
OpenCL device #0: A100 80GB PCIe
############ Default Optimal (QUnit) ############
Filters: test_noisy_fidelity_2qb_nn_estimate
>>> 'test_noisy_fidelity_2qb_nn_estimate':
Circuit width: 54
Circuit layer depth (excluding factor of x2 for mirror validation): 10
For SDRP=1: 
Unitary fidelity: 5.39932e-11
Execution time: 1s
For SDRP=0.975: 
Unitary fidelity: 8.9492e-11
Execution time: 1s
For SDRP=0.95: 
Unitary fidelity: 8.94919e-11
Execution time: 1s
For SDRP=0.925: 
Unitary fidelity: 8.94922e-11
Execution time: 1s
Random Seed: 1681085869 (Overridden by hardware generation!)
Device #0, Loaded binary from: /home/paperspace/.qrack/qrack_ocl_dev_A100_80GB_PCIe.ir
Default platform: NVIDIA CUDA
Default device: #0, A100 80GB PCIe
OpenCL device #0: A100 80GB PCIe
############ Default Optimal (QUnit) ############
Filters: test_noisy_fidelity_2qb_nn_estimate
>>> 'test_noisy_fidelity_2qb_nn_estimate':
Circuit width: 54
Circuit layer depth (excluding factor of x2 for mirror validation): 10
Random Seed: 1681086269 (Overridden by hardware generation!)
Device #0, Loaded binary from: /home/paperspace/.qrack/qrack_ocl_dev_A100_80GB_PCIe.ir
Default platform: NVIDIA CUDA
Default device: #0, A100 80GB PCIe
OpenCL device #0: A100 80GB PCIe
############ Default Optimal (QUnit) ############
Filters: test_noisy_fidelity_2qb_nn_estimate
>>> 'test_noisy_fidelity_2qb_nn_estimate':
Circuit width: 54
Circuit layer depth (excluding factor of x2 for mirror validation): 10
For SDRP=1: 
Unitary fidelity: 2.22455e-10
Execution time: 0s
For SDRP=0.975: 
Unitary fidelity: 3.82149e-10
Execution time: 0s
For SDRP=0.95: 
Unitary fidelity: 3.8215e-10
Execution time: 0s
For SDRP=0.925: 
Unitary fidelity: 3.82147e-10
Execution time: 0s
For SDRP=0.9: 
Unitary fidelity: 3.82148e-10
Execution time: 0s
For SDRP=0.875: 
Unitary fidelity: 1.31605e-10
Execution time: 0s
For SDRP=0.85: 
Unitary fidelity: 1.31604e-10
Execution time: 0s
For SDRP=0.825: 
Unitary fidelity: 1.31605e-10
Execution time: 0s
Random Seed: 1681086681 (Overridden by hardware generation!)
Device #0, Loaded binary from: /home/paperspace/.qrack/qrack_ocl_dev_A100_80GB_PCIe.ir
Default platform: NVIDIA CUDA
Default device: #0, A100 80GB PCIe
OpenCL device #0: A100 80GB PCIe
############ Default Optimal (QUnit) ############
Filters: test_noisy_fidelity_2qb_nn_estimate
>>> 'test_noisy_fidelity_2qb_nn_estimate':
Circuit width: 54
Circuit layer depth (excluding factor of x2 for mirror validation): 10
For SDRP=1: 
Unitary fidelity: 3.48997e-10
Execution time: 0s
For SDRP=0.975: 
Unitary fidelity: 3.49001e-10
Execution time: 0s
For SDRP=0.95: 
Unitary fidelity: 3.48999e-10
Execution time: 0s
Random Seed: 1681087071 (Overridden by hardware generation!)
Device #0, Loaded binary from: /home/paperspace/.qrack/qrack_ocl_dev_A100_80GB_PCIe.ir
Default platform: NVIDIA CUDA
Default device: #0, A100 80GB PCIe
OpenCL device #0: A100 80GB PCIe
############ Default Optimal (QUnit) ############
Filters: test_noisy_fidelity_2qb_nn_estimate
>>> 'test_noisy_fidelity_2qb_nn_estimate':
Circuit width: 54
Circuit layer depth (excluding factor of x2 for mirror validation): 10
Random Seed: 1681087475 (Overridden by hardware generation!)
Device #0, Loaded binary from: /home/paperspace/.qrack/qrack_ocl_dev_A100_80GB_PCIe.ir
Default platform: NVIDIA CUDA
Default device: #0, A100 80GB PCIe
OpenCL device #0: A100 80GB PCIe
############ Default Optimal (QUnit) ############
Filters: test_noisy_fidelity_2qb_nn_estimate
>>> 'test_noisy_fidelity_2qb_nn_estimate':
Circuit width: 54
Circuit layer depth (excluding factor of x2 for mirror validation): 10
For SDRP=1: 
Unitary fidelity: 5.22858e-09
Execution time: 0s
For SDRP=0.975: 
Unitary fidelity: 5.80201e-09
Execution time: 0s
For SDRP=0.95: 
Unitary fidelity: 5.802e-09
Execution time: 0s
For SDRP=0.925: 
Unitary fidelity: 8.94758e-09
Execution time: 0s
For SDRP=0.9: 
Unitary fidelity: 8.22288e-09
Execution time: 0s
For SDRP=0.875: 
Unitary fidelity: 3.71948e-09
Execution time: 0s
For SDRP=0.85: 
Unitary fidelity: 4.37397e-09
Execution time: 0s
For SDRP=0.825: 
Unitary fidelity: 3.61251e-09
Execution time: 0s
For SDRP=0.8: 
Unitary fidelity: 1.20511e-08
Execution time: 0s
Random Seed: 1681087880 (Overridden by hardware generation!)
Device #0, Loaded binary from: /home/paperspace/.qrack/qrack_ocl_dev_A100_80GB_PCIe.ir
Default platform: NVIDIA CUDA
Default device: #0, A100 80GB PCIe
OpenCL device #0: A100 80GB PCIe
############ Default Optimal (QUnit) ############
Filters: test_noisy_fidelity_2qb_nn_estimate
>>> 'test_noisy_fidelity_2qb_nn_estimate':
Circuit width: 54
Circuit layer depth (excluding factor of x2 for mirror validation): 10
For SDRP=1: 
Unitary fidelity: 2.59808e-09
Execution time: 0s
For SDRP=0.975: 
Unitary fidelity: 2.59803e-09
Execution time: 0s
For SDRP=0.95: 
Unitary fidelity: 2.59803e-09
Execution time: 0s
For SDRP=0.925: 
Unitary fidelity: 2.59801e-09
Execution time: 0s
For SDRP=0.9: 
Unitary fidelity: 2.82191e-09
Execution time: 0s
For SDRP=0.875: 
Unitary fidelity: 3.68852e-09
Execution time: 0s
For SDRP=0.85: 
Unitary fidelity: 3.68846e-09
Execution time: 0s
For SDRP=0.825: 
Unitary fidelity: 2.53308e-09
Execution time: 0s
For SDRP=0.8: 
Unitary fidelity: 5.49443e-09
Execution time: 0s
For SDRP=0.775: 
Unitary fidelity: 5.73119e-09
Execution time: 0s
For SDRP=0.75: 
Unitary fidelity: 4.92356e-08
Execution time: 0s
Random Seed: 1681088292 (Overridden by hardware generation!)
Device #0, Loaded binary from: /home/paperspace/.qrack/qrack_ocl_dev_A100_80GB_PCIe.ir
Default platform: NVIDIA CUDA
Default device: #0, A100 80GB PCIe
OpenCL device #0: A100 80GB PCIe
############ Default Optimal (QUnit) ############
Filters: test_noisy_fidelity_2qb_nn_estimate
>>> 'test_noisy_fidelity_2qb_nn_estimate':
Circuit width: 54
Circuit layer depth (excluding factor of x2 for mirror validation): 10
For SDRP=1: 
Unitary fidelity: 3.87375e-10
Execution time: 0s
For SDRP=0.975: 
Unitary fidelity: 3.87376e-10
Execution time: 0s
For SDRP=0.95: 
Unitary fidelity: 1.15672e-09
Execution time: 1s
For SDRP=0.925: 
Unitary fidelity: 1.15672e-09
Execution time: 1s
For SDRP=0.9: 
Unitary fidelity: 1.15673e-09
Execution time: 1s
Random Seed: 1681088681 (Overridden by hardware generation!)
Device #0, Loaded binary from: /home/paperspace/.qrack/qrack_ocl_dev_A100_80GB_PCIe.ir
Default platform: NVIDIA CUDA
Default device: #0, A100 80GB PCIe
OpenCL device #0: A100 80GB PCIe
############ Default Optimal (QUnit) ############
Filters: test_noisy_fidelity_2qb_nn_estimate
>>> 'test_noisy_fidelity_2qb_nn_estimate':
Circuit width: 54
Circuit layer depth (excluding factor of x2 for mirror validation): 10
For SDRP=1: 
Unitary fidelity: 5.14182e-12
Execution time: 1s
For SDRP=0.975: 
Unitary fidelity: 5.14187e-12
Execution time: 1s
For SDRP=0.95: 
Unitary fidelity: 2.35716e-12
Execution time: 0s
For SDRP=0.925: 
Unitary fidelity: 3.14221e-12
Execution time: 0s
For SDRP=0.9: 
Unitary fidelity: 4.98455e-12
Execution time: 0s
For SDRP=0.875: 
Unitary fidelity: 2.0712e-11
Execution time: 0s
For SDRP=0.85: 
Unitary fidelity: 1.50063e-11
Execution time: 1s
Random Seed: 1681089165 (Overridden by hardware generation!)
Device #0, Loaded binary from: /home/paperspace/.qrack/qrack_ocl_dev_A100_80GB_PCIe.ir
Default platform: NVIDIA CUDA
Default device: #0, A100 80GB PCIe
OpenCL device #0: A100 80GB PCIe
############ Default Optimal (QUnit) ############
Filters: test_noisy_fidelity_2qb_nn_estimate
>>> 'test_noisy_fidelity_2qb_nn_estimate':
Circuit width: 54
Circuit layer depth (excluding factor of x2 for mirror validation): 10
Random Seed: 1681089588 (Overridden by hardware generation!)
Device #0, Loaded binary from: /home/paperspace/.qrack/qrack_ocl_dev_A100_80GB_PCIe.ir
Default platform: NVIDIA CUDA
Default device: #0, A100 80GB PCIe
OpenCL device #0: A100 80GB PCIe
############ Default Optimal (QUnit) ############
Filters: test_noisy_fidelity_2qb_nn_estimate
>>> 'test_noisy_fidelity_2qb_nn_estimate':
Circuit width: 54
Circuit layer depth (excluding factor of x2 for mirror validation): 10
For SDRP=1: 
Unitary fidelity: 1.34816e-08
Execution time: 0s
For SDRP=0.975: 
Unitary fidelity: 1.34816e-08
Execution time: 0s
For SDRP=0.95: 
Unitary fidelity: 1.34815e-08
Execution time: 0s
For SDRP=0.925: 
Unitary fidelity: 1.12679e-08
Execution time: 0s
For SDRP=0.9: 
Unitary fidelity: 3.54352e-09
Execution time: 0s
For SDRP=0.875: 
Unitary fidelity: 7.61704e-09
Execution time: 0s
For SDRP=0.85: 
Unitary fidelity: 7.61707e-09
Execution time: 0s
For SDRP=0.825: 
Unitary fidelity: 1.56725e-08
Execution time: 0s
For SDRP=0.8: 
Unitary fidelity: 5.78984e-08
Execution time: 0s
For SDRP=0.775: 
Unitary fidelity: 5.78987e-08
Execution time: 0s
For SDRP=0.75: 
Unitary fidelity: 5.78985e-08
Execution time: 0s
For SDRP=0.725: 
Unitary fidelity: 3.79938e-08
Execution time: 0s
For SDRP=0.7: 
Unitary fidelity: 9.76631e-08
Execution time: 0s
For SDRP=0.675: 
Unitary fidelity: 2.46619e-07
Execution time: 0s
For SDRP=0.65: 
Unitary fidelity: 7.44494e-07
Execution time: 0s
Random Seed: 1681089998 (Overridden by hardware generation!)
Device #0, Loaded binary from: /home/paperspace/.qrack/qrack_ocl_dev_A100_80GB_PCIe.ir
Default platform: NVIDIA CUDA
Default device: #0, A100 80GB PCIe
OpenCL device #0: A100 80GB PCIe
############ Default Optimal (QUnit) ############
Filters: test_noisy_fidelity_2qb_nn_estimate
>>> 'test_noisy_fidelity_2qb_nn_estimate':
Circuit width: 54
Circuit layer depth (excluding factor of x2 for mirror validation): 10
Random Seed: 1681090402 (Overridden by hardware generation!)
Device #0, Loaded binary from: /home/paperspace/.qrack/qrack_ocl_dev_A100_80GB_PCIe.ir
Default platform: NVIDIA CUDA
Default device: #0, A100 80GB PCIe
OpenCL device #0: A100 80GB PCIe
############ Default Optimal (QUnit) ############
Filters: test_noisy_fidelity_2qb_nn_estimate
>>> 'test_noisy_fidelity_2qb_nn_estimate':
Circuit width: 54
Circuit layer depth (excluding factor of x2 for mirror validation): 10
Random Seed: 1681090791 (Overridden by hardware generation!)
Device #0, Loaded binary from: /home/paperspace/.qrack/qrack_ocl_dev_A100_80GB_PCIe.ir
Default platform: NVIDIA CUDA
Default device: #0, A100 80GB PCIe
OpenCL device #0: A100 80GB PCIe
############ Default Optimal (QUnit) ############
Filters: test_noisy_fidelity_2qb_nn_estimate
>>> 'test_noisy_fidelity_2qb_nn_estimate':
Circuit width: 54
Circuit layer depth (excluding factor of x2 for mirror validation): 10
Random Seed: 1681091215 (Overridden by hardware generation!)
Device #0, Loaded binary from: /home/paperspace/.qrack/qrack_ocl_dev_A100_80GB_PCIe.ir
Default platform: NVIDIA CUDA
Default device: #0, A100 80GB PCIe
OpenCL device #0: A100 80GB PCIe
############ Default Optimal (QUnit) ############
Filters: test_noisy_fidelity_2qb_nn_estimate
>>> 'test_noisy_fidelity_2qb_nn_estimate':
Circuit width: 54
Circuit layer depth (excluding factor of x2 for mirror validation): 10
For SDRP=1: 
Unitary fidelity: 2.61242e-08
Execution time: 0s
For SDRP=0.975: 
Unitary fidelity: 2.61241e-08
Execution time: 0s
For SDRP=0.95: 
Unitary fidelity: 3.81086e-08
Execution time: 0s
For SDRP=0.925: 
Unitary fidelity: 3.81081e-08
Execution time: 0s
For SDRP=0.9: 
Unitary fidelity: 1.77917e-08
Execution time: 0s
For SDRP=0.875: 
Unitary fidelity: 1.12349e-08
Execution time: 0s
For SDRP=0.85: 
Unitary fidelity: 1.12347e-08
Execution time: 0s
For SDRP=0.825: 
Unitary fidelity: 1.1235e-08
Execution time: 0s
For SDRP=0.8: 
Unitary fidelity: 2.02416e-08
Execution time: 0s
For SDRP=0.775: 
Unitary fidelity: 5.84082e-08
Execution time: 0s
For SDRP=0.75: 
Unitary fidelity: 5.84082e-08
Execution time: 0s
Random Seed: 1681091479 (Overridden by hardware generation!)
Device #0, Loaded binary from: /home/paperspace/.qrack/qrack_ocl_dev_A100_80GB_PCIe.ir
Default platform: NVIDIA CUDA
Default device: #0, A100 80GB PCIe
OpenCL device #0: A100 80GB PCIe
############ Default Optimal (QUnit) ############
Filters: test_noisy_fidelity_2qb_nn_estimate
>>> 'test_noisy_fidelity_2qb_nn_estimate':
Circuit width: 54
Circuit layer depth (excluding factor of x2 for mirror validation): 10
For SDRP=1: 
Unitary fidelity: 1.73728e-09
Execution time: 0s
For SDRP=0.975: 
Unitary fidelity: 1.73729e-09
Execution time: 0s
For SDRP=0.95: 
Unitary fidelity: 2.57098e-09
Execution time: 0s
For SDRP=0.925: 
Unitary fidelity: 2.57099e-09
Execution time: 0s
For SDRP=0.9: 
Unitary fidelity: 1.49334e-09
Execution time: 0s
For SDRP=0.875: 
Unitary fidelity: 3.89574e-09
Execution time: 0s
For SDRP=0.85: 
Unitary fidelity: 6.41331e-09
Execution time: 0s
For SDRP=0.825: 
Unitary fidelity: 6.41334e-09
Execution time: 0s
For SDRP=0.8: 
Unitary fidelity: 8.33825e-09
Execution time: 0s
For SDRP=0.775: 
Unitary fidelity: 8.33826e-09
Execution time: 0s
For SDRP=0.75: 
Unitary fidelity: 8.33819e-09
Execution time: 0s
For SDRP=0.725: 
Unitary fidelity: 1.16846e-08
Execution time: 0s
For SDRP=0.7: 
Unitary fidelity: 9.37204e-08
Execution time: 0s
For SDRP=0.675: 
Unitary fidelity: 3.3363e-07
Execution time: 0s
For SDRP=0.65: 
Unitary fidelity: 3.33628e-07
Execution time: 0s
For SDRP=0.625: 
Unitary fidelity: 6.78049e-07
Execution time: 2s
For SDRP=0.6: 
Unitary fidelity: 9.86089e-07
Execution time: 2s
Random Seed: 1681092064 (Overridden by hardware generation!)
Device #0, Loaded binary from: /home/paperspace/.qrack/qrack_ocl_dev_A100_80GB_PCIe.ir
Default platform: NVIDIA CUDA
Default device: #0, A100 80GB PCIe
OpenCL device #0: A100 80GB PCIe
############ Default Optimal (QUnit) ############
Filters: test_noisy_fidelity_2qb_nn_estimate
>>> 'test_noisy_fidelity_2qb_nn_estimate':
Circuit width: 54
Circuit layer depth (excluding factor of x2 for mirror validation): 10
Random Seed: 1681092577 (Overridden by hardware generation!)
Device #0, Loaded binary from: /home/paperspace/.qrack/qrack_ocl_dev_A100_80GB_PCIe.ir
Default platform: NVIDIA CUDA
Default device: #0, A100 80GB PCIe
OpenCL device #0: A100 80GB PCIe
############ Default Optimal (QUnit) ############
Filters: test_noisy_fidelity_2qb_nn_estimate
>>> 'test_noisy_fidelity_2qb_nn_estimate':
Circuit width: 54
Circuit layer depth (excluding factor of x2 for mirror validation): 10
For SDRP=1: 
Unitary fidelity: 4.90178e-11
Execution time: 1s
For SDRP=0.975: 
Unitary fidelity: 4.90177e-11
Execution time: 1s
For SDRP=0.95: 
Unitary fidelity: 4.90177e-11
Execution time: 1s
For SDRP=0.925: 
Unitary fidelity: 4.9018e-11
Execution time: 1s
For SDRP=0.9: 
Unitary fidelity: 4.9018e-11
Execution time: 1s
For SDRP=0.875: 
Unitary fidelity: 4.90179e-11
Execution time: 1s
For SDRP=0.85: 
Unitary fidelity: 1.80166e-10
Execution time: 1s
Random Seed: 1681093092 (Overridden by hardware generation!)
Device #0, Loaded binary from: /home/paperspace/.qrack/qrack_ocl_dev_A100_80GB_PCIe.ir
Default platform: NVIDIA CUDA
Default device: #0, A100 80GB PCIe
OpenCL device #0: A100 80GB PCIe
############ Default Optimal (QUnit) ############
Filters: test_noisy_fidelity_2qb_nn_estimate
>>> 'test_noisy_fidelity_2qb_nn_estimate':
Circuit width: 54
Circuit layer depth (excluding factor of x2 for mirror validation): 10
For SDRP=1: 
Unitary fidelity: 9.02184e-11
Execution time: 0s
For SDRP=0.975: 
Unitary fidelity: 9.0219e-11
Execution time: 0s
For SDRP=0.95: 
Unitary fidelity: 2.2419e-10
Execution time: 0s
For SDRP=0.925: 
Unitary fidelity: 2.8962e-10
Execution time: 0s
For SDRP=0.9: 
Unitary fidelity: 2.89621e-10
Execution time: 0s
For SDRP=0.875: 
Unitary fidelity: 2.89622e-10
Execution time: 0s
For SDRP=0.85: 
Unitary fidelity: 5.08176e-09
Execution time: 0s
For SDRP=0.825: 
Unitary fidelity: 5.08176e-09
Execution time: 0s
For SDRP=0.8: 
Unitary fidelity: 1.76316e-08
Execution time: 0s
For SDRP=0.775: 
Unitary fidelity: 1.76317e-08
Execution time: 0s
For SDRP=0.75: 
Unitary fidelity: 1.70606e-08
Execution time: 0s
For SDRP=0.725: 
Unitary fidelity: 2.49631e-08
Execution time: 0s
For SDRP=0.7: 
Unitary fidelity: 2.49631e-08
Execution time: 0s
For SDRP=0.675: 
Unitary fidelity: 5.67425e-07
Execution time: 0s
For SDRP=0.65: 
Unitary fidelity: 4.43385e-06
Execution time: 0s
For SDRP=0.625: 
Unitary fidelity: 5.99064e-06
Execution time: 0s
Random Seed: 1681093403 (Overridden by hardware generation!)
Device #0, Loaded binary from: /home/paperspace/.qrack/qrack_ocl_dev_A100_80GB_PCIe.ir
Default platform: NVIDIA CUDA
Default device: #0, A100 80GB PCIe
OpenCL device #0: A100 80GB PCIe
############ Default Optimal (QUnit) ############
Filters: test_noisy_fidelity_2qb_nn_estimate
>>> 'test_noisy_fidelity_2qb_nn_estimate':
Circuit width: 54
Circuit layer depth (excluding factor of x2 for mirror validation): 10
Random Seed: 1681094120 (Overridden by hardware generation!)
Device #0, Loaded binary from: /home/paperspace/.qrack/qrack_ocl_dev_A100_80GB_PCIe.ir
Default platform: NVIDIA CUDA
Default device: #0, A100 80GB PCIe
OpenCL device #0: A100 80GB PCIe
############ Default Optimal (QUnit) ############
Filters: test_noisy_fidelity_2qb_nn_estimate
>>> 'test_noisy_fidelity_2qb_nn_estimate':
Circuit width: 54
Circuit layer depth (excluding factor of x2 for mirror validation): 10
For SDRP=1: 
Unitary fidelity: 4.31362e-11
Execution time: 1s
For SDRP=0.975: 
Unitary fidelity: 4.78832e-11
Execution time: 1s
For SDRP=0.95: 
Unitary fidelity: 2.9408e-11
Execution time: 0s
Random Seed: 1681094519 (Overridden by hardware generation!)
Device #0, Loaded binary from: /home/paperspace/.qrack/qrack_ocl_dev_A100_80GB_PCIe.ir
Default platform: NVIDIA CUDA
Default device: #0, A100 80GB PCIe
OpenCL device #0: A100 80GB PCIe
############ Default Optimal (QUnit) ############
Filters: test_noisy_fidelity_2qb_nn_estimate
>>> 'test_noisy_fidelity_2qb_nn_estimate':
Circuit width: 54
Circuit layer depth (excluding factor of x2 for mirror validation): 10
Random Seed: 1681094944 (Overridden by hardware generation!)
Device #0, Loaded binary from: /home/paperspace/.qrack/qrack_ocl_dev_A100_80GB_PCIe.ir
Default platform: NVIDIA CUDA
Default device: #0, A100 80GB PCIe
OpenCL device #0: A100 80GB PCIe
############ Default Optimal (QUnit) ############
Filters: test_noisy_fidelity_2qb_nn_estimate
>>> 'test_noisy_fidelity_2qb_nn_estimate':
Circuit width: 54
Circuit layer depth (excluding factor of x2 for mirror validation): 10
Random Seed: 1681095325 (Overridden by hardware generation!)
Device #0, Loaded binary from: /home/paperspace/.qrack/qrack_ocl_dev_A100_80GB_PCIe.ir
Default platform: NVIDIA CUDA
Default device: #0, A100 80GB PCIe
OpenCL device #0: A100 80GB PCIe
############ Default Optimal (QUnit) ############
Filters: test_noisy_fidelity_2qb_nn_estimate
>>> 'test_noisy_fidelity_2qb_nn_estimate':
Circuit width: 54
Circuit layer depth (excluding factor of x2 for mirror validation): 10
Random Seed: 1681095893 (Overridden by hardware generation!)
Device #0, Loaded binary from: /home/paperspace/.qrack/qrack_ocl_dev_A100_80GB_PCIe.ir
Default platform: NVIDIA CUDA
Default device: #0, A100 80GB PCIe
OpenCL device #0: A100 80GB PCIe
############ Default Optimal (QUnit) ############
Filters: test_noisy_fidelity_2qb_nn_estimate
>>> 'test_noisy_fidelity_2qb_nn_estimate':
Circuit width: 54
Circuit layer depth (excluding factor of x2 for mirror validation): 10
For SDRP=1: 
Unitary fidelity: 8.11128e-10
Execution time: 0s
For SDRP=0.975: 
Unitary fidelity: 8.1112e-10
Execution time: 0s
For SDRP=0.95: 
Unitary fidelity: 1.84028e-09
Execution time: 0s
For SDRP=0.925: 
Unitary fidelity: 2.50061e-09
Execution time: 0s
For SDRP=0.9: 
Unitary fidelity: 1.56138e-09
Execution time: 0s
For SDRP=0.875: 
Unitary fidelity: 1.56138e-09
Execution time: 0s
For SDRP=0.85: 
Unitary fidelity: 4.75147e-09
Execution time: 0s
For SDRP=0.825: 
Unitary fidelity: 4.47449e-09
Execution time: 0s
For SDRP=0.8: 
Unitary fidelity: 5.37161e-09
Execution time: 0s
For SDRP=0.775: 
Unitary fidelity: 9.19119e-09
Execution time: 0s
For SDRP=0.75: 
Unitary fidelity: 1.82341e-08
Execution time: 1s
Random Seed: 1681096293 (Overridden by hardware generation!)
Device #0, Loaded binary from: /home/paperspace/.qrack/qrack_ocl_dev_A100_80GB_PCIe.ir
Default platform: NVIDIA CUDA
Default device: #0, A100 80GB PCIe
OpenCL device #0: A100 80GB PCIe
############ Default Optimal (QUnit) ############
Filters: test_noisy_fidelity_2qb_nn_estimate
>>> 'test_noisy_fidelity_2qb_nn_estimate':
Circuit width: 54
Circuit layer depth (excluding factor of x2 for mirror validation): 10
For SDRP=1: 
Unitary fidelity: 1.80538e-11
Execution time: 0s
For SDRP=0.975: 
Unitary fidelity: 1.8054e-11
Execution time: 0s
For SDRP=0.95: 
Unitary fidelity: 2.44677e-11
Execution time: 0s
For SDRP=0.925: 
Unitary fidelity: 5.00105e-11
Execution time: 0s
For SDRP=0.9: 
Unitary fidelity: 8.07338e-11
Execution time: 0s
For SDRP=0.875: 
Unitary fidelity: 1.04569e-10
Execution time: 0s
For SDRP=0.85: 
Unitary fidelity: 2.40844e-10
Execution time: 0s
For SDRP=0.825: 
Unitary fidelity: 2.32102e-10
Execution time: 0s
For SDRP=0.8: 
Unitary fidelity: 4.2779e-10
Execution time: 0s
For SDRP=0.775: 
Unitary fidelity: 4.10611e-10
Execution time: 0s
For SDRP=0.75: 
Unitary fidelity: 2.28369e-09
Execution time: 0s
For SDRP=0.725: 
Unitary fidelity: 8.76084e-09
Execution time: 0s
For SDRP=0.7: 
Unitary fidelity: 1.11465e-08
Execution time: 0s
For SDRP=0.675: 
Unitary fidelity: 1.92945e-08
Execution time: 0s
For SDRP=0.65: 
Unitary fidelity: 2.75247e-07
Execution time: 0s
For SDRP=0.625: 
Unitary fidelity: 4.87663e-07
Execution time: 0s
For SDRP=0.6: 
Unitary fidelity: 4.42028e-06
Execution time: 0s
Random Seed: 1681096728 (Overridden by hardware generation!)
Device #0, Loaded binary from: /home/paperspace/.qrack/qrack_ocl_dev_A100_80GB_PCIe.ir
Default platform: NVIDIA CUDA
Default device: #0, A100 80GB PCIe
OpenCL device #0: A100 80GB PCIe
############ Default Optimal (QUnit) ############
Filters: test_noisy_fidelity_2qb_nn_estimate
>>> 'test_noisy_fidelity_2qb_nn_estimate':
Circuit width: 54
Circuit layer depth (excluding factor of x2 for mirror validation): 10
For SDRP=1: 
Unitary fidelity: 6.65773e-09
Execution time: 0s
For SDRP=0.975: 
Unitary fidelity: 5.10004e-09
Execution time: 0s
For SDRP=0.95: 
Unitary fidelity: 5.10004e-09
Execution time: 0s
For SDRP=0.925: 
Unitary fidelity: 5.10003e-09
Execution time: 0s
For SDRP=0.9: 
Unitary fidelity: 1.56201e-08
Execution time: 0s
For SDRP=0.875: 
Unitary fidelity: 1.04836e-08
Execution time: 0s
Random Seed: 1681097139 (Overridden by hardware generation!)
Device #0, Loaded binary from: /home/paperspace/.qrack/qrack_ocl_dev_A100_80GB_PCIe.ir
Default platform: NVIDIA CUDA
Default device: #0, A100 80GB PCIe
OpenCL device #0: A100 80GB PCIe
############ Default Optimal (QUnit) ############
Filters: test_noisy_fidelity_2qb_nn_estimate
>>> 'test_noisy_fidelity_2qb_nn_estimate':
Circuit width: 54
Circuit layer depth (excluding factor of x2 for mirror validation): 10
Random Seed: 1681097441 (Overridden by hardware generation!)
Device #0, Loaded binary from: /home/paperspace/.qrack/qrack_ocl_dev_A100_80GB_PCIe.ir
Default platform: NVIDIA CUDA
Default device: #0, A100 80GB PCIe
OpenCL device #0: A100 80GB PCIe
############ Default Optimal (QUnit) ############
Filters: test_noisy_fidelity_2qb_nn_estimate
>>> 'test_noisy_fidelity_2qb_nn_estimate':
Circuit width: 54
Circuit layer depth (excluding factor of x2 for mirror validation): 10
For SDRP=1: 
Unitary fidelity: 8.28322e-09
Execution time: 0s
For SDRP=0.975: 
Unitary fidelity: 8.28311e-09
Execution time: 0s
For SDRP=0.95: 
Unitary fidelity: 8.28314e-09
Execution time: 0s
For SDRP=0.925: 
Unitary fidelity: 8.28325e-09
Execution time: 0s
For SDRP=0.9: 
Unitary fidelity: 8.2832e-09
Execution time: 0s
For SDRP=0.875: 
Unitary fidelity: 8.28319e-09
Execution time: 0s
For SDRP=0.85: 
Unitary fidelity: 6.06611e-09
Execution time: 0s
For SDRP=0.825: 
Unitary fidelity: 6.0661e-09
Execution time: 0s
For SDRP=0.8: 
Unitary fidelity: 6.0661e-09
Execution time: 0s
For SDRP=0.775: 
Unitary fidelity: 6.06609e-09
Execution time: 0s
For SDRP=0.75: 
Unitary fidelity: 7.80611e-09
Execution time: 0s
For SDRP=0.725: 
Unitary fidelity: 1.61895e-08
Execution time: 0s
For SDRP=0.7: 
Unitary fidelity: 8.38661e-08
Execution time: 0s
For SDRP=0.675: 
Unitary fidelity: 5.80593e-08
Execution time: 0s
For SDRP=0.65: 
Unitary fidelity: 8.41247e-07
Execution time: 0s
For SDRP=0.625: 
Unitary fidelity: 8.41239e-07
Execution time: 0s
For SDRP=0.6: 
Unitary fidelity: 7.1049e-07
Execution time: 0s
For SDRP=0.575: 
Unitary fidelity: 1.43634e-06
Execution time: 0s
Random Seed: 1681097829 (Overridden by hardware generation!)
Device #0, Loaded binary from: /home/paperspace/.qrack/qrack_ocl_dev_A100_80GB_PCIe.ir
Default platform: NVIDIA CUDA
Default device: #0, A100 80GB PCIe
OpenCL device #0: A100 80GB PCIe
############ Default Optimal (QUnit) ############
Filters: test_noisy_fidelity_2qb_nn_estimate
>>> 'test_noisy_fidelity_2qb_nn_estimate':
Circuit width: 54
Circuit layer depth (excluding factor of x2 for mirror validation): 10
For SDRP=1: 
Unitary fidelity: 8.58361e-11
Execution time: 0s
For SDRP=0.975: 
Unitary fidelity: 8.58357e-11
Execution time: 0s
For SDRP=0.95: 
Unitary fidelity: 8.58354e-11
Execution time: 0s
For SDRP=0.925: 
Unitary fidelity: 8.58357e-11
Execution time: 0s
For SDRP=0.9: 
Unitary fidelity: 6.01742e-11
Execution time: 0s
For SDRP=0.875: 
Unitary fidelity: 5.97667e-11
Execution time: 0s
For SDRP=0.85: 
Unitary fidelity: 1.31449e-10
Execution time: 0s
For SDRP=0.825: 
Unitary fidelity: 5.79668e-10
Execution time: 0s
For SDRP=0.8: 
Unitary fidelity: 2.19647e-09
Execution time: 0s
For SDRP=0.775: 
Unitary fidelity: 2.47468e-09
Execution time: 0s
For SDRP=0.75: 
Unitary fidelity: 7.66534e-08
Execution time: 0s
For SDRP=0.725: 
Unitary fidelity: 5.39518e-08
Execution time: 0s
Random Seed: 1681098244 (Overridden by hardware generation!)
Device #0, Loaded binary from: /home/paperspace/.qrack/qrack_ocl_dev_A100_80GB_PCIe.ir
Default platform: NVIDIA CUDA
Default device: #0, A100 80GB PCIe
OpenCL device #0: A100 80GB PCIe
############ Default Optimal (QUnit) ############
Filters: test_noisy_fidelity_2qb_nn_estimate
>>> 'test_noisy_fidelity_2qb_nn_estimate':
Circuit width: 54
Circuit layer depth (excluding factor of x2 for mirror validation): 10
For SDRP=1: 
Unitary fidelity: 3.48756e-11
Execution time: 0s
For SDRP=0.975: 
Unitary fidelity: 3.4877e-11
Execution time: 0s
For SDRP=0.95: 
Unitary fidelity: 5.07867e-11
Execution time: 0s
For SDRP=0.925: 
Unitary fidelity: 6.94092e-11
Execution time: 0s
For SDRP=0.9: 
Unitary fidelity: 6.94088e-11
Execution time: 0s
For SDRP=0.875: 
Unitary fidelity: 2.2585e-11
Execution time: 0s
For SDRP=0.85: 
Unitary fidelity: 1.80182e-11
Execution time: 0s
For SDRP=0.825: 
Unitary fidelity: 1.8018e-11
Execution time: 0s
For SDRP=0.8: 
Unitary fidelity: 1.06978e-10
Execution time: 1s
For SDRP=0.775: 
Unitary fidelity: 1.19061e-09
Execution time: 1s
Random Seed: 1681098746 (Overridden by hardware generation!)
Device #0, Loaded binary from: /home/paperspace/.qrack/qrack_ocl_dev_A100_80GB_PCIe.ir
Default platform: NVIDIA CUDA
Default device: #0, A100 80GB PCIe
OpenCL device #0: A100 80GB PCIe
############ Default Optimal (QUnit) ############
Filters: test_noisy_fidelity_2qb_nn_estimate
>>> 'test_noisy_fidelity_2qb_nn_estimate':
Circuit width: 54
Circuit layer depth (excluding factor of x2 for mirror validation): 10
Random Seed: 1681099130 (Overridden by hardware generation!)
Device #0, Loaded binary from: /home/paperspace/.qrack/qrack_ocl_dev_A100_80GB_PCIe.ir
Default platform: NVIDIA CUDA
Default device: #0, A100 80GB PCIe
OpenCL device #0: A100 80GB PCIe
############ Default Optimal (QUnit) ############
Filters: test_noisy_fidelity_2qb_nn_estimate
>>> 'test_noisy_fidelity_2qb_nn_estimate':
Circuit width: 54
Circuit layer depth (excluding factor of x2 for mirror validation): 10
For SDRP=1: 
Unitary fidelity: 3.40286e-08
Execution time: 0s
For SDRP=0.975: 
Unitary fidelity: 3.40287e-08
Execution time: 0s
For SDRP=0.95: 
Unitary fidelity: 3.40286e-08
Execution time: 0s
For SDRP=0.925: 
Unitary fidelity: 3.40287e-08
Execution time: 0s
For SDRP=0.9: 
Unitary fidelity: 3.40285e-08
Execution time: 0s
For SDRP=0.875: 
Unitary fidelity: 3.40285e-08
Execution time: 0s
For SDRP=0.85: 
Unitary fidelity: 7.09618e-08
Execution time: 0s
For SDRP=0.825: 
Unitary fidelity: 9.48491e-08
Execution time: 0s
For SDRP=0.8: 
Unitary fidelity: 3.99193e-08
Execution time: 0s
For SDRP=0.775: 
Unitary fidelity: 5.03993e-08
Execution time: 0s
For SDRP=0.75: 
Unitary fidelity: 1.05886e-07
Execution time: 0s
For SDRP=0.725: 
Unitary fidelity: 1.87372e-07
Execution time: 0s
For SDRP=0.7: 
Unitary fidelity: 1.468e-07
Execution time: 1s
For SDRP=0.675: 
Unitary fidelity: 3.64246e-07
Execution time: 0s
Random Seed: 1681099518 (Overridden by hardware generation!)
Device #0, Loaded binary from: /home/paperspace/.qrack/qrack_ocl_dev_A100_80GB_PCIe.ir
Default platform: NVIDIA CUDA
Default device: #0, A100 80GB PCIe
OpenCL device #0: A100 80GB PCIe
############ Default Optimal (QUnit) ############
Filters: test_noisy_fidelity_2qb_nn_estimate
>>> 'test_noisy_fidelity_2qb_nn_estimate':
Circuit width: 54
Circuit layer depth (excluding factor of x2 for mirror validation): 10
For SDRP=1: 
Unitary fidelity: 2.69823e-11
Execution time: 0s
For SDRP=0.975: 
Unitary fidelity: 2.69818e-11
Execution time: 0s
For SDRP=0.95: 
Unitary fidelity: 3.63363e-11
Execution time: 0s
For SDRP=0.925: 
Unitary fidelity: 3.63362e-11
Execution time: 0s
For SDRP=0.9: 
Unitary fidelity: 1.3613e-11
Execution time: 0s
For SDRP=0.875: 
Unitary fidelity: 2.33052e-11
Execution time: 0s
For SDRP=0.85: 
Unitary fidelity: 2.56845e-10
Execution time: 1s
Random Seed: 1681099915 (Overridden by hardware generation!)
Device #0, Loaded binary from: /home/paperspace/.qrack/qrack_ocl_dev_A100_80GB_PCIe.ir
Default platform: NVIDIA CUDA
Default device: #0, A100 80GB PCIe
OpenCL device #0: A100 80GB PCIe
############ Default Optimal (QUnit) ############
Filters: test_noisy_fidelity_2qb_nn_estimate
>>> 'test_noisy_fidelity_2qb_nn_estimate':
Circuit width: 54
Circuit layer depth (excluding factor of x2 for mirror validation): 10
For SDRP=1: 
Unitary fidelity: 1.75149e-11
Execution time: 0s
For SDRP=0.975: 
Unitary fidelity: 1.75151e-11
Execution time: 0s
For SDRP=0.95: 
Unitary fidelity: 2.22792e-11
Execution time: 0s
For SDRP=0.925: 
Unitary fidelity: 2.22793e-11
Execution time: 0s
For SDRP=0.9: 
Unitary fidelity: 1.0816e-11
Execution time: 0s
For SDRP=0.875: 
Unitary fidelity: 1.30169e-11
Execution time: 0s
For SDRP=0.85: 
Unitary fidelity: 2.29296e-11
Execution time: 0s
For SDRP=0.825: 
Unitary fidelity: 2.29295e-11
Execution time: 0s
For SDRP=0.8: 
Unitary fidelity: 2.29296e-11
Execution time: 0s
For SDRP=0.775: 
Unitary fidelity: 1.73323e-10
Execution time: 0s
For SDRP=0.75: 
Unitary fidelity: 3.88292e-10
Execution time: 0s
For SDRP=0.725: 
Unitary fidelity: 1.94033e-09
Execution time: 1s
For SDRP=0.7: 
Unitary fidelity: 5.2676e-09
Execution time: 1s
Random Seed: 1681100337 (Overridden by hardware generation!)
Device #0, Loaded binary from: /home/paperspace/.qrack/qrack_ocl_dev_A100_80GB_PCIe.ir
Default platform: NVIDIA CUDA
Default device: #0, A100 80GB PCIe
OpenCL device #0: A100 80GB PCIe
############ Default Optimal (QUnit) ############
Filters: test_noisy_fidelity_2qb_nn_estimate
>>> 'test_noisy_fidelity_2qb_nn_estimate':
Circuit width: 54
Circuit layer depth (excluding factor of x2 for mirror validation): 10
For SDRP=1: 
Unitary fidelity: 1.02959e-09
Execution time: 0s
For SDRP=0.975: 
Unitary fidelity: 1.02958e-09
Execution time: 0s
For SDRP=0.95: 
Unitary fidelity: 1.94694e-09
Execution time: 0s
For SDRP=0.925: 
Unitary fidelity: 1.94693e-09
Execution time: 0s
Random Seed: 1681100597 (Overridden by hardware generation!)
Device #0, Loaded binary from: /home/paperspace/.qrack/qrack_ocl_dev_A100_80GB_PCIe.ir
Default platform: NVIDIA CUDA
Default device: #0, A100 80GB PCIe
OpenCL device #0: A100 80GB PCIe
############ Default Optimal (QUnit) ############
Filters: test_noisy_fidelity_2qb_nn_estimate
>>> 'test_noisy_fidelity_2qb_nn_estimate':
Circuit width: 54
Circuit layer depth (excluding factor of x2 for mirror validation): 10
For SDRP=1: 
Unitary fidelity: 2.99896e-08
Execution time: 0s
For SDRP=0.975: 
Unitary fidelity: 2.99899e-08
Execution time: 0s
For SDRP=0.95: 
Unitary fidelity: 2.99899e-08
Execution time: 0s
For SDRP=0.925: 
Unitary fidelity: 2.99899e-08
Execution time: 0s
For SDRP=0.9: 
Unitary fidelity: 2.99899e-08
Execution time: 0s
For SDRP=0.875: 
Unitary fidelity: 4.55027e-08
Execution time: 0s
For SDRP=0.85: 
Unitary fidelity: 3.31856e-08
Execution time: 0s
For SDRP=0.825: 
Unitary fidelity: 6.10117e-08
Execution time: 0s
For SDRP=0.8: 
Unitary fidelity: 1.23373e-07
Execution time: 0s
For SDRP=0.775: 
Unitary fidelity: 2.09795e-07
Execution time: 0s
For SDRP=0.75: 
Unitary fidelity: 3.98173e-07
Execution time: 0s
For SDRP=0.725: 
Unitary fidelity: 6.05268e-07
Execution time: 0s
For SDRP=0.7: 
Unitary fidelity: 9.34179e-07
Execution time: 0s
For SDRP=0.675: 
Unitary fidelity: 1.92521e-06
Execution time: 0s
Random Seed: 1681101005 (Overridden by hardware generation!)
Device #0, Loaded binary from: /home/paperspace/.qrack/qrack_ocl_dev_A100_80GB_PCIe.ir
Default platform: NVIDIA CUDA
Default device: #0, A100 80GB PCIe
OpenCL device #0: A100 80GB PCIe
############ Default Optimal (QUnit) ############
Filters: test_noisy_fidelity_2qb_nn_estimate
>>> 'test_noisy_fidelity_2qb_nn_estimate':
Circuit width: 54
Circuit layer depth (excluding factor of x2 for mirror validation): 10
For SDRP=1: 
Unitary fidelity: 1.92296e-08
Execution time: 0s
For SDRP=0.975: 
Unitary fidelity: 1.92296e-08
Execution time: 0s
For SDRP=0.95: 
Unitary fidelity: 1.92294e-08
Execution time: 0s
For SDRP=0.925: 
Unitary fidelity: 1.92295e-08
Execution time: 0s
For SDRP=0.9: 
Unitary fidelity: 4.75657e-08
Execution time: 0s
For SDRP=0.875: 
Unitary fidelity: 4.75657e-08
Execution time: 0s
For SDRP=0.85: 
Unitary fidelity: 1.08732e-07
Execution time: 0s
For SDRP=0.825: 
Unitary fidelity: 1.08732e-07
Execution time: 0s
For SDRP=0.8: 
Unitary fidelity: 1.08732e-07
Execution time: 0s
For SDRP=0.775: 
Unitary fidelity: 6.95175e-08
Execution time: 0s
For SDRP=0.75: 
Unitary fidelity: 7.04961e-08
Execution time: 0s
For SDRP=0.725: 
Unitary fidelity: 7.04299e-08
Execution time: 0s
For SDRP=0.7: 
Unitary fidelity: 2.51706e-07
Execution time: 0s
For SDRP=0.675: 
Unitary fidelity: 3.69766e-07
Execution time: 0s
For SDRP=0.65: 
Unitary fidelity: 3.69767e-07
Execution time: 0s
For SDRP=0.625: 
Unitary fidelity: 3.69767e-07
Execution time: 0s
For SDRP=0.6: 
Unitary fidelity: 1.49866e-06
Execution time: 0s
For SDRP=0.575: 
Unitary fidelity: 2.14068e-06
Execution time: 0s
Random Seed: 1681101428 (Overridden by hardware generation!)
Device #0, Loaded binary from: /home/paperspace/.qrack/qrack_ocl_dev_A100_80GB_PCIe.ir
Default platform: NVIDIA CUDA
Default device: #0, A100 80GB PCIe
OpenCL device #0: A100 80GB PCIe
############ Default Optimal (QUnit) ############
Filters: test_noisy_fidelity_2qb_nn_estimate
>>> 'test_noisy_fidelity_2qb_nn_estimate':
Circuit width: 54
Circuit layer depth (excluding factor of x2 for mirror validation): 10
For SDRP=1: 
Unitary fidelity: 2.35285e-09
Execution time: 0s
For SDRP=0.975: 
Unitary fidelity: 2.90319e-09
Execution time: 0s
For SDRP=0.95: 
Unitary fidelity: 2.9032e-09
Execution time: 0s
For SDRP=0.925: 
Unitary fidelity: 2.9032e-09
Execution time: 0s
For SDRP=0.9: 
Unitary fidelity: 2.9032e-09
Execution time: 0s
For SDRP=0.875: 
Unitary fidelity: 2.90319e-09
Execution time: 0s
For SDRP=0.85: 
Unitary fidelity: 2.32684e-09
Execution time: 0s
For SDRP=0.825: 
Unitary fidelity: 3.99576e-09
Execution time: 0s
For SDRP=0.8: 
Unitary fidelity: 4.52579e-09
Execution time: 0s
For SDRP=0.775: 
Unitary fidelity: 2.03816e-08
Execution time: 0s
For SDRP=0.75: 
Unitary fidelity: 2.82247e-08
Execution time: 0s
For SDRP=0.725: 
Unitary fidelity: 1.56159e-07
Execution time: 0s
For SDRP=0.7: 
Unitary fidelity: 2.30967e-07
Execution time: 0s
For SDRP=0.675: 
Unitary fidelity: 2.5292e-07
Execution time: 0s
For SDRP=0.65: 
Unitary fidelity: 1.80642e-07
Execution time: 1s
For SDRP=0.625: 
Unitary fidelity: 3.91694e-07
Execution time: 1s
For SDRP=0.6: 
Unitary fidelity: 5.54466e-07
Execution time: 1s
Random Seed: 1681101845 (Overridden by hardware generation!)
Device #0, Loaded binary from: /home/paperspace/.qrack/qrack_ocl_dev_A100_80GB_PCIe.ir
Default platform: NVIDIA CUDA
Default device: #0, A100 80GB PCIe
OpenCL device #0: A100 80GB PCIe
############ Default Optimal (QUnit) ############
Filters: test_noisy_fidelity_2qb_nn_estimate
>>> 'test_noisy_fidelity_2qb_nn_estimate':
Circuit width: 54
Circuit layer depth (excluding factor of x2 for mirror validation): 10
For SDRP=1: 
Unitary fidelity: 2.33654e-11
Execution time: 0s
For SDRP=0.975: 
Unitary fidelity: 2.33657e-11
Execution time: 0s
For SDRP=0.95: 
Unitary fidelity: 3.75428e-11
Execution time: 0s
For SDRP=0.925: 
Unitary fidelity: 3.10379e-11
Execution time: 0s
For SDRP=0.9: 
Unitary fidelity: 3.06624e-11
Execution time: 0s
For SDRP=0.875: 
Unitary fidelity: 1.48287e-10
Execution time: 0s
Random Seed: 1681102329 (Overridden by hardware generation!)
Device #0, Loaded binary from: /home/paperspace/.qrack/qrack_ocl_dev_A100_80GB_PCIe.ir
Default platform: NVIDIA CUDA
Default device: #0, A100 80GB PCIe
OpenCL device #0: A100 80GB PCIe
############ Default Optimal (QUnit) ############
Filters: test_noisy_fidelity_2qb_nn_estimate
>>> 'test_noisy_fidelity_2qb_nn_estimate':
Circuit width: 54
Circuit layer depth (excluding factor of x2 for mirror validation): 10
For SDRP=1: 
Unitary fidelity: 2.04064e-09
Execution time: 0s
For SDRP=0.975: 
Unitary fidelity: 2.04063e-09
Execution time: 0s
For SDRP=0.95: 
Unitary fidelity: 2.04063e-09
Execution time: 0s
For SDRP=0.925: 
Unitary fidelity: 2.04064e-09
Execution time: 0s
For SDRP=0.9: 
Unitary fidelity: 2.25197e-09
Execution time: 0s
For SDRP=0.875: 
Unitary fidelity: 9.76213e-10
Execution time: 0s
For SDRP=0.85: 
Unitary fidelity: 1.70863e-09
Execution time: 0s
For SDRP=0.825: 
Unitary fidelity: 2.61097e-08
Execution time: 0s
For SDRP=0.8: 
Unitary fidelity: 2.85323e-08
Execution time: 0s
For SDRP=0.775: 
Unitary fidelity: 2.85322e-08
Execution time: 0s
For SDRP=0.75: 
Unitary fidelity: 5.12253e-08
Execution time: 0s
For SDRP=0.725: 
Unitary fidelity: 5.12254e-08
Execution time: 0s
For SDRP=0.7: 
Unitary fidelity: 6.15118e-08
Execution time: 0s
Random Seed: 1681102754 (Overridden by hardware generation!)
Device #0, Loaded binary from: /home/paperspace/.qrack/qrack_ocl_dev_A100_80GB_PCIe.ir
Default platform: NVIDIA CUDA
Default device: #0, A100 80GB PCIe
OpenCL device #0: A100 80GB PCIe
############ Default Optimal (QUnit) ############
Filters: test_noisy_fidelity_2qb_nn_estimate
>>> 'test_noisy_fidelity_2qb_nn_estimate':
Circuit width: 54
Circuit layer depth (excluding factor of x2 for mirror validation): 10
For SDRP=1: 
Unitary fidelity: 7.72176e-10
Execution time: 0s
For SDRP=0.975: 
Unitary fidelity: 7.72175e-10
Execution time: 0s
For SDRP=0.95: 
Unitary fidelity: 7.72175e-10
Execution time: 0s
For SDRP=0.925: 
Unitary fidelity: 7.72181e-10
Execution time: 0s
For SDRP=0.9: 
Unitary fidelity: 7.72174e-10
Execution time: 0s
For SDRP=0.875: 
Unitary fidelity: 3.52535e-09
Execution time: 1s
Random Seed: 1681103217 (Overridden by hardware generation!)
Device #0, Loaded binary from: /home/paperspace/.qrack/qrack_ocl_dev_A100_80GB_PCIe.ir
Default platform: NVIDIA CUDA
Default device: #0, A100 80GB PCIe
OpenCL device #0: A100 80GB PCIe
############ Default Optimal (QUnit) ############
Filters: test_noisy_fidelity_2qb_nn_estimate
>>> 'test_noisy_fidelity_2qb_nn_estimate':
Circuit width: 54
Circuit layer depth (excluding factor of x2 for mirror validation): 10
For SDRP=1: 
Unitary fidelity: 3.70293e-10
Execution time: 0s
For SDRP=0.975: 
Unitary fidelity: 3.70291e-10
Execution time: 0s
For SDRP=0.95: 
Unitary fidelity: 3.70292e-10
Execution time: 0s
For SDRP=0.925: 
Unitary fidelity: 3.66903e-10
Execution time: 0s
For SDRP=0.9: 
Unitary fidelity: 3.24422e-10
Execution time: 0s
For SDRP=0.875: 
Unitary fidelity: 1.19285e-09
Execution time: 0s
For SDRP=0.85: 
Unitary fidelity: 5.2481e-09
Execution time: 0s
For SDRP=0.825: 
Unitary fidelity: 2.64572e-09
Execution time: 0s
For SDRP=0.8: 
Unitary fidelity: 1.62296e-08
Execution time: 2s
For SDRP=0.775: 
Unitary fidelity: 1.82819e-08
Execution time: 2s
Random Seed: 1681103630 (Overridden by hardware generation!)
Device #0, Loaded binary from: /home/paperspace/.qrack/qrack_ocl_dev_A100_80GB_PCIe.ir
Default platform: NVIDIA CUDA
Default device: #0, A100 80GB PCIe
OpenCL device #0: A100 80GB PCIe
############ Default Optimal (QUnit) ############
Filters: test_noisy_fidelity_2qb_nn_estimate
>>> 'test_noisy_fidelity_2qb_nn_estimate':
Circuit width: 54
Circuit layer depth (excluding factor of x2 for mirror validation): 10
Random Seed: 1681104020 (Overridden by hardware generation!)
Device #0, Loaded binary from: /home/paperspace/.qrack/qrack_ocl_dev_A100_80GB_PCIe.ir
Default platform: NVIDIA CUDA
Default device: #0, A100 80GB PCIe
OpenCL device #0: A100 80GB PCIe
############ Default Optimal (QUnit) ############
Filters: test_noisy_fidelity_2qb_nn_estimate
>>> 'test_noisy_fidelity_2qb_nn_estimate':
Circuit width: 54
Circuit layer depth (excluding factor of x2 for mirror validation): 10
Random Seed: 1681104442 (Overridden by hardware generation!)
Device #0, Loaded binary from: /home/paperspace/.qrack/qrack_ocl_dev_A100_80GB_PCIe.ir
Default platform: NVIDIA CUDA
Default device: #0, A100 80GB PCIe
OpenCL device #0: A100 80GB PCIe
############ Default Optimal (QUnit) ############
Filters: test_noisy_fidelity_2qb_nn_estimate
>>> 'test_noisy_fidelity_2qb_nn_estimate':
Circuit width: 54
Circuit layer depth (excluding factor of x2 for mirror validation): 10
For SDRP=1: 
Unitary fidelity: 1.04722e-13
Execution time: 0s
For SDRP=0.975: 
Unitary fidelity: 1.04722e-13
Execution time: 0s
For SDRP=0.95: 
Unitary fidelity: 1.04722e-13
Execution time: 0s
For SDRP=0.925: 
Unitary fidelity: 9.9412e-14
Execution time: 0s
For SDRP=0.9: 
Unitary fidelity: 9.94114e-14
Execution time: 0s
For SDRP=0.875: 
Unitary fidelity: 9.94119e-14
Execution time: 0s
For SDRP=0.85: 
Unitary fidelity: 2.37786e-13
Execution time: 0s
For SDRP=0.825: 
Unitary fidelity: 3.22296e-13
Execution time: 0s
For SDRP=0.8: 
Unitary fidelity: 7.32434e-13
Execution time: 0s
For SDRP=0.775: 
Unitary fidelity: 1.25846e-12
Execution time: 0s
For SDRP=0.75: 
Unitary fidelity: 7.85854e-13
Execution time: 0s
For SDRP=0.725: 
Unitary fidelity: 1.14785e-11
Execution time: 0s
Random Seed: 1681104865 (Overridden by hardware generation!)
Device #0, Loaded binary from: /home/paperspace/.qrack/qrack_ocl_dev_A100_80GB_PCIe.ir
Default platform: NVIDIA CUDA
Default device: #0, A100 80GB PCIe
OpenCL device #0: A100 80GB PCIe
############ Default Optimal (QUnit) ############
Filters: test_noisy_fidelity_2qb_nn_estimate
>>> 'test_noisy_fidelity_2qb_nn_estimate':
Circuit width: 54
Circuit layer depth (excluding factor of x2 for mirror validation): 10
For SDRP=1: 
Unitary fidelity: 1.65564e-11
Execution time: 0s
For SDRP=0.975: 
Unitary fidelity: 2.21132e-11
Execution time: 0s
For SDRP=0.95: 
Unitary fidelity: 2.98657e-11
Execution time: 0s
For SDRP=0.925: 
Unitary fidelity: 2.98659e-11
Execution time: 0s
For SDRP=0.9: 
Unitary fidelity: 2.98658e-11
Execution time: 0s
For SDRP=0.875: 
Unitary fidelity: 4.11369e-11
Execution time: 0s
For SDRP=0.85: 
Unitary fidelity: 4.56619e-11
Execution time: 0s
For SDRP=0.825: 
Unitary fidelity: 6.18606e-11
Execution time: 0s
For SDRP=0.8: 
Unitary fidelity: 1.31606e-10
Execution time: 0s
For SDRP=0.775: 
Unitary fidelity: 1.75467e-10
Execution time: 0s
For SDRP=0.75: 
Unitary fidelity: 4.07573e-10
Execution time: 0s
For SDRP=0.725: 
Unitary fidelity: 5.93736e-10
Execution time: 0s
For SDRP=0.7: 
Unitary fidelity: 1.56744e-09
Execution time: 0s
For SDRP=0.675: 
Unitary fidelity: 9.53462e-09
Execution time: 0s
For SDRP=0.65: 
Unitary fidelity: 4.64477e-08
Execution time: 0s
For SDRP=0.625: 
Unitary fidelity: 4.32453e-07
Execution time: 1s
Random Seed: 1681105281 (Overridden by hardware generation!)
Device #0, Loaded binary from: /home/paperspace/.qrack/qrack_ocl_dev_A100_80GB_PCIe.ir
Default platform: NVIDIA CUDA
Default device: #0, A100 80GB PCIe
OpenCL device #0: A100 80GB PCIe
############ Default Optimal (QUnit) ############
Filters: test_noisy_fidelity_2qb_nn_estimate
>>> 'test_noisy_fidelity_2qb_nn_estimate':
Circuit width: 54
Circuit layer depth (excluding factor of x2 for mirror validation): 10
Random Seed: 1681105672 (Overridden by hardware generation!)
Device #0, Loaded binary from: /home/paperspace/.qrack/qrack_ocl_dev_A100_80GB_PCIe.ir
Default platform: NVIDIA CUDA
Default device: #0, A100 80GB PCIe
OpenCL device #0: A100 80GB PCIe
############ Default Optimal (QUnit) ############
Filters: test_noisy_fidelity_2qb_nn_estimate
>>> 'test_noisy_fidelity_2qb_nn_estimate':
Circuit width: 54
Circuit layer depth (excluding factor of x2 for mirror validation): 10
Random Seed: 1681106072 (Overridden by hardware generation!)
Device #0, Loaded binary from: /home/paperspace/.qrack/qrack_ocl_dev_A100_80GB_PCIe.ir
Default platform: NVIDIA CUDA
Default device: #0, A100 80GB PCIe
OpenCL device #0: A100 80GB PCIe
############ Default Optimal (QUnit) ############
Filters: test_noisy_fidelity_2qb_nn_estimate
>>> 'test_noisy_fidelity_2qb_nn_estimate':
Circuit width: 54
Circuit layer depth (excluding factor of x2 for mirror validation): 10
For SDRP=1: 
Unitary fidelity: 7.29697e-10
Execution time: 0s
For SDRP=0.975: 
Unitary fidelity: 7.29693e-10
Execution time: 0s
For SDRP=0.95: 
Unitary fidelity: 2.21016e-09
Execution time: 0s
For SDRP=0.925: 
Unitary fidelity: 2.21017e-09
Execution time: 0s
For SDRP=0.9: 
Unitary fidelity: 1.52289e-09
Execution time: 0s
For SDRP=0.875: 
Unitary fidelity: 2.77649e-09
Execution time: 0s
For SDRP=0.85: 
Unitary fidelity: 2.77648e-09
Execution time: 0s
For SDRP=0.825: 
Unitary fidelity: 2.77648e-09
Execution time: 0s
For SDRP=0.8: 
Unitary fidelity: 4.75909e-09
Execution time: 0s
For SDRP=0.775: 
Unitary fidelity: 5.98598e-09
Execution time: 0s
For SDRP=0.75: 
Unitary fidelity: 2.10196e-08
Execution time: 0s
For SDRP=0.725: 
Unitary fidelity: 2.38577e-08
Execution time: 0s
For SDRP=0.7: 
Unitary fidelity: 6.44865e-08
Execution time: 0s
Random Seed: 1681106314 (Overridden by hardware generation!)
Device #0, Loaded binary from: /home/paperspace/.qrack/qrack_ocl_dev_A100_80GB_PCIe.ir
Default platform: NVIDIA CUDA
Default device: #0, A100 80GB PCIe
OpenCL device #0: A100 80GB PCIe
############ Default Optimal (QUnit) ############
Filters: test_noisy_fidelity_2qb_nn_estimate
>>> 'test_noisy_fidelity_2qb_nn_estimate':
Circuit width: 54
Circuit layer depth (excluding factor of x2 for mirror validation): 10
