Random Seed: 1680297074 (Overridden by hardware generation!)
Device #0, Loaded binary from: /home/paperspace/.qrack/qrack_ocl_dev_NVIDIA_A100-SXM4-80GB.ir
Default platform: NVIDIA CUDA
Default device: #0, NVIDIA A100-SXM4-80GB
OpenCL device #0: NVIDIA A100-SXM4-80GB
############ Default Optimal (QUnit) ############
Filters: test_noisy_fidelity_2qb_nn_estimate
>>> 'test_noisy_fidelity_2qb_nn_estimate':
Circuit width: 54
Circuit layer depth (excluding factor of x2 for mirror validation): 9
For SDRP=1: 
Unitary fidelity: 7.72725e-10
Execution time: 0s
For SDRP=0.975: 
Unitary fidelity: 7.72722e-10
Execution time: 0s
For SDRP=0.95: 
Unitary fidelity: 1.92767e-09
Execution time: 0s
For SDRP=0.925: 
Unitary fidelity: 1.92768e-09
Execution time: 0s
For SDRP=0.9: 
Unitary fidelity: 1.92767e-09
Execution time: 0s
For SDRP=0.875: 
Unitary fidelity: 1.92767e-09
Execution time: 0s
For SDRP=0.85: 
Unitary fidelity: 1.92767e-09
Execution time: 0s
For SDRP=0.825: 
Unitary fidelity: 7.75471e-10
Execution time: 0s
For SDRP=0.8: 
Unitary fidelity: 3.20088e-09
Execution time: 0s
For SDRP=0.775: 
Unitary fidelity: 1.38561e-08
Execution time: 0s
For SDRP=0.75: 
Unitary fidelity: 4.466e-08
Execution time: 0s
For SDRP=0.725: 
Unitary fidelity: 1.71903e-07
Execution time: 0s
For SDRP=0.7: 
Unitary fidelity: 1.778e-07
Execution time: 0s
For SDRP=0.675: 
Unitary fidelity: 2.43894e-06
Execution time: 0s
For SDRP=0.65: 
Unitary fidelity: 7.49933e-06
Execution time: 1s
For SDRP=0.625: 
Unitary fidelity: 2.12944e-05
Execution time: 0s
For SDRP=0.6: 
Unitary fidelity: 4.47403e-05
Execution time: 1s
Random Seed: 1680297424 (Overridden by hardware generation!)
Device #0, Loaded binary from: /home/paperspace/.qrack/qrack_ocl_dev_NVIDIA_A100-SXM4-80GB.ir
Default platform: NVIDIA CUDA
Default device: #0, NVIDIA A100-SXM4-80GB
OpenCL device #0: NVIDIA A100-SXM4-80GB
############ Default Optimal (QUnit) ############
Filters: test_noisy_fidelity_2qb_nn_estimate
>>> 'test_noisy_fidelity_2qb_nn_estimate':
Circuit width: 54
Circuit layer depth (excluding factor of x2 for mirror validation): 9
For SDRP=1: 
Unitary fidelity: 6.46357e-09
Execution time: 0s
For SDRP=0.975: 
Unitary fidelity: 6.46317e-09
Execution time: 0s
For SDRP=0.95: 
Unitary fidelity: 6.46297e-09
Execution time: 0s
For SDRP=0.925: 
Unitary fidelity: 6.99638e-09
Execution time: 0s
For SDRP=0.9: 
Unitary fidelity: 7.46927e-09
Execution time: 0s
For SDRP=0.875: 
Unitary fidelity: 1.81275e-08
Execution time: 0s
For SDRP=0.85: 
Unitary fidelity: 2.78655e-08
Execution time: 0s
For SDRP=0.825: 
Unitary fidelity: 3.82477e-08
Execution time: 0s
For SDRP=0.8: 
Unitary fidelity: 1.99842e-08
Execution time: 0s
For SDRP=0.775: 
Unitary fidelity: 6.32826e-08
Execution time: 0s
For SDRP=0.75: 
Unitary fidelity: 2.33483e-07
Execution time: 0s
For SDRP=0.725: 
Unitary fidelity: 1.6463e-07
Execution time: 1s
Random Seed: 1680297781 (Overridden by hardware generation!)
Device #0, Loaded binary from: /home/paperspace/.qrack/qrack_ocl_dev_NVIDIA_A100-SXM4-80GB.ir
Default platform: NVIDIA CUDA
Default device: #0, NVIDIA A100-SXM4-80GB
OpenCL device #0: NVIDIA A100-SXM4-80GB
############ Default Optimal (QUnit) ############
Filters: test_noisy_fidelity_2qb_nn_estimate
>>> 'test_noisy_fidelity_2qb_nn_estimate':
Circuit width: 54
Circuit layer depth (excluding factor of x2 for mirror validation): 9
For SDRP=1: 
Unitary fidelity: 3.68452e-11
Execution time: 0s
For SDRP=0.975: 
Unitary fidelity: 1.13558e-10
Execution time: 0s
For SDRP=0.95: 
Unitary fidelity: 1.13558e-10
Execution time: 0s
For SDRP=0.925: 
Unitary fidelity: 1.04793e-10
Execution time: 0s
For SDRP=0.9: 
Unitary fidelity: 6.93695e-10
Execution time: 0s
For SDRP=0.875: 
Unitary fidelity: 5.21734e-10
Execution time: 0s
For SDRP=0.85: 
Unitary fidelity: 4.69257e-09
Execution time: 0s
For SDRP=0.825: 
Unitary fidelity: 1.85769e-08
Execution time: 0s

~~~~~~~~~~~~~~~~~~~~~~~~~~~~~~~~~~~~~~~~~~~~~~~~~~~~~~~~~~~~~~~~~~~~~~~~~~~~~~~
benchmarks is a Catch v2.13.7 host application.
Run with -? for options

Randomness seeded to: 1680297781

-------------------------------------------------------------------------------
test_noisy_fidelity_2qb_nn_estimate
-------------------------------------------------------------------------------
/home/paperspace/qrack/test/benchmarks.cpp:5697
...............................................................................

/home/paperspace/qrack/test/benchmarks.cpp:5697: FAILED:
due to unexpected exception with message:
  Cannot instantiate a QPager with greater capacity than environment variable
  QRACK_MAX_PAGING_QB.

===============================================================================
test cases: 1 | 1 failed
assertions: 1 | 1 failed

Random Seed: 1680297804 (Overridden by hardware generation!)
Device #0, Loaded binary from: /home/paperspace/.qrack/qrack_ocl_dev_NVIDIA_A100-SXM4-80GB.ir
Default platform: NVIDIA CUDA
Default device: #0, NVIDIA A100-SXM4-80GB
OpenCL device #0: NVIDIA A100-SXM4-80GB
############ Default Optimal (QUnit) ############
Filters: test_noisy_fidelity_2qb_nn_estimate
>>> 'test_noisy_fidelity_2qb_nn_estimate':
Circuit width: 54
Circuit layer depth (excluding factor of x2 for mirror validation): 9
For SDRP=1: 
Unitary fidelity: 2.88922e-10
Execution time: 0s
For SDRP=0.975: 
Unitary fidelity: 2.88927e-10
Execution time: 0s
For SDRP=0.95: 
Unitary fidelity: 1.15961e-10
Execution time: 0s
For SDRP=0.925: 
Unitary fidelity: 1.15961e-10
Execution time: 0s
For SDRP=0.9: 
Unitary fidelity: 4.12569e-10
Execution time: 0s
For SDRP=0.875: 
Unitary fidelity: 4.43791e-10
Execution time: 0s
For SDRP=0.85: 
Unitary fidelity: 4.43786e-10
Execution time: 0s
For SDRP=0.825: 
Unitary fidelity: 4.43789e-10
Execution time: 0s
For SDRP=0.8: 
Unitary fidelity: 1.39223e-09
Execution time: 0s
For SDRP=0.775: 
Unitary fidelity: 1.39224e-09
Execution time: 0s
For SDRP=0.75: 
Unitary fidelity: 1.39224e-09
Execution time: 0s
Random Seed: 1680298159 (Overridden by hardware generation!)
Device #0, Loaded binary from: /home/paperspace/.qrack/qrack_ocl_dev_NVIDIA_A100-SXM4-80GB.ir
Default platform: NVIDIA CUDA
Default device: #0, NVIDIA A100-SXM4-80GB
OpenCL device #0: NVIDIA A100-SXM4-80GB
############ Default Optimal (QUnit) ############
Filters: test_noisy_fidelity_2qb_nn_estimate
>>> 'test_noisy_fidelity_2qb_nn_estimate':
Circuit width: 54
Circuit layer depth (excluding factor of x2 for mirror validation): 9

~~~~~~~~~~~~~~~~~~~~~~~~~~~~~~~~~~~~~~~~~~~~~~~~~~~~~~~~~~~~~~~~~~~~~~~~~~~~~~~
benchmarks is a Catch v2.13.7 host application.
Run with -? for options

Randomness seeded to: 1680298159

-------------------------------------------------------------------------------
test_noisy_fidelity_2qb_nn_estimate
-------------------------------------------------------------------------------
/home/paperspace/qrack/test/benchmarks.cpp:5697
...............................................................................

/home/paperspace/qrack/test/benchmarks.cpp:5697: FAILED:
due to unexpected exception with message:
  Cannot instantiate a QPager with greater capacity than environment variable
  QRACK_MAX_PAGING_QB.

===============================================================================
test cases: 1 | 1 failed
assertions: 1 | 1 failed

Random Seed: 1680298509 (Overridden by hardware generation!)
Device #0, Loaded binary from: /home/paperspace/.qrack/qrack_ocl_dev_NVIDIA_A100-SXM4-80GB.ir
Default platform: NVIDIA CUDA
Default device: #0, NVIDIA A100-SXM4-80GB
OpenCL device #0: NVIDIA A100-SXM4-80GB
############ Default Optimal (QUnit) ############
Filters: test_noisy_fidelity_2qb_nn_estimate
>>> 'test_noisy_fidelity_2qb_nn_estimate':
Circuit width: 54
Circuit layer depth (excluding factor of x2 for mirror validation): 9
For SDRP=1: 
Unitary fidelity: 4.78115e-12
Execution time: 0s
For SDRP=0.975: 
Unitary fidelity: 4.78105e-12
Execution time: 0s
For SDRP=0.95: 
Unitary fidelity: 4.78113e-12
Execution time: 0s
For SDRP=0.925: 
Unitary fidelity: 3.31411e-13
Execution time: 0s
For SDRP=0.9: 
Unitary fidelity: 7.83131e-12
Execution time: 1s
Random Seed: 1680298864 (Overridden by hardware generation!)
Device #0, Loaded binary from: /home/paperspace/.qrack/qrack_ocl_dev_NVIDIA_A100-SXM4-80GB.ir
Default platform: NVIDIA CUDA
Default device: #0, NVIDIA A100-SXM4-80GB
OpenCL device #0: NVIDIA A100-SXM4-80GB
############ Default Optimal (QUnit) ############
Filters: test_noisy_fidelity_2qb_nn_estimate
>>> 'test_noisy_fidelity_2qb_nn_estimate':
Circuit width: 54
Circuit layer depth (excluding factor of x2 for mirror validation): 9
For SDRP=1: 
Unitary fidelity: 3.24854e-10
Execution time: 0s
For SDRP=0.975: 
Unitary fidelity: 3.24859e-10
Execution time: 0s
For SDRP=0.95: 
Unitary fidelity: 6.39679e-10
Execution time: 0s
For SDRP=0.925: 
Unitary fidelity: 6.39686e-10
Execution time: 0s
For SDRP=0.9: 
Unitary fidelity: 6.39679e-10
Execution time: 0s
For SDRP=0.875: 
Unitary fidelity: 5.02466e-10
Execution time: 0s
For SDRP=0.85: 
Unitary fidelity: 6.94555e-10
Execution time: 0s
Random Seed: 1680299219 (Overridden by hardware generation!)
Device #0, Loaded binary from: /home/paperspace/.qrack/qrack_ocl_dev_NVIDIA_A100-SXM4-80GB.ir
Default platform: NVIDIA CUDA
Default device: #0, NVIDIA A100-SXM4-80GB
OpenCL device #0: NVIDIA A100-SXM4-80GB
############ Default Optimal (QUnit) ############
Filters: test_noisy_fidelity_2qb_nn_estimate
>>> 'test_noisy_fidelity_2qb_nn_estimate':
Circuit width: 54
Circuit layer depth (excluding factor of x2 for mirror validation): 9
For SDRP=1: 
Unitary fidelity: 1.03018e-09
Execution time: 0s
For SDRP=0.975: 
Unitary fidelity: 1.0302e-09
Execution time: 0s
For SDRP=0.95: 
Unitary fidelity: 7.95288e-09
Execution time: 0s
For SDRP=0.925: 
Unitary fidelity: 2.10479e-09
Execution time: 0s
For SDRP=0.9: 
Unitary fidelity: 2.10478e-09
Execution time: 0s
For SDRP=0.875: 
Unitary fidelity: 2.73148e-09
Execution time: 0s
For SDRP=0.85: 
Unitary fidelity: 2.73145e-09
Execution time: 0s
For SDRP=0.825: 
Unitary fidelity: 1.32665e-08
Execution time: 0s
Random Seed: 1680299568 (Overridden by hardware generation!)
Device #0, Loaded binary from: /home/paperspace/.qrack/qrack_ocl_dev_NVIDIA_A100-SXM4-80GB.ir
Default platform: NVIDIA CUDA
Default device: #0, NVIDIA A100-SXM4-80GB
OpenCL device #0: NVIDIA A100-SXM4-80GB
############ Default Optimal (QUnit) ############
Filters: test_noisy_fidelity_2qb_nn_estimate
>>> 'test_noisy_fidelity_2qb_nn_estimate':
Circuit width: 54
Circuit layer depth (excluding factor of x2 for mirror validation): 9
For SDRP=1: 
Unitary fidelity: 5.77002e-13
Execution time: 0s
For SDRP=0.975: 
Unitary fidelity: 2.85692e-12
Execution time: 0s
For SDRP=0.95: 
Unitary fidelity: 8.09966e-12
Execution time: 0s
For SDRP=0.925: 
Unitary fidelity: 1.66907e-11
Execution time: 1s
Random Seed: 1680299904 (Overridden by hardware generation!)
Device #0, Loaded binary from: /home/paperspace/.qrack/qrack_ocl_dev_NVIDIA_A100-SXM4-80GB.ir
Default platform: NVIDIA CUDA
Default device: #0, NVIDIA A100-SXM4-80GB
OpenCL device #0: NVIDIA A100-SXM4-80GB
############ Default Optimal (QUnit) ############
Filters: test_noisy_fidelity_2qb_nn_estimate
>>> 'test_noisy_fidelity_2qb_nn_estimate':
Circuit width: 54
Circuit layer depth (excluding factor of x2 for mirror validation): 9
For SDRP=1: 
Unitary fidelity: 1.06843e-07
Execution time: 0s
For SDRP=0.975: 
Unitary fidelity: 1.06844e-07
Execution time: 0s
For SDRP=0.95: 
Unitary fidelity: 1.06843e-07
Execution time: 0s
For SDRP=0.925: 
Unitary fidelity: 1.14849e-07
Execution time: 0s
For SDRP=0.9: 
Unitary fidelity: 1.30475e-07
Execution time: 0s
For SDRP=0.875: 
Unitary fidelity: 4.04669e-07
Execution time: 0s
For SDRP=0.85: 
Unitary fidelity: 5.24116e-07
Execution time: 0s
For SDRP=0.825: 
Unitary fidelity: 5.24118e-07
Execution time: 0s
For SDRP=0.8: 
Unitary fidelity: 1.23609e-06
Execution time: 0s
For SDRP=0.775: 
Unitary fidelity: 1.86314e-06
Execution time: 0s
For SDRP=0.75: 
Unitary fidelity: 2.01881e-06
Execution time: 0s
For SDRP=0.725: 
Unitary fidelity: 6.27139e-06
Execution time: 0s
For SDRP=0.7: 
Unitary fidelity: 6.2714e-06
Execution time: 0s
For SDRP=0.675: 
Unitary fidelity: 1.66453e-05
Execution time: 0s
For SDRP=0.65: 
Unitary fidelity: 8.74902e-05
Execution time: 0s
For SDRP=0.625: 
Unitary fidelity: 8.749e-05
Execution time: 0s
For SDRP=0.6: 
Unitary fidelity: 0.000267251
Execution time: 0s
For SDRP=0.575: 
Unitary fidelity: 0.000546875
Execution time: 0s
For SDRP=0.55: 
Unitary fidelity: 0.00123263
Execution time: 0s
For SDRP=0.525: 
Unitary fidelity: 0.00123263
Execution time: 0s
Random Seed: 1680300251 (Overridden by hardware generation!)
Device #0, Loaded binary from: /home/paperspace/.qrack/qrack_ocl_dev_NVIDIA_A100-SXM4-80GB.ir
Default platform: NVIDIA CUDA
Default device: #0, NVIDIA A100-SXM4-80GB
OpenCL device #0: NVIDIA A100-SXM4-80GB
############ Default Optimal (QUnit) ############
Filters: test_noisy_fidelity_2qb_nn_estimate
>>> 'test_noisy_fidelity_2qb_nn_estimate':
Circuit width: 54
Circuit layer depth (excluding factor of x2 for mirror validation): 9
Random Seed: 1680300604 (Overridden by hardware generation!)
Device #0, Loaded binary from: /home/paperspace/.qrack/qrack_ocl_dev_NVIDIA_A100-SXM4-80GB.ir
Default platform: NVIDIA CUDA
Default device: #0, NVIDIA A100-SXM4-80GB
OpenCL device #0: NVIDIA A100-SXM4-80GB
############ Default Optimal (QUnit) ############
Filters: test_noisy_fidelity_2qb_nn_estimate
>>> 'test_noisy_fidelity_2qb_nn_estimate':
Circuit width: 54
Circuit layer depth (excluding factor of x2 for mirror validation): 9
For SDRP=1: 
Unitary fidelity: 4.71713e-10
Execution time: 0s
For SDRP=0.975: 
Unitary fidelity: 4.71714e-10
Execution time: 0s
For SDRP=0.95: 
Unitary fidelity: 5.0635e-10
Execution time: 0s
For SDRP=0.925: 
Unitary fidelity: 5.06344e-10
Execution time: 0s
For SDRP=0.9: 
Unitary fidelity: 5.06345e-10
Execution time: 0s
For SDRP=0.875: 
Unitary fidelity: 2.9077e-10
Execution time: 0s
For SDRP=0.85: 
Unitary fidelity: 2.62206e-09
Execution time: 0s
For SDRP=0.825: 
Unitary fidelity: 7.19924e-09
Execution time: 0s
For SDRP=0.8: 
Unitary fidelity: 5.57698e-09
Execution time: 0s
For SDRP=0.775: 
Unitary fidelity: 1.3242e-08
Execution time: 0s
For SDRP=0.75: 
Unitary fidelity: 1.88868e-08
Execution time: 0s
For SDRP=0.725: 
Unitary fidelity: 3.7035e-07
Execution time: 0s
For SDRP=0.7: 
Unitary fidelity: 3.11201e-07
Execution time: 2s
For SDRP=0.675: 
Unitary fidelity: 1.12854e-06
Execution time: 4s
Random Seed: 1680300928 (Overridden by hardware generation!)
Device #0, Loaded binary from: /home/paperspace/.qrack/qrack_ocl_dev_NVIDIA_A100-SXM4-80GB.ir
Default platform: NVIDIA CUDA
Default device: #0, NVIDIA A100-SXM4-80GB
OpenCL device #0: NVIDIA A100-SXM4-80GB
############ Default Optimal (QUnit) ############
Filters: test_noisy_fidelity_2qb_nn_estimate
>>> 'test_noisy_fidelity_2qb_nn_estimate':
Circuit width: 54
Circuit layer depth (excluding factor of x2 for mirror validation): 9
For SDRP=1: 
Unitary fidelity: 4.48377e-10
Execution time: 0s
For SDRP=0.975: 
Unitary fidelity: 4.4838e-10
Execution time: 0s
For SDRP=0.95: 
Unitary fidelity: 4.48375e-10
Execution time: 0s
For SDRP=0.925: 
Unitary fidelity: 4.48378e-10
Execution time: 0s
For SDRP=0.9: 
Unitary fidelity: 7.79504e-10
Execution time: 0s
For SDRP=0.875: 
Unitary fidelity: 7.85944e-10
Execution time: 0s
For SDRP=0.85: 
Unitary fidelity: 1.57727e-09
Execution time: 0s
For SDRP=0.825: 
Unitary fidelity: 2.0919e-09
Execution time: 0s
For SDRP=0.8: 
Unitary fidelity: 1.42802e-09
Execution time: 0s
For SDRP=0.775: 
Unitary fidelity: 5.436e-09
Execution time: 0s
For SDRP=0.75: 
Unitary fidelity: 1.00038e-08
Execution time: 0s
For SDRP=0.725: 
Unitary fidelity: 3.79737e-08
Execution time: 0s
For SDRP=0.7: 
Unitary fidelity: 6.76217e-08
Execution time: 0s
For SDRP=0.675: 
Unitary fidelity: 6.30783e-08
Execution time: 0s
For SDRP=0.65: 
Unitary fidelity: 5.66054e-07
Execution time: 0s
For SDRP=0.625: 
Unitary fidelity: 4.16319e-06
Execution time: 0s
For SDRP=0.6: 
Unitary fidelity: 1.51165e-05
Execution time: 0s
For SDRP=0.575: 
Unitary fidelity: 1.33469e-05
Execution time: 0s

~~~~~~~~~~~~~~~~~~~~~~~~~~~~~~~~~~~~~~~~~~~~~~~~~~~~~~~~~~~~~~~~~~~~~~~~~~~~~~~
benchmarks is a Catch v2.13.7 host application.
Run with -? for options

Randomness seeded to: 1680300928

-------------------------------------------------------------------------------
test_noisy_fidelity_2qb_nn_estimate
-------------------------------------------------------------------------------
/home/paperspace/qrack/test/benchmarks.cpp:5697
...............................................................................

/home/paperspace/qrack/test/benchmarks.cpp:5697: FAILED:
due to unexpected exception with message:
  Cannot instantiate a QPager with greater capacity than environment variable
  QRACK_MAX_PAGING_QB.

===============================================================================
test cases: 1 | 1 failed
assertions: 1 | 1 failed

Random Seed: 1680301102 (Overridden by hardware generation!)
Device #0, Loaded binary from: /home/paperspace/.qrack/qrack_ocl_dev_NVIDIA_A100-SXM4-80GB.ir
Default platform: NVIDIA CUDA
Default device: #0, NVIDIA A100-SXM4-80GB
OpenCL device #0: NVIDIA A100-SXM4-80GB
############ Default Optimal (QUnit) ############
Filters: test_noisy_fidelity_2qb_nn_estimate
>>> 'test_noisy_fidelity_2qb_nn_estimate':
Circuit width: 54
Circuit layer depth (excluding factor of x2 for mirror validation): 9
For SDRP=1: 
Unitary fidelity: 1.51452e-10
Execution time: 0s
For SDRP=0.975: 
Unitary fidelity: 1.5144e-10
Execution time: 0s
For SDRP=0.95: 
Unitary fidelity: 1.51448e-10
Execution time: 0s
For SDRP=0.925: 
Unitary fidelity: 9.85915e-10
Execution time: 0s
For SDRP=0.9: 
Unitary fidelity: 9.85917e-10
Execution time: 0s
For SDRP=0.875: 
Unitary fidelity: 4.50376e-10
Execution time: 0s
For SDRP=0.85: 
Unitary fidelity: 2.48488e-09
Execution time: 0s
For SDRP=0.825: 
Unitary fidelity: 9.18662e-09
Execution time: 0s
For SDRP=0.8: 
Unitary fidelity: 1.12304e-08
Execution time: 0s
For SDRP=0.775: 
Unitary fidelity: 1.03389e-08
Execution time: 0s
For SDRP=0.75: 
Unitary fidelity: 5.44004e-07
Execution time: 0s
For SDRP=0.725: 
Unitary fidelity: 1.12447e-06
Execution time: 0s
For SDRP=0.7: 
Unitary fidelity: 1.06195e-05
Execution time: 0s
For SDRP=0.675: 
Unitary fidelity: 1.06195e-05
Execution time: 0s
For SDRP=0.65: 
Unitary fidelity: 3.55545e-05
Execution time: 1s
For SDRP=0.625: 
Unitary fidelity: 5.49977e-05
Execution time: 1s
For SDRP=0.6: 
Unitary fidelity: 0.000544552
Execution time: 1s
For SDRP=0.575: 
Unitary fidelity: 0.000589774
Execution time: 1s
Random Seed: 1680301398 (Overridden by hardware generation!)
Device #0, Loaded binary from: /home/paperspace/.qrack/qrack_ocl_dev_NVIDIA_A100-SXM4-80GB.ir
Default platform: NVIDIA CUDA
Default device: #0, NVIDIA A100-SXM4-80GB
OpenCL device #0: NVIDIA A100-SXM4-80GB
############ Default Optimal (QUnit) ############
Filters: test_noisy_fidelity_2qb_nn_estimate
>>> 'test_noisy_fidelity_2qb_nn_estimate':
Circuit width: 54
Circuit layer depth (excluding factor of x2 for mirror validation): 9
For SDRP=1: 
Unitary fidelity: 1.22158e-11
Execution time: 0s
For SDRP=0.975: 
Unitary fidelity: 5.95591e-11
Execution time: 0s
For SDRP=0.95: 
Unitary fidelity: 5.95605e-11
Execution time: 0s
For SDRP=0.925: 
Unitary fidelity: 6.83724e-10
Execution time: 0s
For SDRP=0.9: 
Unitary fidelity: 6.83722e-10
Execution time: 0s
For SDRP=0.875: 
Unitary fidelity: 6.83721e-10
Execution time: 0s
For SDRP=0.85: 
Unitary fidelity: 2.26771e-09
Execution time: 0s
For SDRP=0.825: 
Unitary fidelity: 2.26771e-09
Execution time: 0s
For SDRP=0.8: 
Unitary fidelity: 2.26771e-09
Execution time: 0s
Random Seed: 1680301742 (Overridden by hardware generation!)
Device #0, Loaded binary from: /home/paperspace/.qrack/qrack_ocl_dev_NVIDIA_A100-SXM4-80GB.ir
Default platform: NVIDIA CUDA
Default device: #0, NVIDIA A100-SXM4-80GB
OpenCL device #0: NVIDIA A100-SXM4-80GB
############ Default Optimal (QUnit) ############
Filters: test_noisy_fidelity_2qb_nn_estimate
>>> 'test_noisy_fidelity_2qb_nn_estimate':
Circuit width: 54
Circuit layer depth (excluding factor of x2 for mirror validation): 9
Random Seed: 1680302071 (Overridden by hardware generation!)
Device #0, Loaded binary from: /home/paperspace/.qrack/qrack_ocl_dev_NVIDIA_A100-SXM4-80GB.ir
Default platform: NVIDIA CUDA
Default device: #0, NVIDIA A100-SXM4-80GB
OpenCL device #0: NVIDIA A100-SXM4-80GB
############ Default Optimal (QUnit) ############
Filters: test_noisy_fidelity_2qb_nn_estimate
>>> 'test_noisy_fidelity_2qb_nn_estimate':
Circuit width: 54
Circuit layer depth (excluding factor of x2 for mirror validation): 9
For SDRP=1: 
Unitary fidelity: 3.8407e-08
Execution time: 1s
For SDRP=0.975: 
Unitary fidelity: 3.84071e-08
Execution time: 1s
For SDRP=0.95: 
Unitary fidelity: 3.8407e-08
Execution time: 1s
For SDRP=0.925: 
Unitary fidelity: 3.84072e-08
Execution time: 1s
For SDRP=0.9: 
Unitary fidelity: 3.84071e-08
Execution time: 1s
For SDRP=0.875: 
Unitary fidelity: 3.84069e-08
Execution time: 1s
For SDRP=0.85: 
Unitary fidelity: 6.55125e-08
Execution time: 2s
For SDRP=0.825: 
Unitary fidelity: 6.55124e-08
Execution time: 2s
For SDRP=0.8: 
Unitary fidelity: 6.5513e-08
Execution time: 2s
Random Seed: 1680302434 (Overridden by hardware generation!)
Device #0, Loaded binary from: /home/paperspace/.qrack/qrack_ocl_dev_NVIDIA_A100-SXM4-80GB.ir
Default platform: NVIDIA CUDA
Default device: #0, NVIDIA A100-SXM4-80GB
OpenCL device #0: NVIDIA A100-SXM4-80GB
############ Default Optimal (QUnit) ############
Filters: test_noisy_fidelity_2qb_nn_estimate
>>> 'test_noisy_fidelity_2qb_nn_estimate':
Circuit width: 54
Circuit layer depth (excluding factor of x2 for mirror validation): 9
Random Seed: 1680302776 (Overridden by hardware generation!)
Device #0, Loaded binary from: /home/paperspace/.qrack/qrack_ocl_dev_NVIDIA_A100-SXM4-80GB.ir
Default platform: NVIDIA CUDA
Default device: #0, NVIDIA A100-SXM4-80GB
OpenCL device #0: NVIDIA A100-SXM4-80GB
############ Default Optimal (QUnit) ############
Filters: test_noisy_fidelity_2qb_nn_estimate
>>> 'test_noisy_fidelity_2qb_nn_estimate':
Circuit width: 54
Circuit layer depth (excluding factor of x2 for mirror validation): 9
For SDRP=1: 
Unitary fidelity: 3.48974e-09
Execution time: 0s
For SDRP=0.975: 
Unitary fidelity: 3.48973e-09
Execution time: 0s
For SDRP=0.95: 
Unitary fidelity: 3.48974e-09
Execution time: 0s
For SDRP=0.925: 
Unitary fidelity: 3.48975e-09
Execution time: 0s
For SDRP=0.9: 
Unitary fidelity: 8.62117e-09
Execution time: 0s
For SDRP=0.875: 
Unitary fidelity: 8.62117e-09
Execution time: 0s
For SDRP=0.85: 
Unitary fidelity: 1.16262e-08
Execution time: 0s
For SDRP=0.825: 
Unitary fidelity: 2.02875e-08
Execution time: 0s
For SDRP=0.8: 
Unitary fidelity: 4.53186e-08
Execution time: 0s
For SDRP=0.775: 
Unitary fidelity: 1.02421e-07
Execution time: 0s
For SDRP=0.75: 
Unitary fidelity: 1.69488e-07
Execution time: 0s
For SDRP=0.725: 
Unitary fidelity: 1.69489e-07
Execution time: 0s
For SDRP=0.7: 
Unitary fidelity: 3.86777e-07
Execution time: 0s
For SDRP=0.675: 
Unitary fidelity: 3.10922e-07
Execution time: 0s
For SDRP=0.65: 
Unitary fidelity: 2.04959e-06
Execution time: 0s
For SDRP=0.625: 
Unitary fidelity: 1.85526e-06
Execution time: 0s
For SDRP=0.6: 
Unitary fidelity: 1.85526e-06
Execution time: 0s
For SDRP=0.575: 
Unitary fidelity: 1.79157e-05
Execution time: 0s
For SDRP=0.55: 
Unitary fidelity: 7.10581e-05
Execution time: 2s
Random Seed: 1680303119 (Overridden by hardware generation!)
Device #0, Loaded binary from: /home/paperspace/.qrack/qrack_ocl_dev_NVIDIA_A100-SXM4-80GB.ir
Default platform: NVIDIA CUDA
Default device: #0, NVIDIA A100-SXM4-80GB
OpenCL device #0: NVIDIA A100-SXM4-80GB
############ Default Optimal (QUnit) ############
Filters: test_noisy_fidelity_2qb_nn_estimate
>>> 'test_noisy_fidelity_2qb_nn_estimate':
Circuit width: 54
Circuit layer depth (excluding factor of x2 for mirror validation): 9
For SDRP=1: 
Unitary fidelity: 4.75733e-11
Execution time: 0s
For SDRP=0.975: 
Unitary fidelity: 4.75736e-11
Execution time: 0s
For SDRP=0.95: 
Unitary fidelity: 4.75729e-11
Execution time: 0s
For SDRP=0.925: 
Unitary fidelity: 1.93173e-10
Execution time: 0s
For SDRP=0.9: 
Unitary fidelity: 2.20197e-10
Execution time: 0s
For SDRP=0.875: 
Unitary fidelity: 1.29708e-09
Execution time: 0s
For SDRP=0.85: 
Unitary fidelity: 3.8587e-09
Execution time: 0s
For SDRP=0.825: 
Unitary fidelity: 9.29219e-09
Execution time: 0s
For SDRP=0.8: 
Unitary fidelity: 1.04004e-08
Execution time: 0s
For SDRP=0.775: 
Unitary fidelity: 1.72708e-07
Execution time: 0s
For SDRP=0.75: 
Unitary fidelity: 6.33216e-08
Execution time: 0s
For SDRP=0.725: 
Unitary fidelity: 1.27565e-07
Execution time: 0s
For SDRP=0.7: 
Unitary fidelity: 1.88756e-06
Execution time: 0s
For SDRP=0.675: 
Unitary fidelity: 6.14617e-06
Execution time: 0s
For SDRP=0.65: 
Unitary fidelity: 6.14617e-06
Execution time: 0s
For SDRP=0.625: 
Unitary fidelity: 2.56e-05
Execution time: 0s
For SDRP=0.6: 
Unitary fidelity: 0.000121057
Execution time: 0s
For SDRP=0.575: 
Unitary fidelity: 0.000684031
Execution time: 0s
For SDRP=0.55: 
Unitary fidelity: 0.00171132
Execution time: 0s
For SDRP=0.525: 
Unitary fidelity: 0.00325862
Execution time: 0s
For SDRP=0.5: 
Unitary fidelity: 0.00477943
Execution time: 0s
For SDRP=0.475: 
Unitary fidelity: 0.0066963
Execution time: 0s
For SDRP=0.45: 
Unitary fidelity: 0.00669629
Execution time: 0s
For SDRP=0.425: 
Unitary fidelity: 0.0118562
Execution time: 0s
For SDRP=0.4: 
Unitary fidelity: 0.0175081
Execution time: 0s
Random Seed: 1680303439 (Overridden by hardware generation!)
Device #0, Loaded binary from: /home/paperspace/.qrack/qrack_ocl_dev_NVIDIA_A100-SXM4-80GB.ir
Default platform: NVIDIA CUDA
Default device: #0, NVIDIA A100-SXM4-80GB
OpenCL device #0: NVIDIA A100-SXM4-80GB
############ Default Optimal (QUnit) ############
Filters: test_noisy_fidelity_2qb_nn_estimate
>>> 'test_noisy_fidelity_2qb_nn_estimate':
Circuit width: 54
Circuit layer depth (excluding factor of x2 for mirror validation): 9
For SDRP=1: 
Unitary fidelity: 1.18254e-08
Execution time: 0s
For SDRP=0.975: 
Unitary fidelity: 1.18254e-08
Execution time: 0s
For SDRP=0.95: 
Unitary fidelity: 1.18253e-08
Execution time: 0s
For SDRP=0.925: 
Unitary fidelity: 1.18253e-08
Execution time: 0s
For SDRP=0.9: 
Unitary fidelity: 1.18254e-08
Execution time: 0s
For SDRP=0.875: 
Unitary fidelity: 3.07876e-07
Execution time: 1s
For SDRP=0.85: 
Unitary fidelity: 5.15151e-07
Execution time: 1s
For SDRP=0.825: 
Unitary fidelity: 5.15149e-07
Execution time: 1s
Random Seed: 1680303784 (Overridden by hardware generation!)
Device #0, Loaded binary from: /home/paperspace/.qrack/qrack_ocl_dev_NVIDIA_A100-SXM4-80GB.ir
Default platform: NVIDIA CUDA
Default device: #0, NVIDIA A100-SXM4-80GB
OpenCL device #0: NVIDIA A100-SXM4-80GB
############ Default Optimal (QUnit) ############
Filters: test_noisy_fidelity_2qb_nn_estimate
>>> 'test_noisy_fidelity_2qb_nn_estimate':
Circuit width: 54
Circuit layer depth (excluding factor of x2 for mirror validation): 9
For SDRP=1: 
Unitary fidelity: 4.06625e-11
Execution time: 0s
For SDRP=0.975: 
Unitary fidelity: 7.95676e-11
Execution time: 0s
For SDRP=0.95: 
Unitary fidelity: 7.95681e-11
Execution time: 0s
For SDRP=0.925: 
Unitary fidelity: 1.00632e-10
Execution time: 0s
For SDRP=0.9: 
Unitary fidelity: 1.5551e-10
Execution time: 0s
For SDRP=0.875: 
Unitary fidelity: 4.49159e-10
Execution time: 0s
For SDRP=0.85: 
Unitary fidelity: 4.49165e-10
Execution time: 0s
For SDRP=0.825: 
Unitary fidelity: 5.06841e-10
Execution time: 1s
Random Seed: 1680304121 (Overridden by hardware generation!)
Device #0, Loaded binary from: /home/paperspace/.qrack/qrack_ocl_dev_NVIDIA_A100-SXM4-80GB.ir
Default platform: NVIDIA CUDA
Default device: #0, NVIDIA A100-SXM4-80GB
OpenCL device #0: NVIDIA A100-SXM4-80GB
############ Default Optimal (QUnit) ############
Filters: test_noisy_fidelity_2qb_nn_estimate
>>> 'test_noisy_fidelity_2qb_nn_estimate':
Circuit width: 54
Circuit layer depth (excluding factor of x2 for mirror validation): 9
For SDRP=1: 
Unitary fidelity: 3.0152e-09
Execution time: 0s
For SDRP=0.975: 
Unitary fidelity: 3.01521e-09
Execution time: 0s
For SDRP=0.95: 
Unitary fidelity: 3.01521e-09
Execution time: 0s
For SDRP=0.925: 
Unitary fidelity: 3.01521e-09
Execution time: 0s
For SDRP=0.9: 
Unitary fidelity: 3.01525e-09
Execution time: 0s
For SDRP=0.875: 
Unitary fidelity: 3.01519e-09
Execution time: 0s
For SDRP=0.85: 
Unitary fidelity: 3.01513e-09
Execution time: 0s
For SDRP=0.825: 
Unitary fidelity: 3.01525e-09
Execution time: 0s
For SDRP=0.8: 
Unitary fidelity: 3.01523e-09
Execution time: 0s
For SDRP=0.775: 
Unitary fidelity: 1.07585e-08
Execution time: 1s
For SDRP=0.75: 
Unitary fidelity: 1.52818e-08
Execution time: 1s
For SDRP=0.725: 
Unitary fidelity: 1.36757e-08
Execution time: 1s
Random Seed: 1680304469 (Overridden by hardware generation!)
Device #0, Loaded binary from: /home/paperspace/.qrack/qrack_ocl_dev_NVIDIA_A100-SXM4-80GB.ir
Default platform: NVIDIA CUDA
Default device: #0, NVIDIA A100-SXM4-80GB
OpenCL device #0: NVIDIA A100-SXM4-80GB
############ Default Optimal (QUnit) ############
Filters: test_noisy_fidelity_2qb_nn_estimate
>>> 'test_noisy_fidelity_2qb_nn_estimate':
Circuit width: 54
Circuit layer depth (excluding factor of x2 for mirror validation): 9
For SDRP=1: 
Unitary fidelity: 2.54085e-07
Execution time: 0s
For SDRP=0.975: 
Unitary fidelity: 2.54094e-07
Execution time: 0s
For SDRP=0.95: 
Unitary fidelity: 2.54064e-07
Execution time: 0s
For SDRP=0.925: 
Unitary fidelity: 9.14895e-07
Execution time: 0s
For SDRP=0.9: 
Unitary fidelity: 1.26327e-06
Execution time: 0s
For SDRP=0.875: 
Unitary fidelity: 1.26327e-06
Execution time: 0s
For SDRP=0.85: 
Unitary fidelity: 1.40376e-06
Execution time: 0s
For SDRP=0.825: 
Unitary fidelity: 1.40375e-06
Execution time: 0s
For SDRP=0.8: 
Unitary fidelity: 1.40375e-06
Execution time: 0s
For SDRP=0.775: 
Unitary fidelity: 2.67801e-06
Execution time: 1s
For SDRP=0.75: 
Unitary fidelity: 4.11913e-06
Execution time: 1s
For SDRP=0.725: 
Unitary fidelity: 6.33328e-06
Execution time: 2s
Random Seed: 1680304796 (Overridden by hardware generation!)
Device #0, Loaded binary from: /home/paperspace/.qrack/qrack_ocl_dev_NVIDIA_A100-SXM4-80GB.ir
Default platform: NVIDIA CUDA
Default device: #0, NVIDIA A100-SXM4-80GB
OpenCL device #0: NVIDIA A100-SXM4-80GB
############ Default Optimal (QUnit) ############
Filters: test_noisy_fidelity_2qb_nn_estimate
>>> 'test_noisy_fidelity_2qb_nn_estimate':
Circuit width: 54
Circuit layer depth (excluding factor of x2 for mirror validation): 9
Random Seed: 1680305134 (Overridden by hardware generation!)
Device #0, Loaded binary from: /home/paperspace/.qrack/qrack_ocl_dev_NVIDIA_A100-SXM4-80GB.ir
Default platform: NVIDIA CUDA
Default device: #0, NVIDIA A100-SXM4-80GB
OpenCL device #0: NVIDIA A100-SXM4-80GB
############ Default Optimal (QUnit) ############
Filters: test_noisy_fidelity_2qb_nn_estimate
>>> 'test_noisy_fidelity_2qb_nn_estimate':
Circuit width: 54
Circuit layer depth (excluding factor of x2 for mirror validation): 9
For SDRP=1: 
Unitary fidelity: 1.41507e-08
Execution time: 0s
For SDRP=0.975: 
Unitary fidelity: 1.6281e-08
Execution time: 0s
For SDRP=0.95: 
Unitary fidelity: 1.62809e-08
Execution time: 0s
For SDRP=0.925: 
Unitary fidelity: 1.62811e-08
Execution time: 0s
For SDRP=0.9: 
Unitary fidelity: 1.81725e-08
Execution time: 0s
For SDRP=0.875: 
Unitary fidelity: 1.81725e-08
Execution time: 0s
For SDRP=0.85: 
Unitary fidelity: 4.9334e-08
Execution time: 0s
For SDRP=0.825: 
Unitary fidelity: 1.24099e-07
Execution time: 0s
For SDRP=0.8: 
Unitary fidelity: 1.85394e-08
Execution time: 0s
For SDRP=0.775: 
Unitary fidelity: 7.43215e-08
Execution time: 0s
For SDRP=0.75: 
Unitary fidelity: 9.69831e-08
Execution time: 0s
For SDRP=0.725: 
Unitary fidelity: 9.69825e-08
Execution time: 0s
For SDRP=0.7: 
Unitary fidelity: 1.01032e-07
Execution time: 0s
For SDRP=0.675: 
Unitary fidelity: 1.25709e-07
Execution time: 0s
For SDRP=0.65: 
Unitary fidelity: 1.35125e-07
Execution time: 0s
For SDRP=0.625: 
Unitary fidelity: 1.71426e-07
Execution time: 0s
For SDRP=0.6: 
Unitary fidelity: 2.69225e-06
Execution time: 0s
Random Seed: 1680305317 (Overridden by hardware generation!)
Device #0, Loaded binary from: /home/paperspace/.qrack/qrack_ocl_dev_NVIDIA_A100-SXM4-80GB.ir
Default platform: NVIDIA CUDA
Default device: #0, NVIDIA A100-SXM4-80GB
OpenCL device #0: NVIDIA A100-SXM4-80GB
############ Default Optimal (QUnit) ############
Filters: test_noisy_fidelity_2qb_nn_estimate
>>> 'test_noisy_fidelity_2qb_nn_estimate':
Circuit width: 54
Circuit layer depth (excluding factor of x2 for mirror validation): 9
Random Seed: 1680305644 (Overridden by hardware generation!)
Device #0, Loaded binary from: /home/paperspace/.qrack/qrack_ocl_dev_NVIDIA_A100-SXM4-80GB.ir
Default platform: NVIDIA CUDA
Default device: #0, NVIDIA A100-SXM4-80GB
OpenCL device #0: NVIDIA A100-SXM4-80GB
############ Default Optimal (QUnit) ############
Filters: test_noisy_fidelity_2qb_nn_estimate
>>> 'test_noisy_fidelity_2qb_nn_estimate':
Circuit width: 54
Circuit layer depth (excluding factor of x2 for mirror validation): 9
Random Seed: 1680305969 (Overridden by hardware generation!)
Device #0, Loaded binary from: /home/paperspace/.qrack/qrack_ocl_dev_NVIDIA_A100-SXM4-80GB.ir
Default platform: NVIDIA CUDA
Default device: #0, NVIDIA A100-SXM4-80GB
OpenCL device #0: NVIDIA A100-SXM4-80GB
############ Default Optimal (QUnit) ############
Filters: test_noisy_fidelity_2qb_nn_estimate
>>> 'test_noisy_fidelity_2qb_nn_estimate':
Circuit width: 54
Circuit layer depth (excluding factor of x2 for mirror validation): 9
For SDRP=1: 
Unitary fidelity: 1.0187e-08
Execution time: 0s
For SDRP=0.975: 
Unitary fidelity: 1.0187e-08
Execution time: 0s
For SDRP=0.95: 
Unitary fidelity: 1.0187e-08
Execution time: 0s
For SDRP=0.925: 
Unitary fidelity: 1.01869e-08
Execution time: 0s
For SDRP=0.9: 
Unitary fidelity: 1.0187e-08
Execution time: 0s
For SDRP=0.875: 
Unitary fidelity: 1.74583e-08
Execution time: 0s
For SDRP=0.85: 
Unitary fidelity: 1.65936e-08
Execution time: 0s
For SDRP=0.825: 
Unitary fidelity: 2.70672e-09
Execution time: 1s
For SDRP=0.8: 
Unitary fidelity: 7.07502e-09
Execution time: 0s
Random Seed: 1680306302 (Overridden by hardware generation!)
Device #0, Loaded binary from: /home/paperspace/.qrack/qrack_ocl_dev_NVIDIA_A100-SXM4-80GB.ir
Default platform: NVIDIA CUDA
Default device: #0, NVIDIA A100-SXM4-80GB
OpenCL device #0: NVIDIA A100-SXM4-80GB
############ Default Optimal (QUnit) ############
Filters: test_noisy_fidelity_2qb_nn_estimate
>>> 'test_noisy_fidelity_2qb_nn_estimate':
Circuit width: 54
Circuit layer depth (excluding factor of x2 for mirror validation): 9
For SDRP=1: 
Unitary fidelity: 4.17405e-08
Execution time: 0s
For SDRP=0.975: 
Unitary fidelity: 4.86245e-08
Execution time: 0s
For SDRP=0.95: 
Unitary fidelity: 4.86245e-08
Execution time: 0s
For SDRP=0.925: 
Unitary fidelity: 4.86245e-08
Execution time: 0s
For SDRP=0.9: 
Unitary fidelity: 4.86241e-08
Execution time: 0s
For SDRP=0.875: 
Unitary fidelity: 4.86248e-08
Execution time: 0s
For SDRP=0.85: 
Unitary fidelity: 4.86243e-08
Execution time: 0s
For SDRP=0.825: 
Unitary fidelity: 4.95203e-08
Execution time: 0s
For SDRP=0.8: 
Unitary fidelity: 4.95204e-08
Execution time: 0s
For SDRP=0.775: 
Unitary fidelity: 3.52947e-08
Execution time: 0s
For SDRP=0.75: 
Unitary fidelity: 7.71907e-08
Execution time: 0s
For SDRP=0.725: 
Unitary fidelity: 8.28056e-08
Execution time: 0s
For SDRP=0.7: 
Unitary fidelity: 1.0464e-07
Execution time: 0s
For SDRP=0.675: 
Unitary fidelity: 1.04639e-07
Execution time: 0s
For SDRP=0.65: 
Unitary fidelity: 2.48702e-07
Execution time: 0s
For SDRP=0.625: 
Unitary fidelity: 3.82799e-07
Execution time: 0s
For SDRP=0.6: 
Unitary fidelity: 1.67215e-06
Execution time: 0s
For SDRP=0.575: 
Unitary fidelity: 1.12934e-06
Execution time: 0s
For SDRP=0.55: 
Unitary fidelity: 7.47492e-06
Execution time: 0s
For SDRP=0.525: 
Unitary fidelity: 7.59664e-05
Execution time: 0s
For SDRP=0.5: 
Unitary fidelity: 0.000131853
Execution time: 0s
Random Seed: 1680306558 (Overridden by hardware generation!)
Device #0, Loaded binary from: /home/paperspace/.qrack/qrack_ocl_dev_NVIDIA_A100-SXM4-80GB.ir
Default platform: NVIDIA CUDA
Default device: #0, NVIDIA A100-SXM4-80GB
OpenCL device #0: NVIDIA A100-SXM4-80GB
############ Default Optimal (QUnit) ############
Filters: test_noisy_fidelity_2qb_nn_estimate
>>> 'test_noisy_fidelity_2qb_nn_estimate':
Circuit width: 54
Circuit layer depth (excluding factor of x2 for mirror validation): 9
For SDRP=1: 
Unitary fidelity: 1.20611e-07
Execution time: 0s
For SDRP=0.975: 
Unitary fidelity: 1.20612e-07
Execution time: 0s
For SDRP=0.95: 
Unitary fidelity: 1.20609e-07
Execution time: 0s
For SDRP=0.925: 
Unitary fidelity: 1.20611e-07
Execution time: 0s
For SDRP=0.9: 
Unitary fidelity: 7.90764e-07
Execution time: 0s
For SDRP=0.875: 
Unitary fidelity: 7.9076e-07
Execution time: 0s
For SDRP=0.85: 
Unitary fidelity: 7.90767e-07
Execution time: 0s
For SDRP=0.825: 
Unitary fidelity: 7.90761e-07
Execution time: 0s
For SDRP=0.8: 
Unitary fidelity: 1.38331e-06
Execution time: 0s
For SDRP=0.775: 
Unitary fidelity: 1.38331e-06
Execution time: 0s
For SDRP=0.75: 
Unitary fidelity: 3.32473e-06
Execution time: 0s
For SDRP=0.725: 
Unitary fidelity: 4.43885e-06
Execution time: 0s
For SDRP=0.7: 
Unitary fidelity: 5.25185e-06
Execution time: 0s
For SDRP=0.675: 
Unitary fidelity: 8.97059e-06
Execution time: 0s
For SDRP=0.65: 
Unitary fidelity: 8.97057e-06
Execution time: 0s
For SDRP=0.625: 
Unitary fidelity: 4.73967e-05
Execution time: 0s
For SDRP=0.6: 
Unitary fidelity: 5.06203e-05
Execution time: 0s
For SDRP=0.575: 
Unitary fidelity: 0.000104989
Execution time: 0s
For SDRP=0.55: 
Unitary fidelity: 0.000757688
Execution time: 0s
For SDRP=0.525: 
Unitary fidelity: 0.000708681
Execution time: 0s
For SDRP=0.5: 
Unitary fidelity: 0.00132548
Execution time: 0s
For SDRP=0.475: 
Unitary fidelity: 0.00839074
Execution time: 0s
For SDRP=0.45: 
Unitary fidelity: 0.0194398
Execution time: 0s
For SDRP=0.425: 
Unitary fidelity: 0.0194398
Execution time: 0s
For SDRP=0.4: 
Unitary fidelity: 0.0252789
Execution time: 0s

~~~~~~~~~~~~~~~~~~~~~~~~~~~~~~~~~~~~~~~~~~~~~~~~~~~~~~~~~~~~~~~~~~~~~~~~~~~~~~~
benchmarks is a Catch v2.13.7 host application.
Run with -? for options

Randomness seeded to: 1680306558

-------------------------------------------------------------------------------
test_noisy_fidelity_2qb_nn_estimate
-------------------------------------------------------------------------------
/home/paperspace/qrack/test/benchmarks.cpp:5697
...............................................................................

/home/paperspace/qrack/test/benchmarks.cpp:5697: FAILED:
due to unexpected exception with message:
  Cannot instantiate a QPager with greater capacity than environment variable
  QRACK_MAX_PAGING_QB.

===============================================================================
test cases: 1 | 1 failed
assertions: 1 | 1 failed

Random Seed: 1680306650 (Overridden by hardware generation!)
Device #0, Loaded binary from: /home/paperspace/.qrack/qrack_ocl_dev_NVIDIA_A100-SXM4-80GB.ir
Default platform: NVIDIA CUDA
Default device: #0, NVIDIA A100-SXM4-80GB
OpenCL device #0: NVIDIA A100-SXM4-80GB
############ Default Optimal (QUnit) ############
Filters: test_noisy_fidelity_2qb_nn_estimate
>>> 'test_noisy_fidelity_2qb_nn_estimate':
Circuit width: 54
Circuit layer depth (excluding factor of x2 for mirror validation): 9
For SDRP=1: 
Unitary fidelity: 5.68251e-09
Execution time: 0s
For SDRP=0.975: 
Unitary fidelity: 5.68253e-09
Execution time: 0s
For SDRP=0.95: 
Unitary fidelity: 5.68256e-09
Execution time: 0s
For SDRP=0.925: 
Unitary fidelity: 1.56038e-08
Execution time: 0s
For SDRP=0.9: 
Unitary fidelity: 1.56038e-08
Execution time: 0s
For SDRP=0.875: 
Unitary fidelity: 6.42979e-09
Execution time: 0s
For SDRP=0.85: 
Unitary fidelity: 1.15532e-08
Execution time: 0s
For SDRP=0.825: 
Unitary fidelity: 6.98765e-09
Execution time: 0s
For SDRP=0.8: 
Unitary fidelity: 1.70033e-08
Execution time: 0s
For SDRP=0.775: 
Unitary fidelity: 8.57954e-08
Execution time: 0s
For SDRP=0.75: 
Unitary fidelity: 8.57954e-08
Execution time: 0s
Random Seed: 1680306998 (Overridden by hardware generation!)
Device #0, Loaded binary from: /home/paperspace/.qrack/qrack_ocl_dev_NVIDIA_A100-SXM4-80GB.ir
Default platform: NVIDIA CUDA
Default device: #0, NVIDIA A100-SXM4-80GB
OpenCL device #0: NVIDIA A100-SXM4-80GB
############ Default Optimal (QUnit) ############
Filters: test_noisy_fidelity_2qb_nn_estimate
>>> 'test_noisy_fidelity_2qb_nn_estimate':
Circuit width: 54
Circuit layer depth (excluding factor of x2 for mirror validation): 9
For SDRP=1: 
Unitary fidelity: 2.02096e-09
Execution time: 0s
For SDRP=0.975: 
Unitary fidelity: 2.32851e-09
Execution time: 0s
For SDRP=0.95: 
Unitary fidelity: 2.32853e-09
Execution time: 0s
For SDRP=0.925: 
Unitary fidelity: 8.9447e-10
Execution time: 0s
For SDRP=0.9: 
Unitary fidelity: 8.94467e-10
Execution time: 0s
Random Seed: 1680307313 (Overridden by hardware generation!)
Device #0, Loaded binary from: /home/paperspace/.qrack/qrack_ocl_dev_NVIDIA_A100-SXM4-80GB.ir
Default platform: NVIDIA CUDA
Default device: #0, NVIDIA A100-SXM4-80GB
OpenCL device #0: NVIDIA A100-SXM4-80GB
############ Default Optimal (QUnit) ############
Filters: test_noisy_fidelity_2qb_nn_estimate
>>> 'test_noisy_fidelity_2qb_nn_estimate':
Circuit width: 54
Circuit layer depth (excluding factor of x2 for mirror validation): 9
For SDRP=1: 
Unitary fidelity: 2.61288e-09
Execution time: 0s
For SDRP=0.975: 
Unitary fidelity: 2.61286e-09
Execution time: 0s
For SDRP=0.95: 
Unitary fidelity: 2.61289e-09
Execution time: 0s
For SDRP=0.925: 
Unitary fidelity: 3.26333e-09
Execution time: 0s
For SDRP=0.9: 
Unitary fidelity: 1.20781e-08
Execution time: 0s
For SDRP=0.875: 
Unitary fidelity: 3.88382e-08
Execution time: 0s
For SDRP=0.85: 
Unitary fidelity: 3.88381e-08
Execution time: 0s
For SDRP=0.825: 
Unitary fidelity: 2.54911e-08
Execution time: 0s
For SDRP=0.8: 
Unitary fidelity: 2.54912e-08
Execution time: 0s
For SDRP=0.775: 
Unitary fidelity: 4.68525e-08
Execution time: 0s
For SDRP=0.75: 
Unitary fidelity: 2.17379e-08
Execution time: 0s
For SDRP=0.725: 
Unitary fidelity: 6.14613e-08
Execution time: 0s
For SDRP=0.7: 
Unitary fidelity: 3.45034e-07
Execution time: 0s
For SDRP=0.675: 
Unitary fidelity: 9.35593e-07
Execution time: 0s
For SDRP=0.65: 
Unitary fidelity: 3.02616e-06
Execution time: 0s
For SDRP=0.625: 
Unitary fidelity: 3.02618e-06
Execution time: 0s
For SDRP=0.6: 
Unitary fidelity: 3.67713e-05
Execution time: 1s
Random Seed: 1680307672 (Overridden by hardware generation!)
Device #0, Loaded binary from: /home/paperspace/.qrack/qrack_ocl_dev_NVIDIA_A100-SXM4-80GB.ir
Default platform: NVIDIA CUDA
Default device: #0, NVIDIA A100-SXM4-80GB
OpenCL device #0: NVIDIA A100-SXM4-80GB
############ Default Optimal (QUnit) ############
Filters: test_noisy_fidelity_2qb_nn_estimate
>>> 'test_noisy_fidelity_2qb_nn_estimate':
Circuit width: 54
Circuit layer depth (excluding factor of x2 for mirror validation): 9
For SDRP=1: 
Unitary fidelity: 1.15558e-09
Execution time: 0s
For SDRP=0.975: 
Unitary fidelity: 8.15644e-10
Execution time: 0s
For SDRP=0.95: 
Unitary fidelity: 1.11574e-09
Execution time: 0s
For SDRP=0.925: 
Unitary fidelity: 1.11575e-09
Execution time: 0s
For SDRP=0.9: 
Unitary fidelity: 1.11575e-09
Execution time: 0s
For SDRP=0.875: 
Unitary fidelity: 3.52474e-09
Execution time: 0s
For SDRP=0.85: 
Unitary fidelity: 3.52473e-09
Execution time: 0s
For SDRP=0.825: 
Unitary fidelity: 1.20736e-08
Execution time: 1s
Random Seed: 1680308013 (Overridden by hardware generation!)
Device #0, Loaded binary from: /home/paperspace/.qrack/qrack_ocl_dev_NVIDIA_A100-SXM4-80GB.ir
Default platform: NVIDIA CUDA
Default device: #0, NVIDIA A100-SXM4-80GB
OpenCL device #0: NVIDIA A100-SXM4-80GB
############ Default Optimal (QUnit) ############
Filters: test_noisy_fidelity_2qb_nn_estimate
>>> 'test_noisy_fidelity_2qb_nn_estimate':
Circuit width: 54
Circuit layer depth (excluding factor of x2 for mirror validation): 9
For SDRP=1: 
Unitary fidelity: 5.63972e-10
Execution time: 0s
For SDRP=0.975: 
Unitary fidelity: 5.6397e-10
Execution time: 0s
For SDRP=0.95: 
Unitary fidelity: 3.39819e-09
Execution time: 0s
For SDRP=0.925: 
Unitary fidelity: 3.39822e-09
Execution time: 0s
For SDRP=0.9: 
Unitary fidelity: 3.3982e-09
Execution time: 0s
For SDRP=0.875: 
Unitary fidelity: 3.39821e-09
Execution time: 0s
For SDRP=0.85: 
Unitary fidelity: 3.36561e-09
Execution time: 0s
For SDRP=0.825: 
Unitary fidelity: 3.36561e-09
Execution time: 0s
For SDRP=0.8: 
Unitary fidelity: 5.74731e-09
Execution time: 0s
For SDRP=0.775: 
Unitary fidelity: 2.34511e-08
Execution time: 0s
For SDRP=0.75: 
Unitary fidelity: 2.6098e-08
Execution time: 0s
Random Seed: 1680308338 (Overridden by hardware generation!)
Device #0, Loaded binary from: /home/paperspace/.qrack/qrack_ocl_dev_NVIDIA_A100-SXM4-80GB.ir
Default platform: NVIDIA CUDA
Default device: #0, NVIDIA A100-SXM4-80GB
OpenCL device #0: NVIDIA A100-SXM4-80GB
############ Default Optimal (QUnit) ############
Filters: test_noisy_fidelity_2qb_nn_estimate
>>> 'test_noisy_fidelity_2qb_nn_estimate':
Circuit width: 54
Circuit layer depth (excluding factor of x2 for mirror validation): 9
Random Seed: 1680308676 (Overridden by hardware generation!)
Device #0, Loaded binary from: /home/paperspace/.qrack/qrack_ocl_dev_NVIDIA_A100-SXM4-80GB.ir
Default platform: NVIDIA CUDA
Default device: #0, NVIDIA A100-SXM4-80GB
OpenCL device #0: NVIDIA A100-SXM4-80GB
############ Default Optimal (QUnit) ############
Filters: test_noisy_fidelity_2qb_nn_estimate
>>> 'test_noisy_fidelity_2qb_nn_estimate':
Circuit width: 54
Circuit layer depth (excluding factor of x2 for mirror validation): 9
For SDRP=1: 
Unitary fidelity: 2.40569e-08
Execution time: 0s
For SDRP=0.975: 
Unitary fidelity: 5.33651e-08
Execution time: 0s
For SDRP=0.95: 
Unitary fidelity: 5.33648e-08
Execution time: 0s
For SDRP=0.925: 
Unitary fidelity: 5.33642e-08
Execution time: 0s
For SDRP=0.9: 
Unitary fidelity: 5.33646e-08
Execution time: 0s
For SDRP=0.875: 
Unitary fidelity: 5.33644e-08
Execution time: 0s
For SDRP=0.85: 
Unitary fidelity: 5.33643e-08
Execution time: 0s
For SDRP=0.825: 
Unitary fidelity: 7.47933e-08
Execution time: 0s
For SDRP=0.8: 
Unitary fidelity: 7.47929e-08
Execution time: 0s
For SDRP=0.775: 
Unitary fidelity: 4.79179e-08
Execution time: 0s
For SDRP=0.75: 
Unitary fidelity: 1.86274e-07
Execution time: 0s
For SDRP=0.725: 
Unitary fidelity: 2.53254e-07
Execution time: 0s
For SDRP=0.7: 
Unitary fidelity: 1.26071e-06
Execution time: 0s
For SDRP=0.675: 
Unitary fidelity: 1.2768e-06
Execution time: 0s
For SDRP=0.65: 
Unitary fidelity: 1.91732e-05
Execution time: 1s
For SDRP=0.625: 
Unitary fidelity: 3.26282e-05
Execution time: 1s
Random Seed: 1680308917 (Overridden by hardware generation!)
Device #0, Loaded binary from: /home/paperspace/.qrack/qrack_ocl_dev_NVIDIA_A100-SXM4-80GB.ir
Default platform: NVIDIA CUDA
Default device: #0, NVIDIA A100-SXM4-80GB
OpenCL device #0: NVIDIA A100-SXM4-80GB
############ Default Optimal (QUnit) ############
Filters: test_noisy_fidelity_2qb_nn_estimate
>>> 'test_noisy_fidelity_2qb_nn_estimate':
Circuit width: 54
Circuit layer depth (excluding factor of x2 for mirror validation): 9
Random Seed: 1680309242 (Overridden by hardware generation!)
Device #0, Loaded binary from: /home/paperspace/.qrack/qrack_ocl_dev_NVIDIA_A100-SXM4-80GB.ir
Default platform: NVIDIA CUDA
Default device: #0, NVIDIA A100-SXM4-80GB
OpenCL device #0: NVIDIA A100-SXM4-80GB
############ Default Optimal (QUnit) ############
Filters: test_noisy_fidelity_2qb_nn_estimate
>>> 'test_noisy_fidelity_2qb_nn_estimate':
Circuit width: 54
Circuit layer depth (excluding factor of x2 for mirror validation): 9
For SDRP=1: 
Unitary fidelity: 5.86386e-11
Execution time: 0s
For SDRP=0.975: 
Unitary fidelity: 6.56731e-11
Execution time: 0s
For SDRP=0.95: 
Unitary fidelity: 1.2176e-10
Execution time: 2s
For SDRP=0.925: 
Unitary fidelity: 1.21763e-10
Execution time: 2s
For SDRP=0.9: 
Unitary fidelity: 4.08858e-10
Execution time: 3s
For SDRP=0.875: 
Unitary fidelity: 3.87957e-09
Execution time: 1s
For SDRP=0.85: 
Unitary fidelity: 3.87953e-09
Execution time: 1s
For SDRP=0.825: 
Unitary fidelity: 4.15229e-09
Execution time: 1s
Random Seed: 1680309517 (Overridden by hardware generation!)
Device #0, Loaded binary from: /home/paperspace/.qrack/qrack_ocl_dev_NVIDIA_A100-SXM4-80GB.ir
Default platform: NVIDIA CUDA
Default device: #0, NVIDIA A100-SXM4-80GB
OpenCL device #0: NVIDIA A100-SXM4-80GB
############ Default Optimal (QUnit) ############
Filters: test_noisy_fidelity_2qb_nn_estimate
>>> 'test_noisy_fidelity_2qb_nn_estimate':
Circuit width: 54
Circuit layer depth (excluding factor of x2 for mirror validation): 9
For SDRP=1: 
Unitary fidelity: 9.727e-13
Execution time: 0s
For SDRP=0.975: 
Unitary fidelity: 2.64969e-12
Execution time: 0s
Random Seed: 1680309848 (Overridden by hardware generation!)
Device #0, Loaded binary from: /home/paperspace/.qrack/qrack_ocl_dev_NVIDIA_A100-SXM4-80GB.ir
Default platform: NVIDIA CUDA
Default device: #0, NVIDIA A100-SXM4-80GB
OpenCL device #0: NVIDIA A100-SXM4-80GB
############ Default Optimal (QUnit) ############
Filters: test_noisy_fidelity_2qb_nn_estimate
>>> 'test_noisy_fidelity_2qb_nn_estimate':
Circuit width: 54
Circuit layer depth (excluding factor of x2 for mirror validation): 9
For SDRP=1: 
Unitary fidelity: 3.5108e-08
Execution time: 0s
For SDRP=0.975: 
Unitary fidelity: 3.51077e-08
Execution time: 0s
For SDRP=0.95: 
Unitary fidelity: 3.51078e-08
Execution time: 0s
For SDRP=0.925: 
Unitary fidelity: 3.51079e-08
Execution time: 0s
For SDRP=0.9: 
Unitary fidelity: 3.99279e-08
Execution time: 0s
For SDRP=0.875: 
Unitary fidelity: 7.10181e-08
Execution time: 0s
For SDRP=0.85: 
Unitary fidelity: 1.53616e-07
Execution time: 0s
For SDRP=0.825: 
Unitary fidelity: 1.80114e-07
Execution time: 0s
For SDRP=0.8: 
Unitary fidelity: 2.278e-07
Execution time: 0s
For SDRP=0.775: 
Unitary fidelity: 8.93708e-07
Execution time: 0s
For SDRP=0.75: 
Unitary fidelity: 8.93706e-07
Execution time: 0s
For SDRP=0.725: 
Unitary fidelity: 8.93708e-07
Execution time: 0s
For SDRP=0.7: 
Unitary fidelity: 1.30254e-06
Execution time: 0s
For SDRP=0.675: 
Unitary fidelity: 1.82476e-06
Execution time: 0s
For SDRP=0.65: 
Unitary fidelity: 1.56304e-06
Execution time: 0s
Random Seed: 1680310203 (Overridden by hardware generation!)
Device #0, Loaded binary from: /home/paperspace/.qrack/qrack_ocl_dev_NVIDIA_A100-SXM4-80GB.ir
Default platform: NVIDIA CUDA
Default device: #0, NVIDIA A100-SXM4-80GB
OpenCL device #0: NVIDIA A100-SXM4-80GB
############ Default Optimal (QUnit) ############
Filters: test_noisy_fidelity_2qb_nn_estimate
>>> 'test_noisy_fidelity_2qb_nn_estimate':
Circuit width: 54
Circuit layer depth (excluding factor of x2 for mirror validation): 9
For SDRP=1: 
Unitary fidelity: 6.36911e-11
Execution time: 0s
For SDRP=0.975: 
Unitary fidelity: 6.36902e-11
Execution time: 0s
For SDRP=0.95: 
Unitary fidelity: 5.13976e-11
Execution time: 0s
For SDRP=0.925: 
Unitary fidelity: 3.78522e-10
Execution time: 0s
For SDRP=0.9: 
Unitary fidelity: 3.78524e-10
Execution time: 0s
For SDRP=0.875: 
Unitary fidelity: 3.11833e-10
Execution time: 0s
For SDRP=0.85: 
Unitary fidelity: 3.01248e-10
Execution time: 0s
For SDRP=0.825: 
Unitary fidelity: 2.99812e-10
Execution time: 0s
For SDRP=0.8: 
Unitary fidelity: 5.41079e-10
Execution time: 0s
For SDRP=0.775: 
Unitary fidelity: 1.53412e-09
Execution time: 0s
For SDRP=0.75: 
Unitary fidelity: 3.37969e-08
Execution time: 0s
For SDRP=0.725: 
Unitary fidelity: 1.11003e-07
Execution time: 2s
For SDRP=0.7: 
Unitary fidelity: 6.31059e-07
Execution time: 1s
For SDRP=0.675: 
Unitary fidelity: 1.72092e-06
Execution time: 3s
Random Seed: 1680310555 (Overridden by hardware generation!)
Device #0, Loaded binary from: /home/paperspace/.qrack/qrack_ocl_dev_NVIDIA_A100-SXM4-80GB.ir
Default platform: NVIDIA CUDA
Default device: #0, NVIDIA A100-SXM4-80GB
OpenCL device #0: NVIDIA A100-SXM4-80GB
############ Default Optimal (QUnit) ############
Filters: test_noisy_fidelity_2qb_nn_estimate
>>> 'test_noisy_fidelity_2qb_nn_estimate':
Circuit width: 54
Circuit layer depth (excluding factor of x2 for mirror validation): 9
For SDRP=1: 
Unitary fidelity: 4.29536e-09
Execution time: 0s
For SDRP=0.975: 
Unitary fidelity: 4.29537e-09
Execution time: 0s
For SDRP=0.95: 
Unitary fidelity: 4.29532e-09
Execution time: 0s
For SDRP=0.925: 
Unitary fidelity: 5.43385e-09
Execution time: 0s
For SDRP=0.9: 
Unitary fidelity: 5.43387e-09
Execution time: 0s
For SDRP=0.875: 
Unitary fidelity: 7.30999e-09
Execution time: 0s
For SDRP=0.85: 
Unitary fidelity: 2.0502e-08
Execution time: 0s
For SDRP=0.825: 
Unitary fidelity: 2.05021e-08
Execution time: 0s
For SDRP=0.8: 
Unitary fidelity: 2.0502e-08
Execution time: 0s
For SDRP=0.775: 
Unitary fidelity: 2.0502e-08
Execution time: 0s
For SDRP=0.75: 
Unitary fidelity: 9.71912e-08
Execution time: 0s
For SDRP=0.725: 
Unitary fidelity: 9.03536e-08
Execution time: 0s
For SDRP=0.7: 
Unitary fidelity: 9.03534e-08
Execution time: 0s
For SDRP=0.675: 
Unitary fidelity: 1.15775e-07
Execution time: 1s
For SDRP=0.65: 
Unitary fidelity: 2.86049e-06
Execution time: 1s
For SDRP=0.625: 
Unitary fidelity: 5.53389e-06
Execution time: 1s
For SDRP=0.6: 
Unitary fidelity: 1.70214e-05
Execution time: 2s
Random Seed: 1680310922 (Overridden by hardware generation!)
Device #0, Loaded binary from: /home/paperspace/.qrack/qrack_ocl_dev_NVIDIA_A100-SXM4-80GB.ir
Default platform: NVIDIA CUDA
Default device: #0, NVIDIA A100-SXM4-80GB
OpenCL device #0: NVIDIA A100-SXM4-80GB
############ Default Optimal (QUnit) ############
Filters: test_noisy_fidelity_2qb_nn_estimate
>>> 'test_noisy_fidelity_2qb_nn_estimate':
Circuit width: 54
Circuit layer depth (excluding factor of x2 for mirror validation): 9
Random Seed: 1680311251 (Overridden by hardware generation!)
Device #0, Loaded binary from: /home/paperspace/.qrack/qrack_ocl_dev_NVIDIA_A100-SXM4-80GB.ir
Default platform: NVIDIA CUDA
Default device: #0, NVIDIA A100-SXM4-80GB
OpenCL device #0: NVIDIA A100-SXM4-80GB
############ Default Optimal (QUnit) ############
Filters: test_noisy_fidelity_2qb_nn_estimate
>>> 'test_noisy_fidelity_2qb_nn_estimate':
Circuit width: 54
Circuit layer depth (excluding factor of x2 for mirror validation): 9
Random Seed: 1680311593 (Overridden by hardware generation!)
Device #0, Loaded binary from: /home/paperspace/.qrack/qrack_ocl_dev_NVIDIA_A100-SXM4-80GB.ir
Default platform: NVIDIA CUDA
Default device: #0, NVIDIA A100-SXM4-80GB
OpenCL device #0: NVIDIA A100-SXM4-80GB
############ Default Optimal (QUnit) ############
Filters: test_noisy_fidelity_2qb_nn_estimate
>>> 'test_noisy_fidelity_2qb_nn_estimate':
Circuit width: 54
Circuit layer depth (excluding factor of x2 for mirror validation): 9
For SDRP=1: 
Unitary fidelity: 5.35556e-11
Execution time: 0s
For SDRP=0.975: 
Unitary fidelity: 5.35554e-11
Execution time: 0s
For SDRP=0.95: 
Unitary fidelity: 5.35562e-11
Execution time: 0s
For SDRP=0.925: 
Unitary fidelity: 5.35559e-11
Execution time: 0s
For SDRP=0.9: 
Unitary fidelity: 7.33796e-11
Execution time: 0s
For SDRP=0.875: 
Unitary fidelity: 5.61362e-11
Execution time: 0s
For SDRP=0.85: 
Unitary fidelity: 1.11026e-10
Execution time: 0s
For SDRP=0.825: 
Unitary fidelity: 7.90045e-11
Execution time: 0s
For SDRP=0.8: 
Unitary fidelity: 1.00044e-10
Execution time: 0s
For SDRP=0.775: 
Unitary fidelity: 9.52279e-09
Execution time: 0s
For SDRP=0.75: 
Unitary fidelity: 5.1269e-09
Execution time: 0s
For SDRP=0.725: 
Unitary fidelity: 9.46756e-08
Execution time: 0s
For SDRP=0.7: 
Unitary fidelity: 5.1133e-07
Execution time: 1s
Random Seed: 1680311939 (Overridden by hardware generation!)
Device #0, Loaded binary from: /home/paperspace/.qrack/qrack_ocl_dev_NVIDIA_A100-SXM4-80GB.ir
Default platform: NVIDIA CUDA
Default device: #0, NVIDIA A100-SXM4-80GB
OpenCL device #0: NVIDIA A100-SXM4-80GB
############ Default Optimal (QUnit) ############
Filters: test_noisy_fidelity_2qb_nn_estimate
>>> 'test_noisy_fidelity_2qb_nn_estimate':
Circuit width: 54
Circuit layer depth (excluding factor of x2 for mirror validation): 9
For SDRP=1: 
Unitary fidelity: 8.82836e-08
Execution time: 0s
For SDRP=0.975: 
Unitary fidelity: 8.82833e-08
Execution time: 0s
For SDRP=0.95: 
Unitary fidelity: 1.01426e-07
Execution time: 0s
For SDRP=0.925: 
Unitary fidelity: 1.29356e-07
Execution time: 0s
For SDRP=0.9: 
Unitary fidelity: 1.45741e-07
Execution time: 0s
For SDRP=0.875: 
Unitary fidelity: 1.45741e-07
Execution time: 0s
For SDRP=0.85: 
Unitary fidelity: 3.89236e-07
Execution time: 0s
For SDRP=0.825: 
Unitary fidelity: 6.79836e-07
Execution time: 0s
For SDRP=0.8: 
Unitary fidelity: 1.62067e-06
Execution time: 0s
For SDRP=0.775: 
Unitary fidelity: 1.62068e-06
Execution time: 0s
For SDRP=0.75: 
Unitary fidelity: 1.44149e-06
Execution time: 0s
For SDRP=0.725: 
Unitary fidelity: 2.90338e-06
Execution time: 0s
For SDRP=0.7: 
Unitary fidelity: 2.90337e-06
Execution time: 0s
For SDRP=0.675: 
Unitary fidelity: 1.0072e-05
Execution time: 0s
Random Seed: 1680312271 (Overridden by hardware generation!)
Device #0, Loaded binary from: /home/paperspace/.qrack/qrack_ocl_dev_NVIDIA_A100-SXM4-80GB.ir
Default platform: NVIDIA CUDA
Default device: #0, NVIDIA A100-SXM4-80GB
OpenCL device #0: NVIDIA A100-SXM4-80GB
############ Default Optimal (QUnit) ############
Filters: test_noisy_fidelity_2qb_nn_estimate
>>> 'test_noisy_fidelity_2qb_nn_estimate':
Circuit width: 54
Circuit layer depth (excluding factor of x2 for mirror validation): 9
For SDRP=1: 
Unitary fidelity: 1.38824e-10
Execution time: 0s
For SDRP=0.975: 
Unitary fidelity: 1.38824e-10
Execution time: 0s
For SDRP=0.95: 
Unitary fidelity: 1.38825e-10
Execution time: 0s
For SDRP=0.925: 
Unitary fidelity: 1.38822e-10
Execution time: 0s
For SDRP=0.9: 
Unitary fidelity: 1.38825e-10
Execution time: 0s
For SDRP=0.875: 
Unitary fidelity: 9.36121e-11
Execution time: 0s
For SDRP=0.85: 
Unitary fidelity: 8.02255e-11
Execution time: 0s
For SDRP=0.825: 
Unitary fidelity: 1.4804e-10
Execution time: 1s
Random Seed: 1680312619 (Overridden by hardware generation!)
Device #0, Loaded binary from: /home/paperspace/.qrack/qrack_ocl_dev_NVIDIA_A100-SXM4-80GB.ir
Default platform: NVIDIA CUDA
Default device: #0, NVIDIA A100-SXM4-80GB
OpenCL device #0: NVIDIA A100-SXM4-80GB
############ Default Optimal (QUnit) ############
Filters: test_noisy_fidelity_2qb_nn_estimate
>>> 'test_noisy_fidelity_2qb_nn_estimate':
Circuit width: 54
Circuit layer depth (excluding factor of x2 for mirror validation): 9
For SDRP=1: 
Unitary fidelity: 8.07252e-10
Execution time: 0s
For SDRP=0.975: 
Unitary fidelity: 8.07267e-10
Execution time: 0s
For SDRP=0.95: 
Unitary fidelity: 8.07268e-10
Execution time: 0s
For SDRP=0.925: 
Unitary fidelity: 3.08285e-09
Execution time: 0s
For SDRP=0.9: 
Unitary fidelity: 3.08297e-09
Execution time: 0s
For SDRP=0.875: 
Unitary fidelity: 3.08285e-09
Execution time: 0s
For SDRP=0.85: 
Unitary fidelity: 3.43548e-09
Execution time: 0s
For SDRP=0.825: 
Unitary fidelity: 5.99216e-09
Execution time: 0s
For SDRP=0.8: 
Unitary fidelity: 1.10225e-08
Execution time: 0s
For SDRP=0.775: 
Unitary fidelity: 1.10227e-08
Execution time: 0s
For SDRP=0.75: 
Unitary fidelity: 1.10225e-08
Execution time: 0s
For SDRP=0.725: 
Unitary fidelity: 5.19063e-08
Execution time: 0s
For SDRP=0.7: 
Unitary fidelity: 7.05378e-08
Execution time: 0s
Random Seed: 1680312964 (Overridden by hardware generation!)
Device #0, Loaded binary from: /home/paperspace/.qrack/qrack_ocl_dev_NVIDIA_A100-SXM4-80GB.ir
Default platform: NVIDIA CUDA
Default device: #0, NVIDIA A100-SXM4-80GB
OpenCL device #0: NVIDIA A100-SXM4-80GB
############ Default Optimal (QUnit) ############
Filters: test_noisy_fidelity_2qb_nn_estimate
>>> 'test_noisy_fidelity_2qb_nn_estimate':
Circuit width: 54
Circuit layer depth (excluding factor of x2 for mirror validation): 9
For SDRP=1: 
Unitary fidelity: 5.08444e-11
Execution time: 1s
For SDRP=0.975: 
Unitary fidelity: 5.08449e-11
Execution time: 1s
For SDRP=0.95: 
Unitary fidelity: 6.60945e-11
Execution time: 1s
For SDRP=0.925: 
Unitary fidelity: 6.60939e-11
Execution time: 1s
For SDRP=0.9: 
Unitary fidelity: 3.33757e-09
Execution time: 0s
For SDRP=0.875: 
Unitary fidelity: 6.03762e-09
Execution time: 0s
For SDRP=0.85: 
Unitary fidelity: 6.5452e-09
Execution time: 0s
For SDRP=0.825: 
Unitary fidelity: 7.6556e-09
Execution time: 0s
For SDRP=0.8: 
Unitary fidelity: 7.56993e-09
Execution time: 0s
For SDRP=0.775: 
Unitary fidelity: 7.56989e-09
Execution time: 0s
For SDRP=0.75: 
Unitary fidelity: 1.54646e-08
Execution time: 0s
For SDRP=0.725: 
Unitary fidelity: 3.29927e-08
Execution time: 0s
For SDRP=0.7: 
Unitary fidelity: 6.13537e-08
Execution time: 0s
Random Seed: 1680313293 (Overridden by hardware generation!)
Device #0, Loaded binary from: /home/paperspace/.qrack/qrack_ocl_dev_NVIDIA_A100-SXM4-80GB.ir
Default platform: NVIDIA CUDA
Default device: #0, NVIDIA A100-SXM4-80GB
OpenCL device #0: NVIDIA A100-SXM4-80GB
############ Default Optimal (QUnit) ############
Filters: test_noisy_fidelity_2qb_nn_estimate
>>> 'test_noisy_fidelity_2qb_nn_estimate':
Circuit width: 54
Circuit layer depth (excluding factor of x2 for mirror validation): 9
For SDRP=1: 
Unitary fidelity: 1.37372e-10
Execution time: 0s
For SDRP=0.975: 
Unitary fidelity: 5.73747e-11
Execution time: 0s
For SDRP=0.95: 
Unitary fidelity: 4.33588e-11
Execution time: 0s
For SDRP=0.925: 
Unitary fidelity: 2.24745e-10
Execution time: 0s
Random Seed: 1680313642 (Overridden by hardware generation!)
Device #0, Loaded binary from: /home/paperspace/.qrack/qrack_ocl_dev_NVIDIA_A100-SXM4-80GB.ir
Default platform: NVIDIA CUDA
Default device: #0, NVIDIA A100-SXM4-80GB
OpenCL device #0: NVIDIA A100-SXM4-80GB
############ Default Optimal (QUnit) ############
Filters: test_noisy_fidelity_2qb_nn_estimate
>>> 'test_noisy_fidelity_2qb_nn_estimate':
Circuit width: 54
Circuit layer depth (excluding factor of x2 for mirror validation): 9
For SDRP=1: 
Unitary fidelity: 1.85887e-09
Execution time: 0s
For SDRP=0.975: 
Unitary fidelity: 1.85896e-09
Execution time: 0s
For SDRP=0.95: 
Unitary fidelity: 1.85883e-09
Execution time: 0s
For SDRP=0.925: 
Unitary fidelity: 7.55955e-09
Execution time: 0s
For SDRP=0.9: 
Unitary fidelity: 7.55956e-09
Execution time: 0s
For SDRP=0.875: 
Unitary fidelity: 6.4397e-09
Execution time: 0s
For SDRP=0.85: 
Unitary fidelity: 1.00135e-08
Execution time: 0s
For SDRP=0.825: 
Unitary fidelity: 1.67668e-08
Execution time: 0s
For SDRP=0.8: 
Unitary fidelity: 1.24066e-08
Execution time: 0s
For SDRP=0.775: 
Unitary fidelity: 9.75311e-09
Execution time: 0s
Random Seed: 1680313982 (Overridden by hardware generation!)
Device #0, Loaded binary from: /home/paperspace/.qrack/qrack_ocl_dev_NVIDIA_A100-SXM4-80GB.ir
Default platform: NVIDIA CUDA
Default device: #0, NVIDIA A100-SXM4-80GB
OpenCL device #0: NVIDIA A100-SXM4-80GB
############ Default Optimal (QUnit) ############
Filters: test_noisy_fidelity_2qb_nn_estimate
>>> 'test_noisy_fidelity_2qb_nn_estimate':
Circuit width: 54
Circuit layer depth (excluding factor of x2 for mirror validation): 9
Random Seed: 1680314344 (Overridden by hardware generation!)
Device #0, Loaded binary from: /home/paperspace/.qrack/qrack_ocl_dev_NVIDIA_A100-SXM4-80GB.ir
Default platform: NVIDIA CUDA
Default device: #0, NVIDIA A100-SXM4-80GB
OpenCL device #0: NVIDIA A100-SXM4-80GB
############ Default Optimal (QUnit) ############
Filters: test_noisy_fidelity_2qb_nn_estimate
>>> 'test_noisy_fidelity_2qb_nn_estimate':
Circuit width: 54
Circuit layer depth (excluding factor of x2 for mirror validation): 9
For SDRP=1: 
Unitary fidelity: 2.28537e-09
Execution time: 1s
For SDRP=0.975: 
Unitary fidelity: 2.2854e-09
Execution time: 1s
For SDRP=0.95: 
Unitary fidelity: 2.28541e-09
Execution time: 1s
For SDRP=0.925: 
Unitary fidelity: 2.28544e-09
Execution time: 1s
Random Seed: 1680314666 (Overridden by hardware generation!)
Device #0, Loaded binary from: /home/paperspace/.qrack/qrack_ocl_dev_NVIDIA_A100-SXM4-80GB.ir
Default platform: NVIDIA CUDA
Default device: #0, NVIDIA A100-SXM4-80GB
OpenCL device #0: NVIDIA A100-SXM4-80GB
############ Default Optimal (QUnit) ############
Filters: test_noisy_fidelity_2qb_nn_estimate
>>> 'test_noisy_fidelity_2qb_nn_estimate':
Circuit width: 54
Circuit layer depth (excluding factor of x2 for mirror validation): 9
Random Seed: 1680315001 (Overridden by hardware generation!)
Device #0, Loaded binary from: /home/paperspace/.qrack/qrack_ocl_dev_NVIDIA_A100-SXM4-80GB.ir
Default platform: NVIDIA CUDA
Default device: #0, NVIDIA A100-SXM4-80GB
OpenCL device #0: NVIDIA A100-SXM4-80GB
############ Default Optimal (QUnit) ############
Filters: test_noisy_fidelity_2qb_nn_estimate
>>> 'test_noisy_fidelity_2qb_nn_estimate':
Circuit width: 54
Circuit layer depth (excluding factor of x2 for mirror validation): 9
For SDRP=1: 
Unitary fidelity: 1.65718e-11
Execution time: 0s
For SDRP=0.975: 
Unitary fidelity: 1.65702e-11
Execution time: 0s
For SDRP=0.95: 
Unitary fidelity: 8.10337e-12
Execution time: 0s
For SDRP=0.925: 
Unitary fidelity: 9.59822e-12
Execution time: 0s
For SDRP=0.9: 
Unitary fidelity: 2.15734e-10
Execution time: 0s
For SDRP=0.875: 
Unitary fidelity: 2.87038e-10
Execution time: 0s
For SDRP=0.85: 
Unitary fidelity: 2.8704e-10
Execution time: 0s
For SDRP=0.825: 
Unitary fidelity: 2.35798e-10
Execution time: 0s
For SDRP=0.8: 
Unitary fidelity: 6.59461e-09
Execution time: 0s
Random Seed: 1680315329 (Overridden by hardware generation!)
Device #0, Loaded binary from: /home/paperspace/.qrack/qrack_ocl_dev_NVIDIA_A100-SXM4-80GB.ir
Default platform: NVIDIA CUDA
Default device: #0, NVIDIA A100-SXM4-80GB
OpenCL device #0: NVIDIA A100-SXM4-80GB
############ Default Optimal (QUnit) ############
Filters: test_noisy_fidelity_2qb_nn_estimate
>>> 'test_noisy_fidelity_2qb_nn_estimate':
Circuit width: 54
Circuit layer depth (excluding factor of x2 for mirror validation): 9
For SDRP=1: 
Unitary fidelity: 1.25565e-10
Execution time: 0s
For SDRP=0.975: 
Unitary fidelity: 1.25565e-10
Execution time: 0s
For SDRP=0.95: 
Unitary fidelity: 2.89409e-10
Execution time: 0s
For SDRP=0.925: 
Unitary fidelity: 2.89409e-10
Execution time: 0s
For SDRP=0.9: 
Unitary fidelity: 5.45284e-09
Execution time: 0s
For SDRP=0.875: 
Unitary fidelity: 5.4528e-09
Execution time: 0s
For SDRP=0.85: 
Unitary fidelity: 8.07478e-09
Execution time: 0s
For SDRP=0.825: 
Unitary fidelity: 8.07472e-09
Execution time: 0s
For SDRP=0.8: 
Unitary fidelity: 1.34165e-07
Execution time: 0s
For SDRP=0.775: 
Unitary fidelity: 3.57837e-07
Execution time: 0s
For SDRP=0.75: 
Unitary fidelity: 7.45449e-07
Execution time: 0s
For SDRP=0.725: 
Unitary fidelity: 7.96953e-07
Execution time: 0s
For SDRP=0.7: 
Unitary fidelity: 7.9695e-07
Execution time: 0s
Random Seed: 1680315664 (Overridden by hardware generation!)
Device #0, Loaded binary from: /home/paperspace/.qrack/qrack_ocl_dev_NVIDIA_A100-SXM4-80GB.ir
Default platform: NVIDIA CUDA
Default device: #0, NVIDIA A100-SXM4-80GB
OpenCL device #0: NVIDIA A100-SXM4-80GB
############ Default Optimal (QUnit) ############
Filters: test_noisy_fidelity_2qb_nn_estimate
>>> 'test_noisy_fidelity_2qb_nn_estimate':
Circuit width: 54
Circuit layer depth (excluding factor of x2 for mirror validation): 9
For SDRP=1: 
Unitary fidelity: 8.02547e-10
Execution time: 0s
For SDRP=0.975: 
Unitary fidelity: 2.05432e-09
Execution time: 0s
For SDRP=0.95: 
Unitary fidelity: 4.17383e-09
Execution time: 0s
For SDRP=0.925: 
Unitary fidelity: 4.17385e-09
Execution time: 0s
For SDRP=0.9: 
Unitary fidelity: 4.1738e-09
Execution time: 0s
For SDRP=0.875: 
Unitary fidelity: 8.37714e-09
Execution time: 0s
For SDRP=0.85: 
Unitary fidelity: 8.84036e-09
Execution time: 0s
For SDRP=0.825: 
Unitary fidelity: 1.67938e-08
Execution time: 0s
For SDRP=0.8: 
Unitary fidelity: 1.06826e-08
Execution time: 0s
For SDRP=0.775: 
Unitary fidelity: 1.33102e-08
Execution time: 0s
For SDRP=0.75: 
Unitary fidelity: 1.55485e-08
Execution time: 0s
For SDRP=0.725: 
Unitary fidelity: 5.95786e-07
Execution time: 3s
Random Seed: 1680315993 (Overridden by hardware generation!)
Device #0, Loaded binary from: /home/paperspace/.qrack/qrack_ocl_dev_NVIDIA_A100-SXM4-80GB.ir
Default platform: NVIDIA CUDA
Default device: #0, NVIDIA A100-SXM4-80GB
OpenCL device #0: NVIDIA A100-SXM4-80GB
############ Default Optimal (QUnit) ############
Filters: test_noisy_fidelity_2qb_nn_estimate
>>> 'test_noisy_fidelity_2qb_nn_estimate':
Circuit width: 54
Circuit layer depth (excluding factor of x2 for mirror validation): 9
For SDRP=1: 
Unitary fidelity: 4.121e-09
Execution time: 0s
For SDRP=0.975: 
Unitary fidelity: 4.12099e-09
Execution time: 0s
For SDRP=0.95: 
Unitary fidelity: 5.10251e-09
Execution time: 0s
For SDRP=0.925: 
Unitary fidelity: 5.10248e-09
Execution time: 0s
For SDRP=0.9: 
Unitary fidelity: 5.33299e-09
Execution time: 0s
For SDRP=0.875: 
Unitary fidelity: 2.28252e-08
Execution time: 0s
For SDRP=0.85: 
Unitary fidelity: 5.88846e-08
Execution time: 0s
For SDRP=0.825: 
Unitary fidelity: 7.73503e-08
Execution time: 0s
For SDRP=0.8: 
Unitary fidelity: 1.57869e-07
Execution time: 0s
Random Seed: 1680316319 (Overridden by hardware generation!)
Device #0, Loaded binary from: /home/paperspace/.qrack/qrack_ocl_dev_NVIDIA_A100-SXM4-80GB.ir
Default platform: NVIDIA CUDA
Default device: #0, NVIDIA A100-SXM4-80GB
OpenCL device #0: NVIDIA A100-SXM4-80GB
############ Default Optimal (QUnit) ############
Filters: test_noisy_fidelity_2qb_nn_estimate
>>> 'test_noisy_fidelity_2qb_nn_estimate':
Circuit width: 54
Circuit layer depth (excluding factor of x2 for mirror validation): 9
For SDRP=1: 
Unitary fidelity: 2.48454e-10
Execution time: 0s
For SDRP=0.975: 
Unitary fidelity: 2.48448e-10
Execution time: 0s
Random Seed: 1680316655 (Overridden by hardware generation!)
Device #0, Loaded binary from: /home/paperspace/.qrack/qrack_ocl_dev_NVIDIA_A100-SXM4-80GB.ir
Default platform: NVIDIA CUDA
Default device: #0, NVIDIA A100-SXM4-80GB
OpenCL device #0: NVIDIA A100-SXM4-80GB
############ Default Optimal (QUnit) ############
Filters: test_noisy_fidelity_2qb_nn_estimate
>>> 'test_noisy_fidelity_2qb_nn_estimate':
Circuit width: 54
Circuit layer depth (excluding factor of x2 for mirror validation): 9
Random Seed: 1680317004 (Overridden by hardware generation!)
Device #0, Loaded binary from: /home/paperspace/.qrack/qrack_ocl_dev_NVIDIA_A100-SXM4-80GB.ir
Default platform: NVIDIA CUDA
Default device: #0, NVIDIA A100-SXM4-80GB
OpenCL device #0: NVIDIA A100-SXM4-80GB
############ Default Optimal (QUnit) ############
Filters: test_noisy_fidelity_2qb_nn_estimate
>>> 'test_noisy_fidelity_2qb_nn_estimate':
Circuit width: 54
Circuit layer depth (excluding factor of x2 for mirror validation): 9
For SDRP=1: 
Unitary fidelity: 1.08964e-11
Execution time: 0s
For SDRP=0.975: 
Unitary fidelity: 1.24097e-10
Execution time: 0s
For SDRP=0.95: 
Unitary fidelity: 1.4039e-10
Execution time: 1s
Random Seed: 1680317339 (Overridden by hardware generation!)
Device #0, Loaded binary from: /home/paperspace/.qrack/qrack_ocl_dev_NVIDIA_A100-SXM4-80GB.ir
Default platform: NVIDIA CUDA
Default device: #0, NVIDIA A100-SXM4-80GB
OpenCL device #0: NVIDIA A100-SXM4-80GB
############ Default Optimal (QUnit) ############
Filters: test_noisy_fidelity_2qb_nn_estimate
>>> 'test_noisy_fidelity_2qb_nn_estimate':
Circuit width: 54
Circuit layer depth (excluding factor of x2 for mirror validation): 9
For SDRP=1: 
Unitary fidelity: 4.90489e-11
Execution time: 1s
Random Seed: 1680317680 (Overridden by hardware generation!)
Device #0, Loaded binary from: /home/paperspace/.qrack/qrack_ocl_dev_NVIDIA_A100-SXM4-80GB.ir
Default platform: NVIDIA CUDA
Default device: #0, NVIDIA A100-SXM4-80GB
OpenCL device #0: NVIDIA A100-SXM4-80GB
############ Default Optimal (QUnit) ############
Filters: test_noisy_fidelity_2qb_nn_estimate
>>> 'test_noisy_fidelity_2qb_nn_estimate':
Circuit width: 54
Circuit layer depth (excluding factor of x2 for mirror validation): 9
For SDRP=1: 
Unitary fidelity: 8.1896e-11
Execution time: 0s
For SDRP=0.975: 
Unitary fidelity: 8.18982e-11
Execution time: 0s
For SDRP=0.95: 
Unitary fidelity: 8.1898e-11
Execution time: 0s
For SDRP=0.925: 
Unitary fidelity: 2.32125e-10
Execution time: 0s
For SDRP=0.9: 
Unitary fidelity: 5.39368e-10
Execution time: 0s
Random Seed: 1680318029 (Overridden by hardware generation!)
Device #0, Loaded binary from: /home/paperspace/.qrack/qrack_ocl_dev_NVIDIA_A100-SXM4-80GB.ir
Default platform: NVIDIA CUDA
Default device: #0, NVIDIA A100-SXM4-80GB
OpenCL device #0: NVIDIA A100-SXM4-80GB
############ Default Optimal (QUnit) ############
Filters: test_noisy_fidelity_2qb_nn_estimate
>>> 'test_noisy_fidelity_2qb_nn_estimate':
Circuit width: 54
Circuit layer depth (excluding factor of x2 for mirror validation): 9
For SDRP=1: 
Unitary fidelity: 2.1042e-09
Execution time: 0s
For SDRP=0.975: 
Unitary fidelity: 2.10413e-09
Execution time: 0s
For SDRP=0.95: 
Unitary fidelity: 2.10419e-09
Execution time: 0s
For SDRP=0.925: 
Unitary fidelity: 4.13388e-08
Execution time: 0s
For SDRP=0.9: 
Unitary fidelity: 4.13392e-08
Execution time: 0s
For SDRP=0.875: 
Unitary fidelity: 1.84885e-07
Execution time: 0s
For SDRP=0.85: 
Unitary fidelity: 1.66738e-07
Execution time: 0s
For SDRP=0.825: 
Unitary fidelity: 1.35649e-07
Execution time: 0s
Random Seed: 1680318390 (Overridden by hardware generation!)
Device #0, Loaded binary from: /home/paperspace/.qrack/qrack_ocl_dev_NVIDIA_A100-SXM4-80GB.ir
Default platform: NVIDIA CUDA
Default device: #0, NVIDIA A100-SXM4-80GB
OpenCL device #0: NVIDIA A100-SXM4-80GB
############ Default Optimal (QUnit) ############
Filters: test_noisy_fidelity_2qb_nn_estimate
>>> 'test_noisy_fidelity_2qb_nn_estimate':
Circuit width: 54
Circuit layer depth (excluding factor of x2 for mirror validation): 9
For SDRP=1: 
Unitary fidelity: 1.05364e-11
Execution time: 0s
For SDRP=0.975: 
Unitary fidelity: 1.05364e-11
Execution time: 0s
For SDRP=0.95: 
Unitary fidelity: 1.20908e-11
Execution time: 0s
For SDRP=0.925: 
Unitary fidelity: 1.2091e-11
Execution time: 0s
For SDRP=0.9: 
Unitary fidelity: 2.00658e-11
Execution time: 2s
For SDRP=0.875: 
Unitary fidelity: 2.00656e-11
Execution time: 2s
For SDRP=0.85: 
Unitary fidelity: 3.7322e-10
Execution time: 0s
For SDRP=0.825: 
Unitary fidelity: 2.2753e-09
Execution time: 0s
For SDRP=0.8: 
Unitary fidelity: 1.03666e-08
Execution time: 0s
Random Seed: 1680318722 (Overridden by hardware generation!)
Device #0, Loaded binary from: /home/paperspace/.qrack/qrack_ocl_dev_NVIDIA_A100-SXM4-80GB.ir
Default platform: NVIDIA CUDA
Default device: #0, NVIDIA A100-SXM4-80GB
OpenCL device #0: NVIDIA A100-SXM4-80GB
############ Default Optimal (QUnit) ############
Filters: test_noisy_fidelity_2qb_nn_estimate
>>> 'test_noisy_fidelity_2qb_nn_estimate':
Circuit width: 54
Circuit layer depth (excluding factor of x2 for mirror validation): 9
For SDRP=1: 
Unitary fidelity: 4.31222e-11
Execution time: 0s
For SDRP=0.975: 
Unitary fidelity: 4.31212e-11
Execution time: 0s
For SDRP=0.95: 
Unitary fidelity: 6.29082e-11
Execution time: 0s
For SDRP=0.925: 
Unitary fidelity: 1.06532e-10
Execution time: 0s
For SDRP=0.9: 
Unitary fidelity: 2.02733e-09
Execution time: 0s
For SDRP=0.875: 
Unitary fidelity: 2.02733e-09
Execution time: 0s
For SDRP=0.85: 
Unitary fidelity: 1.40905e-09
Execution time: 0s
For SDRP=0.825: 
Unitary fidelity: 4.0994e-09
Execution time: 0s
For SDRP=0.8: 
Unitary fidelity: 7.26656e-09
Execution time: 0s
For SDRP=0.775: 
Unitary fidelity: 4.01326e-08
Execution time: 0s
For SDRP=0.75: 
Unitary fidelity: 5.02019e-07
Execution time: 1s
For SDRP=0.725: 
Unitary fidelity: 9.98081e-07
Execution time: 1s
For SDRP=0.7: 
Unitary fidelity: 7.15047e-06
Execution time: 2s
For SDRP=0.675: 
Unitary fidelity: 1.40201e-05
Execution time: 2s
Random Seed: 1680318990 (Overridden by hardware generation!)
Device #0, Loaded binary from: /home/paperspace/.qrack/qrack_ocl_dev_NVIDIA_A100-SXM4-80GB.ir
Default platform: NVIDIA CUDA
Default device: #0, NVIDIA A100-SXM4-80GB
OpenCL device #0: NVIDIA A100-SXM4-80GB
############ Default Optimal (QUnit) ############
Filters: test_noisy_fidelity_2qb_nn_estimate
>>> 'test_noisy_fidelity_2qb_nn_estimate':
Circuit width: 54
Circuit layer depth (excluding factor of x2 for mirror validation): 9
For SDRP=1: 
Unitary fidelity: 1.55844e-09
Execution time: 0s
For SDRP=0.975: 
Unitary fidelity: 2.67615e-08
Execution time: 0s
For SDRP=0.95: 
Unitary fidelity: 2.67615e-08
Execution time: 0s
For SDRP=0.925: 
Unitary fidelity: 2.23195e-08
Execution time: 0s
For SDRP=0.9: 
Unitary fidelity: 3.27887e-08
Execution time: 0s
For SDRP=0.875: 
Unitary fidelity: 3.27884e-08
Execution time: 0s
For SDRP=0.85: 
Unitary fidelity: 3.27887e-08
Execution time: 0s
For SDRP=0.825: 
Unitary fidelity: 6.92906e-08
Execution time: 0s
For SDRP=0.8: 
Unitary fidelity: 7.76108e-08
Execution time: 0s
For SDRP=0.775: 
Unitary fidelity: 9.50567e-07
Execution time: 0s
For SDRP=0.75: 
Unitary fidelity: 1.0583e-06
Execution time: 0s
For SDRP=0.725: 
Unitary fidelity: 1.72547e-06
Execution time: 0s
For SDRP=0.7: 
Unitary fidelity: 1.72547e-06
Execution time: 0s
For SDRP=0.675: 
Unitary fidelity: 3.71932e-06
Execution time: 0s
For SDRP=0.65: 
Unitary fidelity: 1.79608e-06
Execution time: 0s
For SDRP=0.625: 
Unitary fidelity: 2.97221e-06
Execution time: 0s
For SDRP=0.6: 
Unitary fidelity: 3.68905e-06
Execution time: 0s
For SDRP=0.575: 
Unitary fidelity: 1.80271e-05
Execution time: 0s
For SDRP=0.55: 
Unitary fidelity: 2.48295e-05
Execution time: 0s
Random Seed: 1680319317 (Overridden by hardware generation!)
Device #0, Loaded binary from: /home/paperspace/.qrack/qrack_ocl_dev_NVIDIA_A100-SXM4-80GB.ir
Default platform: NVIDIA CUDA
Default device: #0, NVIDIA A100-SXM4-80GB
OpenCL device #0: NVIDIA A100-SXM4-80GB
############ Default Optimal (QUnit) ############
Filters: test_noisy_fidelity_2qb_nn_estimate
>>> 'test_noisy_fidelity_2qb_nn_estimate':
Circuit width: 54
Circuit layer depth (excluding factor of x2 for mirror validation): 9
For SDRP=1: 
Unitary fidelity: 5.46903e-10
Execution time: 0s
For SDRP=0.975: 
Unitary fidelity: 5.46905e-10
Execution time: 0s
For SDRP=0.95: 
Unitary fidelity: 5.46905e-10
Execution time: 0s
For SDRP=0.925: 
Unitary fidelity: 5.46902e-10
Execution time: 0s
For SDRP=0.9: 
Unitary fidelity: 5.46905e-10
Execution time: 0s
For SDRP=0.875: 
Unitary fidelity: 5.46904e-10
Execution time: 0s
For SDRP=0.85: 
Unitary fidelity: 2.57929e-10
Execution time: 0s
For SDRP=0.825: 
Unitary fidelity: 8.13331e-10
Execution time: 0s
For SDRP=0.8: 
Unitary fidelity: 1.28912e-09
Execution time: 0s
For SDRP=0.775: 
Unitary fidelity: 2.56636e-08
Execution time: 0s
For SDRP=0.75: 
Unitary fidelity: 2.56637e-08
Execution time: 0s
For SDRP=0.725: 
Unitary fidelity: 6.26559e-08
Execution time: 1s
Random Seed: 1680319647 (Overridden by hardware generation!)
Device #0, Loaded binary from: /home/paperspace/.qrack/qrack_ocl_dev_NVIDIA_A100-SXM4-80GB.ir
Default platform: NVIDIA CUDA
Default device: #0, NVIDIA A100-SXM4-80GB
OpenCL device #0: NVIDIA A100-SXM4-80GB
############ Default Optimal (QUnit) ############
Filters: test_noisy_fidelity_2qb_nn_estimate
>>> 'test_noisy_fidelity_2qb_nn_estimate':
Circuit width: 54
Circuit layer depth (excluding factor of x2 for mirror validation): 9
Random Seed: 1680319971 (Overridden by hardware generation!)
Device #0, Loaded binary from: /home/paperspace/.qrack/qrack_ocl_dev_NVIDIA_A100-SXM4-80GB.ir
Default platform: NVIDIA CUDA
Default device: #0, NVIDIA A100-SXM4-80GB
OpenCL device #0: NVIDIA A100-SXM4-80GB
############ Default Optimal (QUnit) ############
Filters: test_noisy_fidelity_2qb_nn_estimate
>>> 'test_noisy_fidelity_2qb_nn_estimate':
Circuit width: 54
Circuit layer depth (excluding factor of x2 for mirror validation): 9
For SDRP=1: 
Unitary fidelity: 1.05349e-08
Execution time: 0s
For SDRP=0.975: 
Unitary fidelity: 1.17056e-08
Execution time: 0s
For SDRP=0.95: 
Unitary fidelity: 1.17056e-08
Execution time: 0s
For SDRP=0.925: 
Unitary fidelity: 1.17057e-08
Execution time: 0s
For SDRP=0.9: 
Unitary fidelity: 2.38691e-08
Execution time: 0s
For SDRP=0.875: 
Unitary fidelity: 2.3869e-08
Execution time: 0s
For SDRP=0.85: 
Unitary fidelity: 2.38689e-08
Execution time: 0s
For SDRP=0.825: 
Unitary fidelity: 2.38691e-08
Execution time: 0s
For SDRP=0.8: 
Unitary fidelity: 2.37663e-08
Execution time: 0s
For SDRP=0.775: 
Unitary fidelity: 2.37662e-08
Execution time: 0s
For SDRP=0.75: 
Unitary fidelity: 2.90057e-08
Execution time: 0s
For SDRP=0.725: 
Unitary fidelity: 4.62483e-08
Execution time: 0s
For SDRP=0.7: 
Unitary fidelity: 7.62195e-08
Execution time: 0s
Random Seed: 1680320333 (Overridden by hardware generation!)
Device #0, Loaded binary from: /home/paperspace/.qrack/qrack_ocl_dev_NVIDIA_A100-SXM4-80GB.ir
Default platform: NVIDIA CUDA
Default device: #0, NVIDIA A100-SXM4-80GB
OpenCL device #0: NVIDIA A100-SXM4-80GB
############ Default Optimal (QUnit) ############
Filters: test_noisy_fidelity_2qb_nn_estimate
>>> 'test_noisy_fidelity_2qb_nn_estimate':
Circuit width: 54
Circuit layer depth (excluding factor of x2 for mirror validation): 9
For SDRP=1: 
Unitary fidelity: 1.58378e-08
Execution time: 0s
For SDRP=0.975: 
Unitary fidelity: 1.58376e-08
Execution time: 0s
For SDRP=0.95: 
Unitary fidelity: 4.52708e-08
Execution time: 0s
For SDRP=0.925: 
Unitary fidelity: 4.52709e-08
Execution time: 0s
For SDRP=0.9: 
Unitary fidelity: 4.5271e-08
Execution time: 0s
For SDRP=0.875: 
Unitary fidelity: 4.52708e-08
Execution time: 0s
Random Seed: 1680320669 (Overridden by hardware generation!)
Device #0, Loaded binary from: /home/paperspace/.qrack/qrack_ocl_dev_NVIDIA_A100-SXM4-80GB.ir
Default platform: NVIDIA CUDA
Default device: #0, NVIDIA A100-SXM4-80GB
OpenCL device #0: NVIDIA A100-SXM4-80GB
############ Default Optimal (QUnit) ############
Filters: test_noisy_fidelity_2qb_nn_estimate
>>> 'test_noisy_fidelity_2qb_nn_estimate':
Circuit width: 54
Circuit layer depth (excluding factor of x2 for mirror validation): 9
For SDRP=1: 
Unitary fidelity: 1.06921e-10
Execution time: 0s
For SDRP=0.975: 
Unitary fidelity: 5.25885e-10
Execution time: 0s
For SDRP=0.95: 
Unitary fidelity: 1.60197e-10
Execution time: 0s
For SDRP=0.925: 
Unitary fidelity: 3.06402e-09
Execution time: 0s
For SDRP=0.9: 
Unitary fidelity: 9.02625e-09
Execution time: 0s
For SDRP=0.875: 
Unitary fidelity: 6.77471e-09
Execution time: 0s
For SDRP=0.85: 
Unitary fidelity: 4.81582e-08
Execution time: 0s
For SDRP=0.825: 
Unitary fidelity: 1.06985e-07
Execution time: 0s
For SDRP=0.8: 
Unitary fidelity: 1.06985e-07
Execution time: 0s
For SDRP=0.775: 
Unitary fidelity: 1.06984e-07
Execution time: 0s
For SDRP=0.75: 
Unitary fidelity: 4.10946e-07
Execution time: 0s
For SDRP=0.725: 
Unitary fidelity: 2.25667e-06
Execution time: 3s
Random Seed: 1680320997 (Overridden by hardware generation!)
Device #0, Loaded binary from: /home/paperspace/.qrack/qrack_ocl_dev_NVIDIA_A100-SXM4-80GB.ir
Default platform: NVIDIA CUDA
Default device: #0, NVIDIA A100-SXM4-80GB
OpenCL device #0: NVIDIA A100-SXM4-80GB
############ Default Optimal (QUnit) ############
Filters: test_noisy_fidelity_2qb_nn_estimate
>>> 'test_noisy_fidelity_2qb_nn_estimate':
Circuit width: 54
Circuit layer depth (excluding factor of x2 for mirror validation): 9
For SDRP=1: 
Unitary fidelity: 4.6924e-10
Execution time: 0s
For SDRP=0.975: 
Unitary fidelity: 4.69247e-10
Execution time: 0s
For SDRP=0.95: 
Unitary fidelity: 4.6924e-10
Execution time: 0s
For SDRP=0.925: 
Unitary fidelity: 4.69247e-10
Execution time: 0s
For SDRP=0.9: 
Unitary fidelity: 4.69245e-10
Execution time: 0s
For SDRP=0.875: 
Unitary fidelity: 3.35184e-10
Execution time: 0s
For SDRP=0.85: 
Unitary fidelity: 2.71941e-10
Execution time: 0s
For SDRP=0.825: 
Unitary fidelity: 1.38808e-09
Execution time: 0s
For SDRP=0.8: 
Unitary fidelity: 5.71612e-09
Execution time: 1s
For SDRP=0.775: 
Unitary fidelity: 5.71612e-09
Execution time: 1s
For SDRP=0.75: 
Unitary fidelity: 6.44987e-09
Execution time: 1s
Random Seed: 1680321340 (Overridden by hardware generation!)
Device #0, Loaded binary from: /home/paperspace/.qrack/qrack_ocl_dev_NVIDIA_A100-SXM4-80GB.ir
Default platform: NVIDIA CUDA
Default device: #0, NVIDIA A100-SXM4-80GB
OpenCL device #0: NVIDIA A100-SXM4-80GB
############ Default Optimal (QUnit) ############
Filters: test_noisy_fidelity_2qb_nn_estimate
>>> 'test_noisy_fidelity_2qb_nn_estimate':
Circuit width: 54
Circuit layer depth (excluding factor of x2 for mirror validation): 9
For SDRP=1: 
Unitary fidelity: 2.07445e-10
Execution time: 0s
For SDRP=0.975: 
Unitary fidelity: 2.07446e-10
Execution time: 0s
For SDRP=0.95: 
Unitary fidelity: 2.07449e-10
Execution time: 0s
For SDRP=0.925: 
Unitary fidelity: 2.0799e-10
Execution time: 0s
For SDRP=0.9: 
Unitary fidelity: 6.64322e-10
Execution time: 0s
For SDRP=0.875: 
Unitary fidelity: 1.8093e-09
Execution time: 0s
Random Seed: 1680321707 (Overridden by hardware generation!)
Device #0, Loaded binary from: /home/paperspace/.qrack/qrack_ocl_dev_NVIDIA_A100-SXM4-80GB.ir
Default platform: NVIDIA CUDA
Default device: #0, NVIDIA A100-SXM4-80GB
OpenCL device #0: NVIDIA A100-SXM4-80GB
############ Default Optimal (QUnit) ############
Filters: test_noisy_fidelity_2qb_nn_estimate
>>> 'test_noisy_fidelity_2qb_nn_estimate':
Circuit width: 54
Circuit layer depth (excluding factor of x2 for mirror validation): 9
Random Seed: 1680322035 (Overridden by hardware generation!)
Device #0, Loaded binary from: /home/paperspace/.qrack/qrack_ocl_dev_NVIDIA_A100-SXM4-80GB.ir
Default platform: NVIDIA CUDA
Default device: #0, NVIDIA A100-SXM4-80GB
OpenCL device #0: NVIDIA A100-SXM4-80GB
############ Default Optimal (QUnit) ############
Filters: test_noisy_fidelity_2qb_nn_estimate
>>> 'test_noisy_fidelity_2qb_nn_estimate':
Circuit width: 54
Circuit layer depth (excluding factor of x2 for mirror validation): 9
For SDRP=1: 
Unitary fidelity: 7.95029e-10
Execution time: 0s
For SDRP=0.975: 
Unitary fidelity: 7.9502e-10
Execution time: 0s
For SDRP=0.95: 
Unitary fidelity: 9.12082e-10
Execution time: 0s
For SDRP=0.925: 
Unitary fidelity: 3.57302e-09
Execution time: 0s
For SDRP=0.9: 
Unitary fidelity: 3.57302e-09
Execution time: 0s
For SDRP=0.875: 
Unitary fidelity: 3.573e-09
Execution time: 0s
Random Seed: 1680322382 (Overridden by hardware generation!)
Device #0, Loaded binary from: /home/paperspace/.qrack/qrack_ocl_dev_NVIDIA_A100-SXM4-80GB.ir
Default platform: NVIDIA CUDA
Default device: #0, NVIDIA A100-SXM4-80GB
OpenCL device #0: NVIDIA A100-SXM4-80GB
############ Default Optimal (QUnit) ############
Filters: test_noisy_fidelity_2qb_nn_estimate
>>> 'test_noisy_fidelity_2qb_nn_estimate':
Circuit width: 54
Circuit layer depth (excluding factor of x2 for mirror validation): 9
For SDRP=1: 
Unitary fidelity: 6.62105e-10
Execution time: 0s
For SDRP=0.975: 
Unitary fidelity: 1.52491e-09
Execution time: 0s
For SDRP=0.95: 
Unitary fidelity: 1.7041e-09
Execution time: 0s
For SDRP=0.925: 
Unitary fidelity: 1.70411e-09
Execution time: 0s
For SDRP=0.9: 
Unitary fidelity: 9.58226e-10
Execution time: 0s
For SDRP=0.875: 
Unitary fidelity: 1.38623e-09
Execution time: 0s
For SDRP=0.85: 
Unitary fidelity: 3.70424e-09
Execution time: 0s
For SDRP=0.825: 
Unitary fidelity: 2.20082e-09
Execution time: 0s
For SDRP=0.8: 
Unitary fidelity: 3.47025e-09
Execution time: 0s
Random Seed: 1680322739 (Overridden by hardware generation!)
Device #0, Loaded binary from: /home/paperspace/.qrack/qrack_ocl_dev_NVIDIA_A100-SXM4-80GB.ir
Default platform: NVIDIA CUDA
Default device: #0, NVIDIA A100-SXM4-80GB
OpenCL device #0: NVIDIA A100-SXM4-80GB
############ Default Optimal (QUnit) ############
Filters: test_noisy_fidelity_2qb_nn_estimate
>>> 'test_noisy_fidelity_2qb_nn_estimate':
Circuit width: 54
Circuit layer depth (excluding factor of x2 for mirror validation): 9
For SDRP=1: 
Unitary fidelity: 2.06077e-10
Execution time: 0s
For SDRP=0.975: 
Unitary fidelity: 2.06078e-10
Execution time: 0s
For SDRP=0.95: 
Unitary fidelity: 2.06076e-10
Execution time: 0s
For SDRP=0.925: 
Unitary fidelity: 2.06077e-10
Execution time: 0s
For SDRP=0.9: 
Unitary fidelity: 2.06075e-10
Execution time: 0s
For SDRP=0.875: 
Unitary fidelity: 7.25286e-10
Execution time: 0s
For SDRP=0.85: 
Unitary fidelity: 7.25279e-10
Execution time: 0s
For SDRP=0.825: 
Unitary fidelity: 8.15736e-10
Execution time: 0s
For SDRP=0.8: 
Unitary fidelity: 2.43848e-09
Execution time: 0s
For SDRP=0.775: 
Unitary fidelity: 5.23823e-09
Execution time: 0s
For SDRP=0.75: 
Unitary fidelity: 2.19984e-08
Execution time: 0s
For SDRP=0.725: 
Unitary fidelity: 3.006e-08
Execution time: 1s
For SDRP=0.7: 
Unitary fidelity: 5.22704e-07
Execution time: 1s
Random Seed: 1680323066 (Overridden by hardware generation!)
Device #0, Loaded binary from: /home/paperspace/.qrack/qrack_ocl_dev_NVIDIA_A100-SXM4-80GB.ir
Default platform: NVIDIA CUDA
Default device: #0, NVIDIA A100-SXM4-80GB
OpenCL device #0: NVIDIA A100-SXM4-80GB
############ Default Optimal (QUnit) ############
Filters: test_noisy_fidelity_2qb_nn_estimate
>>> 'test_noisy_fidelity_2qb_nn_estimate':
Circuit width: 54
Circuit layer depth (excluding factor of x2 for mirror validation): 9
For SDRP=1: 
Unitary fidelity: 9.24057e-10
Execution time: 0s
For SDRP=0.975: 
Unitary fidelity: 9.24062e-10
Execution time: 0s
For SDRP=0.95: 
Unitary fidelity: 5.15242e-10
Execution time: 0s
For SDRP=0.925: 
Unitary fidelity: 5.88352e-10
Execution time: 0s
For SDRP=0.9: 
Unitary fidelity: 5.88355e-10
Execution time: 0s
For SDRP=0.875: 
Unitary fidelity: 1.69441e-09
Execution time: 0s
For SDRP=0.85: 
Unitary fidelity: 3.93731e-09
Execution time: 1s
For SDRP=0.825: 
Unitary fidelity: 4.9865e-09
Execution time: 0s
For SDRP=0.8: 
Unitary fidelity: 4.98652e-09
Execution time: 0s
For SDRP=0.775: 
Unitary fidelity: 2.47793e-08
Execution time: 0s
For SDRP=0.75: 
Unitary fidelity: 2.33495e-08
Execution time: 0s
For SDRP=0.725: 
Unitary fidelity: 7.02922e-08
Execution time: 1s
For SDRP=0.7: 
Unitary fidelity: 6.64823e-08
Execution time: 2s
Random Seed: 1680323405 (Overridden by hardware generation!)
Device #0, Loaded binary from: /home/paperspace/.qrack/qrack_ocl_dev_NVIDIA_A100-SXM4-80GB.ir
Default platform: NVIDIA CUDA
Default device: #0, NVIDIA A100-SXM4-80GB
OpenCL device #0: NVIDIA A100-SXM4-80GB
############ Default Optimal (QUnit) ############
Filters: test_noisy_fidelity_2qb_nn_estimate
>>> 'test_noisy_fidelity_2qb_nn_estimate':
Circuit width: 54
Circuit layer depth (excluding factor of x2 for mirror validation): 9
For SDRP=1: 
Unitary fidelity: 5.41493e-08
Execution time: 0s
For SDRP=0.975: 
Unitary fidelity: 5.41492e-08
Execution time: 0s
For SDRP=0.95: 
Unitary fidelity: 5.41493e-08
Execution time: 0s
For SDRP=0.925: 
Unitary fidelity: 8.05725e-08
Execution time: 1s
For SDRP=0.9: 
Unitary fidelity: 8.05729e-08
Execution time: 1s
For SDRP=0.875: 
Unitary fidelity: 8.05723e-08
Execution time: 1s
For SDRP=0.85: 
Unitary fidelity: 1.23578e-07
Execution time: 1s
Random Seed: 1680323741 (Overridden by hardware generation!)
Device #0, Loaded binary from: /home/paperspace/.qrack/qrack_ocl_dev_NVIDIA_A100-SXM4-80GB.ir
Default platform: NVIDIA CUDA
Default device: #0, NVIDIA A100-SXM4-80GB
OpenCL device #0: NVIDIA A100-SXM4-80GB
############ Default Optimal (QUnit) ############
Filters: test_noisy_fidelity_2qb_nn_estimate
>>> 'test_noisy_fidelity_2qb_nn_estimate':
Circuit width: 54
Circuit layer depth (excluding factor of x2 for mirror validation): 9
For SDRP=1: 
Unitary fidelity: 3.50581e-09
Execution time: 2s
For SDRP=0.975: 
Unitary fidelity: 3.50581e-09
Execution time: 2s
For SDRP=0.95: 
Unitary fidelity: 3.50582e-09
Execution time: 2s
For SDRP=0.925: 
Unitary fidelity: 3.5058e-09
Execution time: 2s
For SDRP=0.9: 
Unitary fidelity: 3.50582e-09
Execution time: 2s
Random Seed: 1680324090 (Overridden by hardware generation!)
Device #0, Loaded binary from: /home/paperspace/.qrack/qrack_ocl_dev_NVIDIA_A100-SXM4-80GB.ir
Default platform: NVIDIA CUDA
Default device: #0, NVIDIA A100-SXM4-80GB
OpenCL device #0: NVIDIA A100-SXM4-80GB
############ Default Optimal (QUnit) ############
Filters: test_noisy_fidelity_2qb_nn_estimate
>>> 'test_noisy_fidelity_2qb_nn_estimate':
Circuit width: 54
Circuit layer depth (excluding factor of x2 for mirror validation): 9
For SDRP=1: 
Unitary fidelity: 2.88903e-08
Execution time: 0s
For SDRP=0.975: 
Unitary fidelity: 2.88903e-08
Execution time: 0s
For SDRP=0.95: 
Unitary fidelity: 2.88906e-08
Execution time: 0s
For SDRP=0.925: 
Unitary fidelity: 2.88906e-08
Execution time: 0s
For SDRP=0.9: 
Unitary fidelity: 2.88903e-08
Execution time: 0s
For SDRP=0.875: 
Unitary fidelity: 2.88904e-08
Execution time: 0s
For SDRP=0.85: 
Unitary fidelity: 2.88904e-08
Execution time: 0s
For SDRP=0.825: 
Unitary fidelity: 5.60676e-08
Execution time: 0s
For SDRP=0.8: 
Unitary fidelity: 5.6067e-08
Execution time: 0s
For SDRP=0.775: 
Unitary fidelity: 8.7307e-08
Execution time: 1s
For SDRP=0.75: 
Unitary fidelity: 3.4088e-07
Execution time: 1s
For SDRP=0.725: 
Unitary fidelity: 3.77524e-07
Execution time: 1s
Random Seed: 1680324419 (Overridden by hardware generation!)
Device #0, Loaded binary from: /home/paperspace/.qrack/qrack_ocl_dev_NVIDIA_A100-SXM4-80GB.ir
Default platform: NVIDIA CUDA
Default device: #0, NVIDIA A100-SXM4-80GB
OpenCL device #0: NVIDIA A100-SXM4-80GB
############ Default Optimal (QUnit) ############
Filters: test_noisy_fidelity_2qb_nn_estimate
>>> 'test_noisy_fidelity_2qb_nn_estimate':
Circuit width: 54
Circuit layer depth (excluding factor of x2 for mirror validation): 9
For SDRP=1: 
Unitary fidelity: 4.49174e-12
Execution time: 0s
For SDRP=0.975: 
Unitary fidelity: 4.49166e-12
Execution time: 0s
For SDRP=0.95: 
Unitary fidelity: 4.49171e-12
Execution time: 0s
For SDRP=0.925: 
Unitary fidelity: 4.9252e-12
Execution time: 0s
For SDRP=0.9: 
Unitary fidelity: 1.01812e-11
Execution time: 0s
For SDRP=0.875: 
Unitary fidelity: 1.27655e-10
Execution time: 0s
For SDRP=0.85: 
Unitary fidelity: 2.88033e-10
Execution time: 0s
Random Seed: 1680324789 (Overridden by hardware generation!)
Device #0, Loaded binary from: /home/paperspace/.qrack/qrack_ocl_dev_NVIDIA_A100-SXM4-80GB.ir
Default platform: NVIDIA CUDA
Default device: #0, NVIDIA A100-SXM4-80GB
OpenCL device #0: NVIDIA A100-SXM4-80GB
############ Default Optimal (QUnit) ############
Filters: test_noisy_fidelity_2qb_nn_estimate
>>> 'test_noisy_fidelity_2qb_nn_estimate':
Circuit width: 54
Circuit layer depth (excluding factor of x2 for mirror validation): 9

~~~~~~~~~~~~~~~~~~~~~~~~~~~~~~~~~~~~~~~~~~~~~~~~~~~~~~~~~~~~~~~~~~~~~~~~~~~~~~~
benchmarks is a Catch v2.13.7 host application.
Run with -? for options

Randomness seeded to: 1680324789

-------------------------------------------------------------------------------
test_noisy_fidelity_2qb_nn_estimate
-------------------------------------------------------------------------------
/home/paperspace/qrack/test/benchmarks.cpp:5697
...............................................................................

/home/paperspace/qrack/test/benchmarks.cpp:5697: FAILED:
due to unexpected exception with message:
  Cannot instantiate a QPager with greater capacity than environment variable
  QRACK_MAX_PAGING_QB.

===============================================================================
test cases: 1 | 1 failed
assertions: 1 | 1 failed

Random Seed: 1680324814 (Overridden by hardware generation!)
Device #0, Loaded binary from: /home/paperspace/.qrack/qrack_ocl_dev_NVIDIA_A100-SXM4-80GB.ir
Default platform: NVIDIA CUDA
Default device: #0, NVIDIA A100-SXM4-80GB
OpenCL device #0: NVIDIA A100-SXM4-80GB
############ Default Optimal (QUnit) ############
Filters: test_noisy_fidelity_2qb_nn_estimate
>>> 'test_noisy_fidelity_2qb_nn_estimate':
Circuit width: 54
Circuit layer depth (excluding factor of x2 for mirror validation): 9
For SDRP=1: 
Unitary fidelity: 6.1343e-09
Execution time: 0s
For SDRP=0.975: 
Unitary fidelity: 6.13426e-09
Execution time: 0s
For SDRP=0.95: 
Unitary fidelity: 6.13428e-09
Execution time: 0s
For SDRP=0.925: 
Unitary fidelity: 6.1343e-09
Execution time: 0s
For SDRP=0.9: 
Unitary fidelity: 6.13428e-09
Execution time: 0s
For SDRP=0.875: 
Unitary fidelity: 9.1075e-09
Execution time: 0s
For SDRP=0.85: 
Unitary fidelity: 9.10748e-09
Execution time: 0s
For SDRP=0.825: 
Unitary fidelity: 1.60293e-08
Execution time: 0s
For SDRP=0.8: 
Unitary fidelity: 1.40063e-08
Execution time: 0s
For SDRP=0.775: 
Unitary fidelity: 3.72962e-08
Execution time: 0s
For SDRP=0.75: 
Unitary fidelity: 7.10606e-08
Execution time: 0s
For SDRP=0.725: 
Unitary fidelity: 8.65576e-08
Execution time: 0s
For SDRP=0.7: 
Unitary fidelity: 1.23207e-07
Execution time: 0s
For SDRP=0.675: 
Unitary fidelity: 6.73689e-07
Execution time: 1s
For SDRP=0.65: 
Unitary fidelity: 2.32671e-06
Execution time: 1s
Random Seed: 1680325180 (Overridden by hardware generation!)
Device #0, Loaded binary from: /home/paperspace/.qrack/qrack_ocl_dev_NVIDIA_A100-SXM4-80GB.ir
Default platform: NVIDIA CUDA
Default device: #0, NVIDIA A100-SXM4-80GB
OpenCL device #0: NVIDIA A100-SXM4-80GB
############ Default Optimal (QUnit) ############
Filters: test_noisy_fidelity_2qb_nn_estimate
>>> 'test_noisy_fidelity_2qb_nn_estimate':
Circuit width: 54
Circuit layer depth (excluding factor of x2 for mirror validation): 9
Random Seed: 1680325561 (Overridden by hardware generation!)
Device #0, Loaded binary from: /home/paperspace/.qrack/qrack_ocl_dev_NVIDIA_A100-SXM4-80GB.ir
Default platform: NVIDIA CUDA
Default device: #0, NVIDIA A100-SXM4-80GB
OpenCL device #0: NVIDIA A100-SXM4-80GB
############ Default Optimal (QUnit) ############
Filters: test_noisy_fidelity_2qb_nn_estimate
>>> 'test_noisy_fidelity_2qb_nn_estimate':
Circuit width: 54
Circuit layer depth (excluding factor of x2 for mirror validation): 9
For SDRP=1: 
Unitary fidelity: 3.34124e-11
Execution time: 0s
For SDRP=0.975: 
Unitary fidelity: 3.67412e-11
Execution time: 0s
For SDRP=0.95: 
Unitary fidelity: 2.15214e-10
Execution time: 0s
For SDRP=0.925: 
Unitary fidelity: 3.85871e-10
Execution time: 0s
For SDRP=0.9: 
Unitary fidelity: 4.65073e-10
Execution time: 0s
For SDRP=0.875: 
Unitary fidelity: 2.54694e-10
Execution time: 0s
For SDRP=0.85: 
Unitary fidelity: 1.43132e-09
Execution time: 0s
For SDRP=0.825: 
Unitary fidelity: 1.06623e-09
Execution time: 0s
For SDRP=0.8: 
Unitary fidelity: 9.40117e-09
Execution time: 0s
For SDRP=0.775: 
Unitary fidelity: 8.52607e-09
Execution time: 0s
For SDRP=0.75: 
Unitary fidelity: 2.20377e-08
Execution time: 0s
For SDRP=0.725: 
Unitary fidelity: 1.47454e-07
Execution time: 0s
For SDRP=0.7: 
Unitary fidelity: 1.30127e-07
Execution time: 0s
For SDRP=0.675: 
Unitary fidelity: 4.63757e-07
Execution time: 0s
For SDRP=0.65: 
Unitary fidelity: 8.61685e-07
Execution time: 0s
Random Seed: 1680325880 (Overridden by hardware generation!)
Device #0, Loaded binary from: /home/paperspace/.qrack/qrack_ocl_dev_NVIDIA_A100-SXM4-80GB.ir
Default platform: NVIDIA CUDA
Default device: #0, NVIDIA A100-SXM4-80GB
OpenCL device #0: NVIDIA A100-SXM4-80GB
############ Default Optimal (QUnit) ############
Filters: test_noisy_fidelity_2qb_nn_estimate
>>> 'test_noisy_fidelity_2qb_nn_estimate':
Circuit width: 54
Circuit layer depth (excluding factor of x2 for mirror validation): 9
For SDRP=1: 
Unitary fidelity: 1.04246e-08
Execution time: 0s
For SDRP=0.975: 
Unitary fidelity: 1.04246e-08
Execution time: 0s
For SDRP=0.95: 
Unitary fidelity: 1.97743e-08
Execution time: 0s
For SDRP=0.925: 
Unitary fidelity: 2.2633e-08
Execution time: 0s
For SDRP=0.9: 
Unitary fidelity: 2.2633e-08
Execution time: 0s
For SDRP=0.875: 
Unitary fidelity: 1.58847e-07
Execution time: 0s
For SDRP=0.85: 
Unitary fidelity: 1.58846e-07
Execution time: 0s
For SDRP=0.825: 
Unitary fidelity: 2.03507e-07
Execution time: 0s
For SDRP=0.8: 
Unitary fidelity: 2.03508e-07
Execution time: 0s
For SDRP=0.775: 
Unitary fidelity: 2.03508e-07
Execution time: 0s
For SDRP=0.75: 
Unitary fidelity: 1.80023e-06
Execution time: 0s
For SDRP=0.725: 
Unitary fidelity: 3.64757e-06
Execution time: 0s
For SDRP=0.7: 
Unitary fidelity: 1.37199e-05
Execution time: 0s
For SDRP=0.675: 
Unitary fidelity: 1.37198e-05
Execution time: 0s
For SDRP=0.65: 
Unitary fidelity: 0.000253936
Execution time: 0s
For SDRP=0.625: 
Unitary fidelity: 0.000252519
Execution time: 0s
For SDRP=0.6: 
Unitary fidelity: 0.000252521
Execution time: 0s
For SDRP=0.575: 
Unitary fidelity: 0.000309172
Execution time: 0s
For SDRP=0.55: 
Unitary fidelity: 0.000305605
Execution time: 0s
For SDRP=0.525: 
Unitary fidelity: 0.000818558
Execution time: 0s
For SDRP=0.5: 
Unitary fidelity: 0.00117792
Execution time: 0s
For SDRP=0.475: 
Unitary fidelity: 0.00313356
Execution time: 0s
For SDRP=0.45: 
Unitary fidelity: 0.00539494
Execution time: 1s
For SDRP=0.425: 
Unitary fidelity: 0.00539494
Execution time: 1s
Random Seed: 1680326208 (Overridden by hardware generation!)
Device #0, Loaded binary from: /home/paperspace/.qrack/qrack_ocl_dev_NVIDIA_A100-SXM4-80GB.ir
Default platform: NVIDIA CUDA
Default device: #0, NVIDIA A100-SXM4-80GB
OpenCL device #0: NVIDIA A100-SXM4-80GB
############ Default Optimal (QUnit) ############
Filters: test_noisy_fidelity_2qb_nn_estimate
>>> 'test_noisy_fidelity_2qb_nn_estimate':
Circuit width: 54
Circuit layer depth (excluding factor of x2 for mirror validation): 9
For SDRP=1: 
Unitary fidelity: 2.24254e-12
Execution time: 1s
For SDRP=0.975: 
Unitary fidelity: 2.24248e-12
Execution time: 1s
Random Seed: 1680326524 (Overridden by hardware generation!)
Device #0, Loaded binary from: /home/paperspace/.qrack/qrack_ocl_dev_NVIDIA_A100-SXM4-80GB.ir
Default platform: NVIDIA CUDA
Default device: #0, NVIDIA A100-SXM4-80GB
OpenCL device #0: NVIDIA A100-SXM4-80GB
############ Default Optimal (QUnit) ############
Filters: test_noisy_fidelity_2qb_nn_estimate
>>> 'test_noisy_fidelity_2qb_nn_estimate':
Circuit width: 54
Circuit layer depth (excluding factor of x2 for mirror validation): 9
For SDRP=1: 
Unitary fidelity: 1.71268e-07
Execution time: 1s
For SDRP=0.975: 
Unitary fidelity: 1.71269e-07
Execution time: 1s
For SDRP=0.95: 
Unitary fidelity: 1.71268e-07
Execution time: 1s
For SDRP=0.925: 
Unitary fidelity: 1.71268e-07
Execution time: 1s
For SDRP=0.9: 
Unitary fidelity: 1.48203e-07
Execution time: 1s
For SDRP=0.875: 
Unitary fidelity: 1.54838e-07
Execution time: 1s
For SDRP=0.85: 
Unitary fidelity: 3.00547e-07
Execution time: 1s
For SDRP=0.825: 
Unitary fidelity: 8.75808e-07
Execution time: 1s
For SDRP=0.8: 
Unitary fidelity: 5.93382e-07
Execution time: 1s
For SDRP=0.775: 
Unitary fidelity: 1.39675e-06
Execution time: 1s
For SDRP=0.75: 
Unitary fidelity: 1.387e-06
Execution time: 1s
For SDRP=0.725: 
Unitary fidelity: 1.65185e-06
Execution time: 1s
For SDRP=0.7: 
Unitary fidelity: 5.48111e-06
Execution time: 1s
For SDRP=0.675: 
Unitary fidelity: 5.48109e-06
Execution time: 1s
For SDRP=0.65: 
Unitary fidelity: 2.76394e-05
Execution time: 1s
For SDRP=0.625: 
Unitary fidelity: 4.53801e-05
Execution time: 1s
For SDRP=0.6: 
Unitary fidelity: 4.53799e-05
Execution time: 1s
For SDRP=0.575: 
Unitary fidelity: 5.79873e-05
Execution time: 1s
For SDRP=0.55: 
Unitary fidelity: 0.00016178
Execution time: 1s
For SDRP=0.525: 
Unitary fidelity: 0.00016178
Execution time: 1s
For SDRP=0.5: 
Unitary fidelity: 0.000323351
Execution time: 1s
For SDRP=0.475: 
Unitary fidelity: 0.000779017
Execution time: 1s
For SDRP=0.45: 
Unitary fidelity: 0.00111705
Execution time: 2s
For SDRP=0.425: 
Unitary fidelity: 0.00222872
Execution time: 2s
Random Seed: 1680326896 (Overridden by hardware generation!)
Device #0, Loaded binary from: /home/paperspace/.qrack/qrack_ocl_dev_NVIDIA_A100-SXM4-80GB.ir
Default platform: NVIDIA CUDA
Default device: #0, NVIDIA A100-SXM4-80GB
OpenCL device #0: NVIDIA A100-SXM4-80GB
############ Default Optimal (QUnit) ############
Filters: test_noisy_fidelity_2qb_nn_estimate
>>> 'test_noisy_fidelity_2qb_nn_estimate':
Circuit width: 54
Circuit layer depth (excluding factor of x2 for mirror validation): 9
Random Seed: 1680327244 (Overridden by hardware generation!)
Device #0, Loaded binary from: /home/paperspace/.qrack/qrack_ocl_dev_NVIDIA_A100-SXM4-80GB.ir
Default platform: NVIDIA CUDA
Default device: #0, NVIDIA A100-SXM4-80GB
OpenCL device #0: NVIDIA A100-SXM4-80GB
############ Default Optimal (QUnit) ############
Filters: test_noisy_fidelity_2qb_nn_estimate
>>> 'test_noisy_fidelity_2qb_nn_estimate':
Circuit width: 54
Circuit layer depth (excluding factor of x2 for mirror validation): 9
For SDRP=1: 
Unitary fidelity: 1.22192e-09
Execution time: 0s
For SDRP=0.975: 
Unitary fidelity: 1.2219e-09
Execution time: 0s
For SDRP=0.95: 
Unitary fidelity: 1.22191e-09
Execution time: 0s
For SDRP=0.925: 
Unitary fidelity: 9.17658e-10
Execution time: 0s
For SDRP=0.9: 
Unitary fidelity: 2.81195e-09
Execution time: 0s
For SDRP=0.875: 
Unitary fidelity: 2.81194e-09
Execution time: 0s
For SDRP=0.85: 
Unitary fidelity: 3.65531e-09
Execution time: 0s
For SDRP=0.825: 
Unitary fidelity: 7.0133e-09
Execution time: 0s
For SDRP=0.8: 
Unitary fidelity: 4.18421e-09
Execution time: 0s
For SDRP=0.775: 
Unitary fidelity: 8.84643e-09
Execution time: 0s
For SDRP=0.75: 
Unitary fidelity: 1.92322e-09
Execution time: 0s
For SDRP=0.725: 
Unitary fidelity: 6.40435e-08
Execution time: 0s
For SDRP=0.7: 
Unitary fidelity: 1.22961e-07
Execution time: 0s
For SDRP=0.675: 
Unitary fidelity: 3.25337e-07
Execution time: 0s
For SDRP=0.65: 
Unitary fidelity: 1.92643e-06
Execution time: 2s
Random Seed: 1680327604 (Overridden by hardware generation!)
Device #0, Loaded binary from: /home/paperspace/.qrack/qrack_ocl_dev_NVIDIA_A100-SXM4-80GB.ir
Default platform: NVIDIA CUDA
Default device: #0, NVIDIA A100-SXM4-80GB
OpenCL device #0: NVIDIA A100-SXM4-80GB
############ Default Optimal (QUnit) ############
Filters: test_noisy_fidelity_2qb_nn_estimate
>>> 'test_noisy_fidelity_2qb_nn_estimate':
Circuit width: 54
Circuit layer depth (excluding factor of x2 for mirror validation): 9
For SDRP=1: 
Unitary fidelity: 1.3965e-10
Execution time: 0s
For SDRP=0.975: 
Unitary fidelity: 1.3965e-10
Execution time: 0s
For SDRP=0.95: 
Unitary fidelity: 8.09195e-11
Execution time: 0s
For SDRP=0.925: 
Unitary fidelity: 8.09194e-11
Execution time: 0s
For SDRP=0.9: 
Unitary fidelity: 2.12882e-10
Execution time: 0s
For SDRP=0.875: 
Unitary fidelity: 2.91265e-10
Execution time: 0s
For SDRP=0.85: 
Unitary fidelity: 4.44278e-10
Execution time: 0s
For SDRP=0.825: 
Unitary fidelity: 1.40801e-09
Execution time: 0s
For SDRP=0.8: 
Unitary fidelity: 1.6225e-09
Execution time: 0s
For SDRP=0.775: 
Unitary fidelity: 3.31432e-09
Execution time: 0s
For SDRP=0.75: 
Unitary fidelity: 5.58589e-09
Execution time: 0s
For SDRP=0.725: 
Unitary fidelity: 1.38537e-08
Execution time: 0s
For SDRP=0.7: 
Unitary fidelity: 3.03751e-08
Execution time: 0s
Random Seed: 1680327922 (Overridden by hardware generation!)
Device #0, Loaded binary from: /home/paperspace/.qrack/qrack_ocl_dev_NVIDIA_A100-SXM4-80GB.ir
Default platform: NVIDIA CUDA
Default device: #0, NVIDIA A100-SXM4-80GB
OpenCL device #0: NVIDIA A100-SXM4-80GB
############ Default Optimal (QUnit) ############
Filters: test_noisy_fidelity_2qb_nn_estimate
>>> 'test_noisy_fidelity_2qb_nn_estimate':
Circuit width: 54
Circuit layer depth (excluding factor of x2 for mirror validation): 9
For SDRP=1: 
Unitary fidelity: 8.70025e-11
Execution time: 0s
For SDRP=0.975: 
Unitary fidelity: 8.70026e-11
Execution time: 0s
For SDRP=0.95: 
Unitary fidelity: 8.7002e-11
Execution time: 0s
For SDRP=0.925: 
Unitary fidelity: 1.52255e-10
Execution time: 0s
For SDRP=0.9: 
Unitary fidelity: 2.55082e-10
Execution time: 0s
For SDRP=0.875: 
Unitary fidelity: 2.20958e-10
Execution time: 0s
For SDRP=0.85: 
Unitary fidelity: 1.68301e-09
Execution time: 1s
For SDRP=0.825: 
Unitary fidelity: 4.9414e-09
Execution time: 1s
Random Seed: 1680328284 (Overridden by hardware generation!)
Device #0, Loaded binary from: /home/paperspace/.qrack/qrack_ocl_dev_NVIDIA_A100-SXM4-80GB.ir
Default platform: NVIDIA CUDA
Default device: #0, NVIDIA A100-SXM4-80GB
OpenCL device #0: NVIDIA A100-SXM4-80GB
############ Default Optimal (QUnit) ############
Filters: test_noisy_fidelity_2qb_nn_estimate
>>> 'test_noisy_fidelity_2qb_nn_estimate':
Circuit width: 54
Circuit layer depth (excluding factor of x2 for mirror validation): 9
For SDRP=1: 
Unitary fidelity: 3.39821e-10
Execution time: 0s
For SDRP=0.975: 
Unitary fidelity: 9.79205e-10
Execution time: 0s
For SDRP=0.95: 
Unitary fidelity: 2.13478e-09
Execution time: 1s
For SDRP=0.925: 
Unitary fidelity: 2.13477e-09
Execution time: 1s
For SDRP=0.9: 
Unitary fidelity: 2.13477e-09
Execution time: 1s
For SDRP=0.875: 
Unitary fidelity: 2.13481e-09
Execution time: 1s
For SDRP=0.85: 
Unitary fidelity: 2.8298e-09
Execution time: 0s
For SDRP=0.825: 
Unitary fidelity: 7.28092e-09
Execution time: 0s
Random Seed: 1680328613 (Overridden by hardware generation!)
Device #0, Loaded binary from: /home/paperspace/.qrack/qrack_ocl_dev_NVIDIA_A100-SXM4-80GB.ir
Default platform: NVIDIA CUDA
Default device: #0, NVIDIA A100-SXM4-80GB
OpenCL device #0: NVIDIA A100-SXM4-80GB
############ Default Optimal (QUnit) ############
Filters: test_noisy_fidelity_2qb_nn_estimate
>>> 'test_noisy_fidelity_2qb_nn_estimate':
Circuit width: 54
Circuit layer depth (excluding factor of x2 for mirror validation): 9
For SDRP=1: 
Unitary fidelity: 5.50913e-10
Execution time: 0s
For SDRP=0.975: 
Unitary fidelity: 5.50913e-10
Execution time: 0s
For SDRP=0.95: 
Unitary fidelity: 5.50915e-10
Execution time: 0s
For SDRP=0.925: 
Unitary fidelity: 2.15479e-09
Execution time: 0s
For SDRP=0.9: 
Unitary fidelity: 2.1548e-09
Execution time: 0s
For SDRP=0.875: 
Unitary fidelity: 6.90318e-09
Execution time: 1s
For SDRP=0.85: 
Unitary fidelity: 7.37586e-09
Execution time: 1s
Random Seed: 1680328942 (Overridden by hardware generation!)
Device #0, Loaded binary from: /home/paperspace/.qrack/qrack_ocl_dev_NVIDIA_A100-SXM4-80GB.ir
Default platform: NVIDIA CUDA
Default device: #0, NVIDIA A100-SXM4-80GB
OpenCL device #0: NVIDIA A100-SXM4-80GB
############ Default Optimal (QUnit) ############
Filters: test_noisy_fidelity_2qb_nn_estimate
>>> 'test_noisy_fidelity_2qb_nn_estimate':
Circuit width: 54
Circuit layer depth (excluding factor of x2 for mirror validation): 9
For SDRP=1: 
Unitary fidelity: 5.58219e-11
Execution time: 0s
For SDRP=0.975: 
Unitary fidelity: 6.43577e-11
Execution time: 0s
For SDRP=0.95: 
Unitary fidelity: 6.4358e-11
Execution time: 0s
For SDRP=0.925: 
Unitary fidelity: 2.3944e-10
Execution time: 0s
For SDRP=0.9: 
Unitary fidelity: 2.3944e-10
Execution time: 0s
For SDRP=0.875: 
Unitary fidelity: 2.92644e-10
Execution time: 0s
For SDRP=0.85: 
Unitary fidelity: 2.40291e-10
Execution time: 0s
For SDRP=0.825: 
Unitary fidelity: 3.46832e-09
Execution time: 0s
For SDRP=0.8: 
Unitary fidelity: 7.47157e-08
Execution time: 0s
For SDRP=0.775: 
Unitary fidelity: 2.20763e-07
Execution time: 0s
For SDRP=0.75: 
Unitary fidelity: 4.56288e-07
Execution time: 0s
For SDRP=0.725: 
Unitary fidelity: 2.64161e-06
Execution time: 0s
For SDRP=0.7: 
Unitary fidelity: 3.11428e-06
Execution time: 0s
For SDRP=0.675: 
Unitary fidelity: 4.26151e-06
Execution time: 0s
Random Seed: 1680329282 (Overridden by hardware generation!)
Device #0, Loaded binary from: /home/paperspace/.qrack/qrack_ocl_dev_NVIDIA_A100-SXM4-80GB.ir
Default platform: NVIDIA CUDA
Default device: #0, NVIDIA A100-SXM4-80GB
OpenCL device #0: NVIDIA A100-SXM4-80GB
############ Default Optimal (QUnit) ############
Filters: test_noisy_fidelity_2qb_nn_estimate
>>> 'test_noisy_fidelity_2qb_nn_estimate':
Circuit width: 54
Circuit layer depth (excluding factor of x2 for mirror validation): 9
For SDRP=1: 
Unitary fidelity: 1.988e-09
Execution time: 0s
For SDRP=0.975: 
Unitary fidelity: 1.98799e-09
Execution time: 0s
For SDRP=0.95: 
Unitary fidelity: 1.988e-09
Execution time: 0s
For SDRP=0.925: 
Unitary fidelity: 3.77496e-09
Execution time: 0s
For SDRP=0.9: 
Unitary fidelity: 2.68471e-09
Execution time: 0s
For SDRP=0.875: 
Unitary fidelity: 1.56316e-09
Execution time: 0s
For SDRP=0.85: 
Unitary fidelity: 3.1223e-09
Execution time: 0s
For SDRP=0.825: 
Unitary fidelity: 3.12231e-09
Execution time: 0s
For SDRP=0.8: 
Unitary fidelity: 3.12231e-09
Execution time: 0s
For SDRP=0.775: 
Unitary fidelity: 2.48499e-09
Execution time: 0s
