Random Seed: 1680973897 (Overridden by hardware generation!)
Device #0, Loaded binary from: /home/paperspace/.qrack/qrack_ocl_dev_A100_80GB_PCIe.ir
Default platform: NVIDIA CUDA
Default device: #0, A100 80GB PCIe
OpenCL device #0: A100 80GB PCIe
############ Default Optimal (QUnit) ############
Filters: test_noisy_fidelity_2qb_nn_estimate
>>> 'test_noisy_fidelity_2qb_nn_estimate':
Circuit width: 54
Circuit layer depth (excluding factor of x2 for mirror validation): 8
For SDRP=1: 
Unitary fidelity: 6.41773e-08
Execution time: 0s
For SDRP=0.975: 
Unitary fidelity: 6.41767e-08
Execution time: 0s
For SDRP=0.95: 
Unitary fidelity: 4.6173e-08
Execution time: 0s
For SDRP=0.925: 
Unitary fidelity: 5.54612e-08
Execution time: 0s
For SDRP=0.9: 
Unitary fidelity: 5.19012e-08
Execution time: 0s
For SDRP=0.875: 
Unitary fidelity: 2.80669e-07
Execution time: 0s
For SDRP=0.85: 
Unitary fidelity: 6.39195e-07
Execution time: 0s
For SDRP=0.825: 
Unitary fidelity: 6.39196e-07
Execution time: 0s
For SDRP=0.8: 
Unitary fidelity: 6.39195e-07
Execution time: 0s
For SDRP=0.775: 
Unitary fidelity: 5.48756e-06
Execution time: 0s
For SDRP=0.75: 
Unitary fidelity: 3.71752e-06
Execution time: 0s
For SDRP=0.725: 
Unitary fidelity: 7.60313e-06
Execution time: 0s
For SDRP=0.7: 
Unitary fidelity: 1.03011e-05
Execution time: 0s
For SDRP=0.675: 
Unitary fidelity: 1.82989e-05
Execution time: 0s
Random Seed: 1680974317 (Overridden by hardware generation!)
Device #0, Loaded binary from: /home/paperspace/.qrack/qrack_ocl_dev_A100_80GB_PCIe.ir
Default platform: NVIDIA CUDA
Default device: #0, A100 80GB PCIe
OpenCL device #0: A100 80GB PCIe
############ Default Optimal (QUnit) ############
Filters: test_noisy_fidelity_2qb_nn_estimate
>>> 'test_noisy_fidelity_2qb_nn_estimate':
Circuit width: 54
Circuit layer depth (excluding factor of x2 for mirror validation): 8
Random Seed: 1680974734 (Overridden by hardware generation!)
Device #0, Loaded binary from: /home/paperspace/.qrack/qrack_ocl_dev_A100_80GB_PCIe.ir
Default platform: NVIDIA CUDA
Default device: #0, A100 80GB PCIe
OpenCL device #0: A100 80GB PCIe
############ Default Optimal (QUnit) ############
Filters: test_noisy_fidelity_2qb_nn_estimate
>>> 'test_noisy_fidelity_2qb_nn_estimate':
Circuit width: 54
Circuit layer depth (excluding factor of x2 for mirror validation): 8
For SDRP=1: 
Unitary fidelity: 1.79507e-07
Execution time: 1s
For SDRP=0.975: 
Unitary fidelity: 1.79507e-07
Execution time: 1s
For SDRP=0.95: 
Unitary fidelity: 1.79506e-07
Execution time: 1s
For SDRP=0.925: 
Unitary fidelity: 1.79508e-07
Execution time: 1s
For SDRP=0.9: 
Unitary fidelity: 1.05012e-07
Execution time: 1s
For SDRP=0.875: 
Unitary fidelity: 1.51751e-07
Execution time: 1s
For SDRP=0.85: 
Unitary fidelity: 1.51752e-07
Execution time: 1s
Random Seed: 1680975149 (Overridden by hardware generation!)
Device #0, Loaded binary from: /home/paperspace/.qrack/qrack_ocl_dev_A100_80GB_PCIe.ir
Default platform: NVIDIA CUDA
Default device: #0, A100 80GB PCIe
OpenCL device #0: A100 80GB PCIe
############ Default Optimal (QUnit) ############
Filters: test_noisy_fidelity_2qb_nn_estimate
>>> 'test_noisy_fidelity_2qb_nn_estimate':
Circuit width: 54
Circuit layer depth (excluding factor of x2 for mirror validation): 8
For SDRP=1: 
Unitary fidelity: 2.40862e-07
Execution time: 0s
For SDRP=0.975: 
Unitary fidelity: 2.4086e-07
Execution time: 0s
For SDRP=0.95: 
Unitary fidelity: 1.57591e-07
Execution time: 0s
For SDRP=0.925: 
Unitary fidelity: 1.57592e-07
Execution time: 0s
For SDRP=0.9: 
Unitary fidelity: 1.57591e-07
Execution time: 0s
For SDRP=0.875: 
Unitary fidelity: 1.57591e-07
Execution time: 0s
For SDRP=0.85: 
Unitary fidelity: 2.84391e-07
Execution time: 1s
Random Seed: 1680975579 (Overridden by hardware generation!)
Device #0, Loaded binary from: /home/paperspace/.qrack/qrack_ocl_dev_A100_80GB_PCIe.ir
Default platform: NVIDIA CUDA
Default device: #0, A100 80GB PCIe
OpenCL device #0: A100 80GB PCIe
############ Default Optimal (QUnit) ############
Filters: test_noisy_fidelity_2qb_nn_estimate
>>> 'test_noisy_fidelity_2qb_nn_estimate':
Circuit width: 54
Circuit layer depth (excluding factor of x2 for mirror validation): 8
Random Seed: 1680975965 (Overridden by hardware generation!)
Device #0, Loaded binary from: /home/paperspace/.qrack/qrack_ocl_dev_A100_80GB_PCIe.ir
Default platform: NVIDIA CUDA
Default device: #0, A100 80GB PCIe
OpenCL device #0: A100 80GB PCIe
############ Default Optimal (QUnit) ############
Filters: test_noisy_fidelity_2qb_nn_estimate
>>> 'test_noisy_fidelity_2qb_nn_estimate':
Circuit width: 54
Circuit layer depth (excluding factor of x2 for mirror validation): 8
Random Seed: 1680976370 (Overridden by hardware generation!)
Device #0, Loaded binary from: /home/paperspace/.qrack/qrack_ocl_dev_A100_80GB_PCIe.ir
Default platform: NVIDIA CUDA
Default device: #0, A100 80GB PCIe
OpenCL device #0: A100 80GB PCIe
############ Default Optimal (QUnit) ############
Filters: test_noisy_fidelity_2qb_nn_estimate
>>> 'test_noisy_fidelity_2qb_nn_estimate':
Circuit width: 54
Circuit layer depth (excluding factor of x2 for mirror validation): 8
For SDRP=1: 
Unitary fidelity: 4.11138e-07
Execution time: 0s
For SDRP=0.975: 
Unitary fidelity: 4.11137e-07
Execution time: 0s
For SDRP=0.95: 
Unitary fidelity: 4.11139e-07
Execution time: 0s
For SDRP=0.925: 
Unitary fidelity: 4.11139e-07
Execution time: 0s
For SDRP=0.9: 
Unitary fidelity: 2.8859e-07
Execution time: 0s
For SDRP=0.875: 
Unitary fidelity: 2.8859e-07
Execution time: 0s
For SDRP=0.85: 
Unitary fidelity: 2.88589e-07
Execution time: 0s
For SDRP=0.825: 
Unitary fidelity: 2.88589e-07
Execution time: 0s
For SDRP=0.8: 
Unitary fidelity: 4.62588e-07
Execution time: 0s
For SDRP=0.775: 
Unitary fidelity: 4.08973e-07
Execution time: 0s
For SDRP=0.75: 
Unitary fidelity: 4.49085e-07
Execution time: 0s
For SDRP=0.725: 
Unitary fidelity: 7.55949e-07
Execution time: 1s
For SDRP=0.7: 
Unitary fidelity: 1.17985e-06
Execution time: 0s
For SDRP=0.675: 
Unitary fidelity: 1.31958e-06
Execution time: 0s
Random Seed: 1680976780 (Overridden by hardware generation!)
Device #0, Loaded binary from: /home/paperspace/.qrack/qrack_ocl_dev_A100_80GB_PCIe.ir
Default platform: NVIDIA CUDA
Default device: #0, A100 80GB PCIe
OpenCL device #0: A100 80GB PCIe
############ Default Optimal (QUnit) ############
Filters: test_noisy_fidelity_2qb_nn_estimate
>>> 'test_noisy_fidelity_2qb_nn_estimate':
Circuit width: 54
Circuit layer depth (excluding factor of x2 for mirror validation): 8
For SDRP=1: 
Unitary fidelity: 4.72856e-08
Execution time: 0s
For SDRP=0.975: 
Unitary fidelity: 4.72855e-08
Execution time: 0s
For SDRP=0.95: 
Unitary fidelity: 4.72857e-08
Execution time: 0s
For SDRP=0.925: 
Unitary fidelity: 4.72858e-08
Execution time: 0s
For SDRP=0.9: 
Unitary fidelity: 4.0175e-08
Execution time: 0s
For SDRP=0.875: 
Unitary fidelity: 3.56901e-08
Execution time: 0s
For SDRP=0.85: 
Unitary fidelity: 4.35536e-08
Execution time: 0s
For SDRP=0.825: 
Unitary fidelity: 3.89564e-08
Execution time: 0s
For SDRP=0.8: 
Unitary fidelity: 3.89564e-08
Execution time: 0s
For SDRP=0.775: 
Unitary fidelity: 7.36722e-08
Execution time: 0s
For SDRP=0.75: 
Unitary fidelity: 1.09857e-07
Execution time: 1s
For SDRP=0.725: 
Unitary fidelity: 5.65933e-07
Execution time: 2s
Random Seed: 1680977214 (Overridden by hardware generation!)
Device #0, Loaded binary from: /home/paperspace/.qrack/qrack_ocl_dev_A100_80GB_PCIe.ir
Default platform: NVIDIA CUDA
Default device: #0, A100 80GB PCIe
OpenCL device #0: A100 80GB PCIe
############ Default Optimal (QUnit) ############
Filters: test_noisy_fidelity_2qb_nn_estimate
>>> 'test_noisy_fidelity_2qb_nn_estimate':
Circuit width: 54
Circuit layer depth (excluding factor of x2 for mirror validation): 8
For SDRP=1: 
Unitary fidelity: 2.16422e-09
Execution time: 0s
For SDRP=0.975: 
Unitary fidelity: 2.16422e-09
Execution time: 0s
For SDRP=0.95: 
Unitary fidelity: 2.16421e-09
Execution time: 0s
For SDRP=0.925: 
Unitary fidelity: 2.16423e-09
Execution time: 0s
For SDRP=0.9: 
Unitary fidelity: 2.16422e-09
Execution time: 0s
For SDRP=0.875: 
Unitary fidelity: 2.16422e-09
Execution time: 0s
For SDRP=0.85: 
Unitary fidelity: 3.54167e-09
Execution time: 0s
For SDRP=0.825: 
Unitary fidelity: 3.54168e-09
Execution time: 0s
For SDRP=0.8: 
Unitary fidelity: 3.09035e-09
Execution time: 0s
For SDRP=0.775: 
Unitary fidelity: 3.96189e-09
Execution time: 0s
For SDRP=0.75: 
Unitary fidelity: 3.96188e-09
Execution time: 0s
For SDRP=0.725: 
Unitary fidelity: 6.33705e-09
Execution time: 0s
For SDRP=0.7: 
Unitary fidelity: 3.89285e-08
Execution time: 0s
For SDRP=0.675: 
Unitary fidelity: 6.17395e-08
Execution time: 0s
For SDRP=0.65: 
Unitary fidelity: 1.07306e-07
Execution time: 0s
For SDRP=0.625: 
Unitary fidelity: 3.73611e-07
Execution time: 0s
Random Seed: 1680977821 (Overridden by hardware generation!)
Device #0, Loaded binary from: /home/paperspace/.qrack/qrack_ocl_dev_A100_80GB_PCIe.ir
Default platform: NVIDIA CUDA
Default device: #0, A100 80GB PCIe
OpenCL device #0: A100 80GB PCIe
############ Default Optimal (QUnit) ############
Filters: test_noisy_fidelity_2qb_nn_estimate
>>> 'test_noisy_fidelity_2qb_nn_estimate':
Circuit width: 54
Circuit layer depth (excluding factor of x2 for mirror validation): 8
For SDRP=1: 
Unitary fidelity: 7.02165e-08
Execution time: 0s
For SDRP=0.975: 
Unitary fidelity: 7.02168e-08
Execution time: 0s
For SDRP=0.95: 
Unitary fidelity: 8.06386e-08
Execution time: 0s
For SDRP=0.925: 
Unitary fidelity: 1.50424e-07
Execution time: 0s
For SDRP=0.9: 
Unitary fidelity: 1.50424e-07
Execution time: 0s
For SDRP=0.875: 
Unitary fidelity: 1.50424e-07
Execution time: 0s
For SDRP=0.85: 
Unitary fidelity: 1.60816e-07
Execution time: 0s
For SDRP=0.825: 
Unitary fidelity: 1.60817e-07
Execution time: 0s
For SDRP=0.8: 
Unitary fidelity: 2.44191e-07
Execution time: 0s
For SDRP=0.775: 
Unitary fidelity: 6.93756e-07
Execution time: 0s
For SDRP=0.75: 
Unitary fidelity: 2.68407e-06
Execution time: 0s
For SDRP=0.725: 
Unitary fidelity: 2.68407e-06
Execution time: 0s
For SDRP=0.7: 
Unitary fidelity: 4.22212e-06
Execution time: 0s
For SDRP=0.675: 
Unitary fidelity: 7.35981e-05
Execution time: 0s
For SDRP=0.65: 
Unitary fidelity: 0.000235486
Execution time: 0s
For SDRP=0.625: 
Unitary fidelity: 0.000260022
Execution time: 0s
For SDRP=0.6: 
Unitary fidelity: 5.60094e-05
Execution time: 0s
For SDRP=0.575: 
Unitary fidelity: 0.000787588
Execution time: 0s
For SDRP=0.55: 
Unitary fidelity: 0.0037515
Execution time: 1s
For SDRP=0.525: 
Unitary fidelity: 0.00451018
Execution time: 1s
Random Seed: 1680978283 (Overridden by hardware generation!)
Device #0, Loaded binary from: /home/paperspace/.qrack/qrack_ocl_dev_A100_80GB_PCIe.ir
Default platform: NVIDIA CUDA
Default device: #0, A100 80GB PCIe
OpenCL device #0: A100 80GB PCIe
############ Default Optimal (QUnit) ############
Filters: test_noisy_fidelity_2qb_nn_estimate
>>> 'test_noisy_fidelity_2qb_nn_estimate':
Circuit width: 54
Circuit layer depth (excluding factor of x2 for mirror validation): 8
For SDRP=1: 
Unitary fidelity: 3.26753e-07
Execution time: 0s
For SDRP=0.975: 
Unitary fidelity: 1.46732e-07
Execution time: 0s
For SDRP=0.95: 
Unitary fidelity: 1.691e-07
Execution time: 0s
For SDRP=0.925: 
Unitary fidelity: 1.66796e-07
Execution time: 0s
For SDRP=0.9: 
Unitary fidelity: 1.66795e-07
Execution time: 0s
For SDRP=0.875: 
Unitary fidelity: 1.66797e-07
Execution time: 0s
For SDRP=0.85: 
Unitary fidelity: 1.1734e-07
Execution time: 0s
For SDRP=0.825: 
Unitary fidelity: 1.17341e-07
Execution time: 0s
For SDRP=0.8: 
Unitary fidelity: 6.0515e-07
Execution time: 0s
For SDRP=0.775: 
Unitary fidelity: 6.05151e-07
Execution time: 0s
For SDRP=0.75: 
Unitary fidelity: 6.05151e-07
Execution time: 0s
For SDRP=0.725: 
Unitary fidelity: 6.05149e-07
Execution time: 0s
For SDRP=0.7: 
Unitary fidelity: 1.75116e-06
Execution time: 0s
For SDRP=0.675: 
Unitary fidelity: 6.90644e-06
Execution time: 0s
For SDRP=0.65: 
Unitary fidelity: 2.40109e-05
Execution time: 0s
For SDRP=0.625: 
Unitary fidelity: 2.53803e-05
Execution time: 0s
For SDRP=0.6: 
Unitary fidelity: 7.8732e-05
Execution time: 0s
Random Seed: 1680978726 (Overridden by hardware generation!)
Device #0, Loaded binary from: /home/paperspace/.qrack/qrack_ocl_dev_A100_80GB_PCIe.ir
Default platform: NVIDIA CUDA
Default device: #0, A100 80GB PCIe
OpenCL device #0: A100 80GB PCIe
############ Default Optimal (QUnit) ############
Filters: test_noisy_fidelity_2qb_nn_estimate
>>> 'test_noisy_fidelity_2qb_nn_estimate':
Circuit width: 54
Circuit layer depth (excluding factor of x2 for mirror validation): 8
For SDRP=1: 
Unitary fidelity: 1.02478e-07
Execution time: 0s
For SDRP=0.975: 
Unitary fidelity: 1.02478e-07
Execution time: 0s
For SDRP=0.95: 
Unitary fidelity: 7.89811e-08
Execution time: 0s
For SDRP=0.925: 
Unitary fidelity: 6.39511e-08
Execution time: 0s
For SDRP=0.9: 
Unitary fidelity: 1.87524e-07
Execution time: 0s
For SDRP=0.875: 
Unitary fidelity: 1.87524e-07
Execution time: 0s
For SDRP=0.85: 
Unitary fidelity: 1.87523e-07
Execution time: 0s
For SDRP=0.825: 
Unitary fidelity: 1.87522e-07
Execution time: 0s
For SDRP=0.8: 
Unitary fidelity: 1.87523e-07
Execution time: 0s
For SDRP=0.775: 
Unitary fidelity: 3.03162e-07
Execution time: 0s
For SDRP=0.75: 
Unitary fidelity: 3.03163e-07
Execution time: 0s
For SDRP=0.725: 
Unitary fidelity: 3.03164e-07
Execution time: 0s
For SDRP=0.7: 
Unitary fidelity: 7.30832e-07
Execution time: 0s
For SDRP=0.675: 
Unitary fidelity: 2.28326e-06
Execution time: 0s
For SDRP=0.65: 
Unitary fidelity: 1.59325e-06
Execution time: 0s
For SDRP=0.625: 
Unitary fidelity: 6.32938e-06
Execution time: 0s
For SDRP=0.6: 
Unitary fidelity: 1.96581e-05
Execution time: 0s
For SDRP=0.575: 
Unitary fidelity: 0.000163595
Execution time: 0s
For SDRP=0.55: 
Unitary fidelity: 0.000109604
Execution time: 0s
Random Seed: 1680979117 (Overridden by hardware generation!)
Device #0, Loaded binary from: /home/paperspace/.qrack/qrack_ocl_dev_A100_80GB_PCIe.ir
Default platform: NVIDIA CUDA
Default device: #0, A100 80GB PCIe
OpenCL device #0: A100 80GB PCIe
############ Default Optimal (QUnit) ############
Filters: test_noisy_fidelity_2qb_nn_estimate
>>> 'test_noisy_fidelity_2qb_nn_estimate':
Circuit width: 54
Circuit layer depth (excluding factor of x2 for mirror validation): 8
Random Seed: 1680979510 (Overridden by hardware generation!)
Device #0, Loaded binary from: /home/paperspace/.qrack/qrack_ocl_dev_A100_80GB_PCIe.ir
Default platform: NVIDIA CUDA
Default device: #0, A100 80GB PCIe
OpenCL device #0: A100 80GB PCIe
############ Default Optimal (QUnit) ############
Filters: test_noisy_fidelity_2qb_nn_estimate
>>> 'test_noisy_fidelity_2qb_nn_estimate':
Circuit width: 54
Circuit layer depth (excluding factor of x2 for mirror validation): 8
For SDRP=1: 
Unitary fidelity: 1.37118e-09
Execution time: 0s
For SDRP=0.975: 
Unitary fidelity: 1.37118e-09
Execution time: 0s
For SDRP=0.95: 
Unitary fidelity: 1.37119e-09
Execution time: 0s
For SDRP=0.925: 
Unitary fidelity: 2.46686e-09
Execution time: 1s
Random Seed: 1680979924 (Overridden by hardware generation!)
Device #0, Loaded binary from: /home/paperspace/.qrack/qrack_ocl_dev_A100_80GB_PCIe.ir
Default platform: NVIDIA CUDA
Default device: #0, A100 80GB PCIe
OpenCL device #0: A100 80GB PCIe
############ Default Optimal (QUnit) ############
Filters: test_noisy_fidelity_2qb_nn_estimate
>>> 'test_noisy_fidelity_2qb_nn_estimate':
Circuit width: 54
Circuit layer depth (excluding factor of x2 for mirror validation): 8
For SDRP=1: 
Unitary fidelity: 3.45746e-08
Execution time: 0s
For SDRP=0.975: 
Unitary fidelity: 3.45745e-08
Execution time: 0s
For SDRP=0.95: 
Unitary fidelity: 5.5993e-08
Execution time: 0s
For SDRP=0.925: 
Unitary fidelity: 5.59928e-08
Execution time: 0s
For SDRP=0.9: 
Unitary fidelity: 6.10755e-08
Execution time: 0s
For SDRP=0.875: 
Unitary fidelity: 6.10758e-08
Execution time: 0s
For SDRP=0.85: 
Unitary fidelity: 6.10757e-08
Execution time: 0s
For SDRP=0.825: 
Unitary fidelity: 7.92066e-08
Execution time: 0s
For SDRP=0.8: 
Unitary fidelity: 1.13127e-07
Execution time: 0s
For SDRP=0.775: 
Unitary fidelity: 1.13128e-07
Execution time: 0s
For SDRP=0.75: 
Unitary fidelity: 8.24133e-08
Execution time: 0s
For SDRP=0.725: 
Unitary fidelity: 1.04772e-07
Execution time: 1s
For SDRP=0.7: 
Unitary fidelity: 2.03752e-07
Execution time: 1s
Random Seed: 1680980343 (Overridden by hardware generation!)
Device #0, Loaded binary from: /home/paperspace/.qrack/qrack_ocl_dev_A100_80GB_PCIe.ir
Default platform: NVIDIA CUDA
Default device: #0, A100 80GB PCIe
OpenCL device #0: A100 80GB PCIe
############ Default Optimal (QUnit) ############
Filters: test_noisy_fidelity_2qb_nn_estimate
>>> 'test_noisy_fidelity_2qb_nn_estimate':
Circuit width: 54
Circuit layer depth (excluding factor of x2 for mirror validation): 8
For SDRP=1: 
Unitary fidelity: 5.42592e-07
Execution time: 0s
For SDRP=0.975: 
Unitary fidelity: 5.42592e-07
Execution time: 0s
For SDRP=0.95: 
Unitary fidelity: 5.42591e-07
Execution time: 0s
For SDRP=0.925: 
Unitary fidelity: 1.80265e-07
Execution time: 0s
For SDRP=0.9: 
Unitary fidelity: 1.80264e-07
Execution time: 0s
For SDRP=0.875: 
Unitary fidelity: 1.60723e-07
Execution time: 0s
For SDRP=0.85: 
Unitary fidelity: 1.60723e-07
Execution time: 0s
For SDRP=0.825: 
Unitary fidelity: 1.60723e-07
Execution time: 0s
For SDRP=0.8: 
Unitary fidelity: 2.12673e-07
Execution time: 0s
For SDRP=0.775: 
Unitary fidelity: 2.12673e-07
Execution time: 0s
For SDRP=0.75: 
Unitary fidelity: 6.85123e-07
Execution time: 0s
For SDRP=0.725: 
Unitary fidelity: 5.6689e-07
Execution time: 0s
For SDRP=0.7: 
Unitary fidelity: 5.66886e-07
Execution time: 0s
For SDRP=0.675: 
Unitary fidelity: 8.03883e-06
Execution time: 0s
For SDRP=0.65: 
Unitary fidelity: 2.12199e-05
Execution time: 1s
For SDRP=0.625: 
Unitary fidelity: 2.57767e-05
Execution time: 1s
For SDRP=0.6: 
Unitary fidelity: 6.36914e-05
Execution time: 0s
For SDRP=0.575: 
Unitary fidelity: 6.36915e-05
Execution time: 0s
For SDRP=0.55: 
Unitary fidelity: 0.000152529
Execution time: 0s
For SDRP=0.525: 
Unitary fidelity: 0.000222399
Execution time: 1s
Random Seed: 1680980734 (Overridden by hardware generation!)
Device #0, Loaded binary from: /home/paperspace/.qrack/qrack_ocl_dev_A100_80GB_PCIe.ir
Default platform: NVIDIA CUDA
Default device: #0, A100 80GB PCIe
OpenCL device #0: A100 80GB PCIe
############ Default Optimal (QUnit) ############
Filters: test_noisy_fidelity_2qb_nn_estimate
>>> 'test_noisy_fidelity_2qb_nn_estimate':
Circuit width: 54
Circuit layer depth (excluding factor of x2 for mirror validation): 8
For SDRP=1: 
Unitary fidelity: 2.10277e-08
Execution time: 0s
For SDRP=0.975: 
Unitary fidelity: 1.56838e-08
Execution time: 0s
For SDRP=0.95: 
Unitary fidelity: 2.28277e-08
Execution time: 0s
For SDRP=0.925: 
Unitary fidelity: 2.28277e-08
Execution time: 0s
For SDRP=0.9: 
Unitary fidelity: 2.28277e-08
Execution time: 0s
For SDRP=0.875: 
Unitary fidelity: 2.54293e-08
Execution time: 0s
For SDRP=0.85: 
Unitary fidelity: 1.33533e-07
Execution time: 0s
For SDRP=0.825: 
Unitary fidelity: 2.30517e-07
Execution time: 0s
For SDRP=0.8: 
Unitary fidelity: 3.36307e-07
Execution time: 0s
For SDRP=0.775: 
Unitary fidelity: 4.11464e-07
Execution time: 0s
For SDRP=0.75: 
Unitary fidelity: 1.28809e-06
Execution time: 0s
For SDRP=0.725: 
Unitary fidelity: 8.60586e-06
Execution time: 0s
For SDRP=0.7: 
Unitary fidelity: 1.44637e-05
Execution time: 0s
For SDRP=0.675: 
Unitary fidelity: 3.05167e-05
Execution time: 0s
For SDRP=0.65: 
Unitary fidelity: 4.4183e-05
Execution time: 0s
For SDRP=0.625: 
Unitary fidelity: 4.41829e-05
Execution time: 0s
For SDRP=0.6: 
Unitary fidelity: 6.34069e-05
Execution time: 0s
For SDRP=0.575: 
Unitary fidelity: 0.000193573
Execution time: 0s
For SDRP=0.55: 
Unitary fidelity: 0.000355703
Execution time: 0s
For SDRP=0.525: 
Unitary fidelity: 0.000664924
Execution time: 0s
For SDRP=0.5: 
Unitary fidelity: 0.00122325
Execution time: 0s
For SDRP=0.475: 
Unitary fidelity: 0.00234881
Execution time: 0s
For SDRP=0.45: 
Unitary fidelity: 0.00234881
Execution time: 0s
For SDRP=0.425: 
Unitary fidelity: 0.00631051
Execution time: 0s
For SDRP=0.4: 
Unitary fidelity: 0.0303665
Execution time: 0s
For SDRP=0.375: 
Unitary fidelity: 0.0583691
Execution time: 1s
For SDRP=0.35: 
Unitary fidelity: 0.122656
Execution time: 3s
For SDRP=0.325: 
Unitary fidelity: 0.173088
Execution time: 3s
For SDRP=0.3: 
Unitary fidelity: 0.215419
Execution time: 3s
For SDRP=0.275: 
Unitary fidelity: 0.318043
Execution time: 3s
For SDRP=0.25: 
Unitary fidelity: 0.437863
Execution time: 3s
For SDRP=0.225: 
Unitary fidelity: 0.541082
Execution time: 3s
For SDRP=0.2: 
Unitary fidelity: 0.681906
Execution time: 3s
For SDRP=0.175: 
Unitary fidelity: 0.673702
Execution time: 3s
For SDRP=0.15: 
Unitary fidelity: 0.751986
Execution time: 3s
Random Seed: 1680981184 (Overridden by hardware generation!)
Device #0, Loaded binary from: /home/paperspace/.qrack/qrack_ocl_dev_A100_80GB_PCIe.ir
Default platform: NVIDIA CUDA
Default device: #0, A100 80GB PCIe
OpenCL device #0: A100 80GB PCIe
############ Default Optimal (QUnit) ############
Filters: test_noisy_fidelity_2qb_nn_estimate
>>> 'test_noisy_fidelity_2qb_nn_estimate':
Circuit width: 54
Circuit layer depth (excluding factor of x2 for mirror validation): 8
For SDRP=1: 
Unitary fidelity: 2.48087e-08
Execution time: 0s
For SDRP=0.975: 
Unitary fidelity: 2.48086e-08
Execution time: 0s
For SDRP=0.95: 
Unitary fidelity: 1.34862e-08
Execution time: 0s
For SDRP=0.925: 
Unitary fidelity: 4.33086e-08
Execution time: 0s
For SDRP=0.9: 
Unitary fidelity: 4.33086e-08
Execution time: 0s
For SDRP=0.875: 
Unitary fidelity: 2.30628e-08
Execution time: 0s
For SDRP=0.85: 
Unitary fidelity: 2.64816e-08
Execution time: 0s
For SDRP=0.825: 
Unitary fidelity: 1.6715e-08
Execution time: 0s
For SDRP=0.8: 
Unitary fidelity: 1.6715e-08
Execution time: 0s
For SDRP=0.775: 
Unitary fidelity: 1.5293e-08
Execution time: 0s
For SDRP=0.75: 
Unitary fidelity: 1.5293e-08
Execution time: 0s
For SDRP=0.725: 
Unitary fidelity: 2.6513e-08
Execution time: 0s
For SDRP=0.7: 
Unitary fidelity: 4.12619e-08
Execution time: 0s
For SDRP=0.675: 
Unitary fidelity: 9.33108e-08
Execution time: 0s
For SDRP=0.65: 
Unitary fidelity: 1.40645e-07
Execution time: 0s
For SDRP=0.625: 
Unitary fidelity: 2.65558e-07
Execution time: 0s
For SDRP=0.6: 
Unitary fidelity: 2.65558e-07
Execution time: 0s
For SDRP=0.575: 
Unitary fidelity: 7.19858e-06
Execution time: 0s
For SDRP=0.55: 
Unitary fidelity: 1.44204e-05
Execution time: 0s
For SDRP=0.525: 
Unitary fidelity: 3.60664e-05
Execution time: 0s
For SDRP=0.5: 
Unitary fidelity: 8.32825e-05
Execution time: 0s
For SDRP=0.475: 
Unitary fidelity: 0.000321429
Execution time: 0s
For SDRP=0.45: 
Unitary fidelity: 0.000321428
Execution time: 0s
For SDRP=0.425: 
Unitary fidelity: 0.00126449
Execution time: 0s
For SDRP=0.4: 
Unitary fidelity: 0.00546759
Execution time: 0s
For SDRP=0.375: 
Unitary fidelity: 0.0093985
Execution time: 0s
For SDRP=0.35: 
Unitary fidelity: 0.0113185
Execution time: 0s
For SDRP=0.325: 
Unitary fidelity: 0.0162993
Execution time: 0s
For SDRP=0.3: 
Unitary fidelity: 0.0249988
Execution time: 0s
For SDRP=0.275: 
Unitary fidelity: 0.0369643
Execution time: 0s
For SDRP=0.25: 
Unitary fidelity: 0.0655585
Execution time: 0s
For SDRP=0.225: 
Unitary fidelity: 0.169394
Execution time: 0s
For SDRP=0.2: 
Unitary fidelity: 0.208574
Execution time: 0s

~~~~~~~~~~~~~~~~~~~~~~~~~~~~~~~~~~~~~~~~~~~~~~~~~~~~~~~~~~~~~~~~~~~~~~~~~~~~~~~
benchmarks is a Catch v2.13.7 host application.
Run with -? for options

Randomness seeded to: 1680981184

-------------------------------------------------------------------------------
test_noisy_fidelity_2qb_nn_estimate
-------------------------------------------------------------------------------
/home/paperspace/qrack/test/benchmarks.cpp:5697
...............................................................................

/home/paperspace/qrack/test/benchmarks.cpp:5697: FAILED:
due to unexpected exception with message:
  Cannot instantiate a QPager with greater capacity than environment variable
  QRACK_MAX_PAGING_QB.

===============================================================================
test cases: 1 | 1 failed
assertions: 1 | 1 failed

Random Seed: 1680981563 (Overridden by hardware generation!)
Device #0, Loaded binary from: /home/paperspace/.qrack/qrack_ocl_dev_A100_80GB_PCIe.ir
Default platform: NVIDIA CUDA
Default device: #0, A100 80GB PCIe
OpenCL device #0: A100 80GB PCIe
############ Default Optimal (QUnit) ############
Filters: test_noisy_fidelity_2qb_nn_estimate
>>> 'test_noisy_fidelity_2qb_nn_estimate':
Circuit width: 54
Circuit layer depth (excluding factor of x2 for mirror validation): 8
For SDRP=1: 
Unitary fidelity: 1.2174e-07
Execution time: 0s
For SDRP=0.975: 
Unitary fidelity: 1.62456e-07
Execution time: 0s
For SDRP=0.95: 
Unitary fidelity: 1.62456e-07
Execution time: 0s
For SDRP=0.925: 
Unitary fidelity: 1.86383e-07
Execution time: 0s
For SDRP=0.9: 
Unitary fidelity: 1.86383e-07
Execution time: 0s
For SDRP=0.875: 
Unitary fidelity: 1.96778e-07
Execution time: 0s
For SDRP=0.85: 
Unitary fidelity: 1.96779e-07
Execution time: 0s
For SDRP=0.825: 
Unitary fidelity: 1.98745e-07
Execution time: 0s
For SDRP=0.8: 
Unitary fidelity: 1.98745e-07
Execution time: 0s
For SDRP=0.775: 
Unitary fidelity: 3.27072e-07
Execution time: 0s
For SDRP=0.75: 
Unitary fidelity: 1.61878e-06
Execution time: 0s
For SDRP=0.725: 
Unitary fidelity: 5.82795e-06
Execution time: 0s
For SDRP=0.7: 
Unitary fidelity: 4.06352e-06
Execution time: 0s
For SDRP=0.675: 
Unitary fidelity: 2.28955e-05
Execution time: 0s
For SDRP=0.65: 
Unitary fidelity: 2.28955e-05
Execution time: 0s
For SDRP=0.625: 
Unitary fidelity: 2.28955e-05
Execution time: 0s
For SDRP=0.6: 
Unitary fidelity: 6.03041e-05
Execution time: 0s
For SDRP=0.575: 
Unitary fidelity: 8.52817e-05
Execution time: 0s
For SDRP=0.55: 
Unitary fidelity: 0.000224775
Execution time: 0s
Random Seed: 1680981964 (Overridden by hardware generation!)
Device #0, Loaded binary from: /home/paperspace/.qrack/qrack_ocl_dev_A100_80GB_PCIe.ir
Default platform: NVIDIA CUDA
Default device: #0, A100 80GB PCIe
OpenCL device #0: A100 80GB PCIe
############ Default Optimal (QUnit) ############
Filters: test_noisy_fidelity_2qb_nn_estimate
>>> 'test_noisy_fidelity_2qb_nn_estimate':
Circuit width: 54
Circuit layer depth (excluding factor of x2 for mirror validation): 8
For SDRP=1: 
Unitary fidelity: 1.38389e-07
Execution time: 0s
For SDRP=0.975: 
Unitary fidelity: 1.38389e-07
Execution time: 0s
For SDRP=0.95: 
Unitary fidelity: 1.38317e-07
Execution time: 0s
For SDRP=0.925: 
Unitary fidelity: 1.38321e-07
Execution time: 0s
For SDRP=0.9: 
Unitary fidelity: 9.67544e-08
Execution time: 0s
For SDRP=0.875: 
Unitary fidelity: 1.09316e-07
Execution time: 0s
For SDRP=0.85: 
Unitary fidelity: 1.49576e-07
Execution time: 0s
For SDRP=0.825: 
Unitary fidelity: 2.43033e-07
Execution time: 0s
For SDRP=0.8: 
Unitary fidelity: 2.43034e-07
Execution time: 0s
For SDRP=0.775: 
Unitary fidelity: 2.43031e-07
Execution time: 0s
For SDRP=0.75: 
Unitary fidelity: 4.76013e-07
Execution time: 0s
For SDRP=0.725: 
Unitary fidelity: 7.57441e-07
Execution time: 0s
For SDRP=0.7: 
Unitary fidelity: 8.69659e-07
Execution time: 0s
For SDRP=0.675: 
Unitary fidelity: 2.10635e-06
Execution time: 2s
Random Seed: 1680982524 (Overridden by hardware generation!)
Device #0, Loaded binary from: /home/paperspace/.qrack/qrack_ocl_dev_A100_80GB_PCIe.ir
Default platform: NVIDIA CUDA
Default device: #0, A100 80GB PCIe
OpenCL device #0: A100 80GB PCIe
############ Default Optimal (QUnit) ############
Filters: test_noisy_fidelity_2qb_nn_estimate
>>> 'test_noisy_fidelity_2qb_nn_estimate':
Circuit width: 54
Circuit layer depth (excluding factor of x2 for mirror validation): 8
For SDRP=1: 
Unitary fidelity: 1.53596e-07
Execution time: 0s
For SDRP=0.975: 
Unitary fidelity: 1.53596e-07
Execution time: 0s
For SDRP=0.95: 
Unitary fidelity: 1.73781e-07
Execution time: 0s
For SDRP=0.925: 
Unitary fidelity: 1.73781e-07
Execution time: 0s
For SDRP=0.9: 
Unitary fidelity: 4.33937e-07
Execution time: 0s
For SDRP=0.875: 
Unitary fidelity: 4.33938e-07
Execution time: 0s
For SDRP=0.85: 
Unitary fidelity: 4.33937e-07
Execution time: 0s
For SDRP=0.825: 
Unitary fidelity: 4.33936e-07
Execution time: 0s
For SDRP=0.8: 
Unitary fidelity: 4.33937e-07
Execution time: 0s
For SDRP=0.775: 
Unitary fidelity: 4.33937e-07
Execution time: 0s
For SDRP=0.75: 
Unitary fidelity: 4.33938e-07
Execution time: 0s
For SDRP=0.725: 
Unitary fidelity: 5.7776e-07
Execution time: 0s
For SDRP=0.7: 
Unitary fidelity: 8.9436e-07
Execution time: 0s
For SDRP=0.675: 
Unitary fidelity: 8.9436e-07
Execution time: 0s
For SDRP=0.65: 
Unitary fidelity: 1.22523e-06
Execution time: 0s
For SDRP=0.625: 
Unitary fidelity: 2.62015e-06
Execution time: 0s
For SDRP=0.6: 
Unitary fidelity: 6.5002e-06
Execution time: 0s
For SDRP=0.575: 
Unitary fidelity: 1.26704e-05
Execution time: 0s
Random Seed: 1680983057 (Overridden by hardware generation!)
Device #0, Loaded binary from: /home/paperspace/.qrack/qrack_ocl_dev_A100_80GB_PCIe.ir
Default platform: NVIDIA CUDA
Default device: #0, A100 80GB PCIe
OpenCL device #0: A100 80GB PCIe
############ Default Optimal (QUnit) ############
Filters: test_noisy_fidelity_2qb_nn_estimate
>>> 'test_noisy_fidelity_2qb_nn_estimate':
Circuit width: 54
Circuit layer depth (excluding factor of x2 for mirror validation): 8
For SDRP=1: 
Unitary fidelity: 1.27344e-09
Execution time: 0s
For SDRP=0.975: 
Unitary fidelity: 1.27344e-09
Execution time: 0s
For SDRP=0.95: 
Unitary fidelity: 6.0522e-10
Execution time: 0s
For SDRP=0.925: 
Unitary fidelity: 4.22556e-10
Execution time: 0s
For SDRP=0.9: 
Unitary fidelity: 2.88883e-10
Execution time: 0s
For SDRP=0.875: 
Unitary fidelity: 7.41011e-10
Execution time: 0s
For SDRP=0.85: 
Unitary fidelity: 1.28533e-09
Execution time: 0s
For SDRP=0.825: 
Unitary fidelity: 1.34818e-09
Execution time: 0s
For SDRP=0.8: 
Unitary fidelity: 2.64374e-09
Execution time: 0s
For SDRP=0.775: 
Unitary fidelity: 7.00781e-09
Execution time: 0s
For SDRP=0.75: 
Unitary fidelity: 3.52746e-08
Execution time: 0s
For SDRP=0.725: 
Unitary fidelity: 1.15489e-07
Execution time: 0s
For SDRP=0.7: 
Unitary fidelity: 1.05954e-07
Execution time: 0s
Random Seed: 1680983853 (Overridden by hardware generation!)
Device #0, Loaded binary from: /home/paperspace/.qrack/qrack_ocl_dev_A100_80GB_PCIe.ir
Default platform: NVIDIA CUDA
Default device: #0, A100 80GB PCIe
OpenCL device #0: A100 80GB PCIe
############ Default Optimal (QUnit) ############
Filters: test_noisy_fidelity_2qb_nn_estimate
>>> 'test_noisy_fidelity_2qb_nn_estimate':
Circuit width: 54
Circuit layer depth (excluding factor of x2 for mirror validation): 8
For SDRP=1: 
Unitary fidelity: 6.49752e-07
Execution time: 0s
For SDRP=0.975: 
Unitary fidelity: 5.90297e-07
Execution time: 0s
For SDRP=0.95: 
Unitary fidelity: 5.90297e-07
Execution time: 0s
For SDRP=0.925: 
Unitary fidelity: 9.10896e-07
Execution time: 0s
For SDRP=0.9: 
Unitary fidelity: 1.65342e-06
Execution time: 0s
For SDRP=0.875: 
Unitary fidelity: 1.65343e-06
Execution time: 0s
For SDRP=0.85: 
Unitary fidelity: 2.34922e-06
Execution time: 0s
For SDRP=0.825: 
Unitary fidelity: 2.34921e-06
Execution time: 0s
For SDRP=0.8: 
Unitary fidelity: 2.34922e-06
Execution time: 0s
For SDRP=0.775: 
Unitary fidelity: 1.83198e-06
Execution time: 0s
For SDRP=0.75: 
Unitary fidelity: 1.83197e-06
Execution time: 0s
For SDRP=0.725: 
Unitary fidelity: 2.38833e-06
Execution time: 0s
For SDRP=0.7: 
Unitary fidelity: 3.91179e-06
Execution time: 0s
For SDRP=0.675: 
Unitary fidelity: 3.90953e-06
Execution time: 0s
For SDRP=0.65: 
Unitary fidelity: 1.81874e-05
Execution time: 0s
For SDRP=0.625: 
Unitary fidelity: 3.57694e-05
Execution time: 0s
Random Seed: 1680984275 (Overridden by hardware generation!)
Device #0, Loaded binary from: /home/paperspace/.qrack/qrack_ocl_dev_A100_80GB_PCIe.ir
Default platform: NVIDIA CUDA
Default device: #0, A100 80GB PCIe
OpenCL device #0: A100 80GB PCIe
############ Default Optimal (QUnit) ############
Filters: test_noisy_fidelity_2qb_nn_estimate
>>> 'test_noisy_fidelity_2qb_nn_estimate':
Circuit width: 54
Circuit layer depth (excluding factor of x2 for mirror validation): 8
For SDRP=1: 
Unitary fidelity: 7.08354e-09
Execution time: 0s
For SDRP=0.975: 
Unitary fidelity: 8.16634e-09
Execution time: 0s
For SDRP=0.95: 
Unitary fidelity: 9.98454e-09
Execution time: 0s
For SDRP=0.925: 
Unitary fidelity: 1.29237e-08
Execution time: 0s
For SDRP=0.9: 
Unitary fidelity: 6.7884e-09
Execution time: 0s
For SDRP=0.875: 
Unitary fidelity: 6.73611e-09
Execution time: 0s
For SDRP=0.85: 
Unitary fidelity: 8.24348e-09
Execution time: 0s
For SDRP=0.825: 
Unitary fidelity: 1.37959e-08
Execution time: 0s
For SDRP=0.8: 
Unitary fidelity: 2.32592e-08
Execution time: 0s
For SDRP=0.775: 
Unitary fidelity: 8.9172e-08
Execution time: 0s
For SDRP=0.75: 
Unitary fidelity: 8.15474e-08
Execution time: 0s
For SDRP=0.725: 
Unitary fidelity: 4.49863e-07
Execution time: 0s
For SDRP=0.7: 
Unitary fidelity: 4.49858e-07
Execution time: 0s
For SDRP=0.675: 
Unitary fidelity: 4.49852e-07
Execution time: 0s
For SDRP=0.65: 
Unitary fidelity: 1.45319e-06
Execution time: 0s
For SDRP=0.625: 
Unitary fidelity: 1.23648e-05
Execution time: 2s
Random Seed: 1680984699 (Overridden by hardware generation!)
Device #0, Loaded binary from: /home/paperspace/.qrack/qrack_ocl_dev_A100_80GB_PCIe.ir
Default platform: NVIDIA CUDA
Default device: #0, A100 80GB PCIe
OpenCL device #0: A100 80GB PCIe
############ Default Optimal (QUnit) ############
Filters: test_noisy_fidelity_2qb_nn_estimate
>>> 'test_noisy_fidelity_2qb_nn_estimate':
Circuit width: 54
Circuit layer depth (excluding factor of x2 for mirror validation): 8
For SDRP=1: 
Unitary fidelity: 1.7275e-07
Execution time: 0s
For SDRP=0.975: 
Unitary fidelity: 1.7275e-07
Execution time: 0s
For SDRP=0.95: 
Unitary fidelity: 2.16672e-07
Execution time: 0s
For SDRP=0.925: 
Unitary fidelity: 2.1667e-07
Execution time: 0s
For SDRP=0.9: 
Unitary fidelity: 2.1667e-07
Execution time: 0s
For SDRP=0.875: 
Unitary fidelity: 4.34211e-07
Execution time: 0s
For SDRP=0.85: 
Unitary fidelity: 4.34209e-07
Execution time: 0s
For SDRP=0.825: 
Unitary fidelity: 4.34209e-07
Execution time: 0s
For SDRP=0.8: 
Unitary fidelity: 4.34209e-07
Execution time: 0s
For SDRP=0.775: 
Unitary fidelity: 2.7296e-07
Execution time: 0s
For SDRP=0.75: 
Unitary fidelity: 2.72961e-07
Execution time: 0s
For SDRP=0.725: 
Unitary fidelity: 2.72962e-07
Execution time: 0s
For SDRP=0.7: 
Unitary fidelity: 4.01946e-07
Execution time: 0s
For SDRP=0.675: 
Unitary fidelity: 4.01947e-07
Execution time: 0s
Random Seed: 1680985112 (Overridden by hardware generation!)
Device #0, Loaded binary from: /home/paperspace/.qrack/qrack_ocl_dev_A100_80GB_PCIe.ir
Default platform: NVIDIA CUDA
Default device: #0, A100 80GB PCIe
OpenCL device #0: A100 80GB PCIe
############ Default Optimal (QUnit) ############
Filters: test_noisy_fidelity_2qb_nn_estimate
>>> 'test_noisy_fidelity_2qb_nn_estimate':
Circuit width: 54
Circuit layer depth (excluding factor of x2 for mirror validation): 8
Random Seed: 1680985538 (Overridden by hardware generation!)
Device #0, Loaded binary from: /home/paperspace/.qrack/qrack_ocl_dev_A100_80GB_PCIe.ir
Default platform: NVIDIA CUDA
Default device: #0, A100 80GB PCIe
OpenCL device #0: A100 80GB PCIe
############ Default Optimal (QUnit) ############
Filters: test_noisy_fidelity_2qb_nn_estimate
>>> 'test_noisy_fidelity_2qb_nn_estimate':
Circuit width: 54
Circuit layer depth (excluding factor of x2 for mirror validation): 8
For SDRP=1: 
Unitary fidelity: 2.42476e-09
Execution time: 0s
For SDRP=0.975: 
Unitary fidelity: 2.42478e-09
Execution time: 0s
For SDRP=0.95: 
Unitary fidelity: 1.56934e-09
Execution time: 0s
For SDRP=0.925: 
Unitary fidelity: 1.32068e-09
Execution time: 0s
For SDRP=0.9: 
Unitary fidelity: 2.0587e-09
Execution time: 0s
For SDRP=0.875: 
Unitary fidelity: 2.0587e-09
Execution time: 0s
For SDRP=0.85: 
Unitary fidelity: 1.25445e-09
Execution time: 0s
For SDRP=0.825: 
Unitary fidelity: 2.11776e-08
Execution time: 0s
For SDRP=0.8: 
Unitary fidelity: 2.11776e-08
Execution time: 0s
For SDRP=0.775: 
Unitary fidelity: 3.41042e-08
Execution time: 0s
For SDRP=0.75: 
Unitary fidelity: 7.3745e-08
Execution time: 0s
For SDRP=0.725: 
Unitary fidelity: 5.97222e-07
Execution time: 0s
For SDRP=0.7: 
Unitary fidelity: 5.97222e-07
Execution time: 0s
For SDRP=0.675: 
Unitary fidelity: 7.97219e-07
Execution time: 0s
For SDRP=0.65: 
Unitary fidelity: 2.35293e-06
Execution time: 0s
For SDRP=0.625: 
Unitary fidelity: 5.54245e-06
Execution time: 0s
For SDRP=0.6: 
Unitary fidelity: 5.54245e-06
Execution time: 0s
For SDRP=0.575: 
Unitary fidelity: 1.83375e-05
Execution time: 0s
Random Seed: 1680986271 (Overridden by hardware generation!)
Device #0, Loaded binary from: /home/paperspace/.qrack/qrack_ocl_dev_A100_80GB_PCIe.ir
Default platform: NVIDIA CUDA
Default device: #0, A100 80GB PCIe
OpenCL device #0: A100 80GB PCIe
############ Default Optimal (QUnit) ############
Filters: test_noisy_fidelity_2qb_nn_estimate
>>> 'test_noisy_fidelity_2qb_nn_estimate':
Circuit width: 54
Circuit layer depth (excluding factor of x2 for mirror validation): 8
For SDRP=1: 
Unitary fidelity: 4.70834e-09
Execution time: 0s
For SDRP=0.975: 
Unitary fidelity: 4.70833e-09
Execution time: 0s
For SDRP=0.95: 
Unitary fidelity: 4.70833e-09
Execution time: 0s
For SDRP=0.925: 
Unitary fidelity: 4.70832e-09
Execution time: 0s
For SDRP=0.9: 
Unitary fidelity: 8.02238e-09
Execution time: 0s
For SDRP=0.875: 
Unitary fidelity: 9.30651e-09
Execution time: 0s
For SDRP=0.85: 
Unitary fidelity: 1.24398e-08
Execution time: 0s
Random Seed: 1680986938 (Overridden by hardware generation!)
Device #0, Loaded binary from: /home/paperspace/.qrack/qrack_ocl_dev_A100_80GB_PCIe.ir
Default platform: NVIDIA CUDA
Default device: #0, A100 80GB PCIe
OpenCL device #0: A100 80GB PCIe
############ Default Optimal (QUnit) ############
Filters: test_noisy_fidelity_2qb_nn_estimate
>>> 'test_noisy_fidelity_2qb_nn_estimate':
Circuit width: 54
Circuit layer depth (excluding factor of x2 for mirror validation): 8
For SDRP=1: 
Unitary fidelity: 8.06104e-07
Execution time: 0s
For SDRP=0.975: 
Unitary fidelity: 6.85555e-07
Execution time: 0s
For SDRP=0.95: 
Unitary fidelity: 6.85553e-07
Execution time: 0s
For SDRP=0.925: 
Unitary fidelity: 6.85551e-07
Execution time: 0s
For SDRP=0.9: 
Unitary fidelity: 6.85553e-07
Execution time: 0s
For SDRP=0.875: 
Unitary fidelity: 6.85551e-07
Execution time: 0s
For SDRP=0.85: 
Unitary fidelity: 6.85551e-07
Execution time: 0s
For SDRP=0.825: 
Unitary fidelity: 6.85551e-07
Execution time: 0s
For SDRP=0.8: 
Unitary fidelity: 9.86122e-07
Execution time: 0s
Random Seed: 1680987345 (Overridden by hardware generation!)
Device #0, Loaded binary from: /home/paperspace/.qrack/qrack_ocl_dev_A100_80GB_PCIe.ir
Default platform: NVIDIA CUDA
Default device: #0, A100 80GB PCIe
OpenCL device #0: A100 80GB PCIe
############ Default Optimal (QUnit) ############
Filters: test_noisy_fidelity_2qb_nn_estimate
>>> 'test_noisy_fidelity_2qb_nn_estimate':
Circuit width: 54
Circuit layer depth (excluding factor of x2 for mirror validation): 8
For SDRP=1: 
Unitary fidelity: 6.59252e-11
Execution time: 0s
For SDRP=0.975: 
Unitary fidelity: 2.20014e-11
Execution time: 0s
For SDRP=0.95: 
Unitary fidelity: 2.75218e-11
Execution time: 0s
For SDRP=0.925: 
Unitary fidelity: 5.93763e-11
Execution time: 0s
For SDRP=0.9: 
Unitary fidelity: 2.4706e-10
Execution time: 0s
For SDRP=0.875: 
Unitary fidelity: 2.47058e-10
Execution time: 0s
For SDRP=0.85: 
Unitary fidelity: 4.46029e-10
Execution time: 0s
For SDRP=0.825: 
Unitary fidelity: 6.12255e-10
Execution time: 0s
For SDRP=0.8: 
Unitary fidelity: 2.08717e-08
Execution time: 0s
For SDRP=0.775: 
Unitary fidelity: 2.18059e-07
Execution time: 1s
For SDRP=0.75: 
Unitary fidelity: 3.68352e-06
Execution time: 1s
For SDRP=0.725: 
Unitary fidelity: 3.68352e-06
Execution time: 1s
For SDRP=0.7: 
Unitary fidelity: 6.42335e-06
Execution time: 3s
For SDRP=0.675: 
Unitary fidelity: 6.42336e-06
Execution time: 3s
Random Seed: 1680987527 (Overridden by hardware generation!)
Device #0, Loaded binary from: /home/paperspace/.qrack/qrack_ocl_dev_A100_80GB_PCIe.ir
Default platform: NVIDIA CUDA
Default device: #0, A100 80GB PCIe
OpenCL device #0: A100 80GB PCIe
############ Default Optimal (QUnit) ############
Filters: test_noisy_fidelity_2qb_nn_estimate
>>> 'test_noisy_fidelity_2qb_nn_estimate':
Circuit width: 54
Circuit layer depth (excluding factor of x2 for mirror validation): 8
For SDRP=1: 
Unitary fidelity: 4.33675e-08
Execution time: 1s
For SDRP=0.975: 
Unitary fidelity: 4.33691e-08
Execution time: 1s
Random Seed: 1680988009 (Overridden by hardware generation!)
Device #0, Loaded binary from: /home/paperspace/.qrack/qrack_ocl_dev_A100_80GB_PCIe.ir
Default platform: NVIDIA CUDA
Default device: #0, A100 80GB PCIe
OpenCL device #0: A100 80GB PCIe
############ Default Optimal (QUnit) ############
Filters: test_noisy_fidelity_2qb_nn_estimate
>>> 'test_noisy_fidelity_2qb_nn_estimate':
Circuit width: 54
Circuit layer depth (excluding factor of x2 for mirror validation): 8
For SDRP=1: 
Unitary fidelity: 1.27435e-08
Execution time: 0s
For SDRP=0.975: 
Unitary fidelity: 1.92196e-08
Execution time: 0s
For SDRP=0.95: 
Unitary fidelity: 1.92196e-08
Execution time: 0s
For SDRP=0.925: 
Unitary fidelity: 1.92196e-08
Execution time: 0s
For SDRP=0.9: 
Unitary fidelity: 1.92195e-08
Execution time: 0s
For SDRP=0.875: 
Unitary fidelity: 1.92195e-08
Execution time: 0s
For SDRP=0.85: 
Unitary fidelity: 1.92195e-08
Execution time: 0s
For SDRP=0.825: 
Unitary fidelity: 3.09774e-08
Execution time: 0s
For SDRP=0.8: 
Unitary fidelity: 3.09775e-08
Execution time: 0s
For SDRP=0.775: 
Unitary fidelity: 3.09775e-08
Execution time: 0s
For SDRP=0.75: 
Unitary fidelity: 3.09775e-08
Execution time: 0s
For SDRP=0.725: 
Unitary fidelity: 1.17788e-07
Execution time: 0s
For SDRP=0.7: 
Unitary fidelity: 3.24057e-07
Execution time: 0s
Random Seed: 1680988434 (Overridden by hardware generation!)
Device #0, Loaded binary from: /home/paperspace/.qrack/qrack_ocl_dev_A100_80GB_PCIe.ir
Default platform: NVIDIA CUDA
Default device: #0, A100 80GB PCIe
OpenCL device #0: A100 80GB PCIe
############ Default Optimal (QUnit) ############
Filters: test_noisy_fidelity_2qb_nn_estimate
>>> 'test_noisy_fidelity_2qb_nn_estimate':
Circuit width: 54
Circuit layer depth (excluding factor of x2 for mirror validation): 8
Random Seed: 1680988854 (Overridden by hardware generation!)
Device #0, Loaded binary from: /home/paperspace/.qrack/qrack_ocl_dev_A100_80GB_PCIe.ir
Default platform: NVIDIA CUDA
Default device: #0, A100 80GB PCIe
OpenCL device #0: A100 80GB PCIe
############ Default Optimal (QUnit) ############
Filters: test_noisy_fidelity_2qb_nn_estimate
>>> 'test_noisy_fidelity_2qb_nn_estimate':
Circuit width: 54
Circuit layer depth (excluding factor of x2 for mirror validation): 8
For SDRP=1: 
Unitary fidelity: 1.3126e-07
Execution time: 0s
For SDRP=0.975: 
Unitary fidelity: 1.31259e-07
Execution time: 0s
For SDRP=0.95: 
Unitary fidelity: 1.3126e-07
Execution time: 0s
For SDRP=0.925: 
Unitary fidelity: 1.3126e-07
Execution time: 0s
For SDRP=0.9: 
Unitary fidelity: 1.3126e-07
Execution time: 0s
For SDRP=0.875: 
Unitary fidelity: 2.4306e-07
Execution time: 0s
For SDRP=0.85: 
Unitary fidelity: 3.90122e-07
Execution time: 0s
For SDRP=0.825: 
Unitary fidelity: 5.51694e-07
Execution time: 0s
For SDRP=0.8: 
Unitary fidelity: 6.27973e-07
Execution time: 0s
For SDRP=0.775: 
Unitary fidelity: 8.60196e-07
Execution time: 0s
For SDRP=0.75: 
Unitary fidelity: 5.77871e-06
Execution time: 0s
For SDRP=0.725: 
Unitary fidelity: 1.28442e-05
Execution time: 0s
For SDRP=0.7: 
Unitary fidelity: 1.28442e-05
Execution time: 0s
For SDRP=0.675: 
Unitary fidelity: 1.28442e-05
Execution time: 0s
For SDRP=0.65: 
Unitary fidelity: 4.33004e-05
Execution time: 0s
For SDRP=0.625: 
Unitary fidelity: 6.59314e-05
Execution time: 0s
Random Seed: 1680989251 (Overridden by hardware generation!)
Device #0, Loaded binary from: /home/paperspace/.qrack/qrack_ocl_dev_A100_80GB_PCIe.ir
Default platform: NVIDIA CUDA
Default device: #0, A100 80GB PCIe
OpenCL device #0: A100 80GB PCIe
############ Default Optimal (QUnit) ############
Filters: test_noisy_fidelity_2qb_nn_estimate
>>> 'test_noisy_fidelity_2qb_nn_estimate':
Circuit width: 54
Circuit layer depth (excluding factor of x2 for mirror validation): 8
For SDRP=1: 
Unitary fidelity: 7.85557e-07
Execution time: 0s
For SDRP=0.975: 
Unitary fidelity: 2.32589e-06
Execution time: 0s
For SDRP=0.95: 
Unitary fidelity: 2.2448e-06
Execution time: 0s
For SDRP=0.925: 
Unitary fidelity: 2.24481e-06
Execution time: 0s
For SDRP=0.9: 
Unitary fidelity: 3.03816e-06
Execution time: 0s
For SDRP=0.875: 
Unitary fidelity: 3.03815e-06
Execution time: 0s
For SDRP=0.85: 
Unitary fidelity: 5.39365e-06
Execution time: 0s
For SDRP=0.825: 
Unitary fidelity: 6.85547e-06
Execution time: 0s
For SDRP=0.8: 
Unitary fidelity: 6.85549e-06
Execution time: 0s
For SDRP=0.775: 
Unitary fidelity: 1.37165e-05
Execution time: 0s
For SDRP=0.75: 
Unitary fidelity: 1.37164e-05
Execution time: 0s
For SDRP=0.725: 
Unitary fidelity: 1.37164e-05
Execution time: 0s
For SDRP=0.7: 
Unitary fidelity: 1.37407e-05
Execution time: 0s
For SDRP=0.675: 
Unitary fidelity: 3.84212e-05
Execution time: 0s
For SDRP=0.65: 
Unitary fidelity: 3.80279e-05
Execution time: 0s
For SDRP=0.625: 
Unitary fidelity: 3.80278e-05
Execution time: 0s
Random Seed: 1680989684 (Overridden by hardware generation!)
Device #0, Loaded binary from: /home/paperspace/.qrack/qrack_ocl_dev_A100_80GB_PCIe.ir
Default platform: NVIDIA CUDA
Default device: #0, A100 80GB PCIe
OpenCL device #0: A100 80GB PCIe
############ Default Optimal (QUnit) ############
Filters: test_noisy_fidelity_2qb_nn_estimate
>>> 'test_noisy_fidelity_2qb_nn_estimate':
Circuit width: 54
Circuit layer depth (excluding factor of x2 for mirror validation): 8
For SDRP=1: 
Unitary fidelity: 1.573e-08
Execution time: 0s
For SDRP=0.975: 
Unitary fidelity: 1.573e-08
Execution time: 0s
For SDRP=0.95: 
Unitary fidelity: 1.57299e-08
Execution time: 0s
For SDRP=0.925: 
Unitary fidelity: 1.573e-08
Execution time: 0s
For SDRP=0.9: 
Unitary fidelity: 1.57299e-08
Execution time: 0s
For SDRP=0.875: 
Unitary fidelity: 1.56993e-08
Execution time: 0s
For SDRP=0.85: 
Unitary fidelity: 2.91982e-08
Execution time: 0s
For SDRP=0.825: 
Unitary fidelity: 2.51702e-08
Execution time: 0s
For SDRP=0.8: 
Unitary fidelity: 1.99892e-08
Execution time: 0s
For SDRP=0.775: 
Unitary fidelity: 4.39038e-08
Execution time: 0s
For SDRP=0.75: 
Unitary fidelity: 9.87622e-08
Execution time: 0s
For SDRP=0.725: 
Unitary fidelity: 1.02898e-07
Execution time: 0s
For SDRP=0.7: 
Unitary fidelity: 3.8704e-07
Execution time: 0s
For SDRP=0.675: 
Unitary fidelity: 1.33733e-06
Execution time: 0s
For SDRP=0.65: 
Unitary fidelity: 1.33733e-06
Execution time: 0s
For SDRP=0.625: 
Unitary fidelity: 1.21374e-06
Execution time: 0s
For SDRP=0.6: 
Unitary fidelity: 8.09168e-06
Execution time: 0s
Random Seed: 1680990195 (Overridden by hardware generation!)
Device #0, Loaded binary from: /home/paperspace/.qrack/qrack_ocl_dev_A100_80GB_PCIe.ir
Default platform: NVIDIA CUDA
Default device: #0, A100 80GB PCIe
OpenCL device #0: A100 80GB PCIe
############ Default Optimal (QUnit) ############
Filters: test_noisy_fidelity_2qb_nn_estimate
>>> 'test_noisy_fidelity_2qb_nn_estimate':
Circuit width: 54
Circuit layer depth (excluding factor of x2 for mirror validation): 8
For SDRP=1: 
Unitary fidelity: 9.12013e-07
Execution time: 0s
For SDRP=0.975: 
Unitary fidelity: 9.12003e-07
Execution time: 0s
For SDRP=0.95: 
Unitary fidelity: 7.33458e-07
Execution time: 0s
For SDRP=0.925: 
Unitary fidelity: 6.38012e-07
Execution time: 0s
For SDRP=0.9: 
Unitary fidelity: 9.38503e-07
Execution time: 0s
For SDRP=0.875: 
Unitary fidelity: 9.38507e-07
Execution time: 0s
For SDRP=0.85: 
Unitary fidelity: 3.87172e-07
Execution time: 0s
For SDRP=0.825: 
Unitary fidelity: 4.02029e-07
Execution time: 0s
For SDRP=0.8: 
Unitary fidelity: 2.64688e-06
Execution time: 0s
For SDRP=0.775: 
Unitary fidelity: 2.64687e-06
Execution time: 0s
For SDRP=0.75: 
Unitary fidelity: 8.39549e-06
Execution time: 0s
For SDRP=0.725: 
Unitary fidelity: 1.46438e-05
Execution time: 0s
For SDRP=0.7: 
Unitary fidelity: 2.6601e-05
Execution time: 0s
Random Seed: 1680990622 (Overridden by hardware generation!)
Device #0, Loaded binary from: /home/paperspace/.qrack/qrack_ocl_dev_A100_80GB_PCIe.ir
Default platform: NVIDIA CUDA
Default device: #0, A100 80GB PCIe
OpenCL device #0: A100 80GB PCIe
############ Default Optimal (QUnit) ############
Filters: test_noisy_fidelity_2qb_nn_estimate
>>> 'test_noisy_fidelity_2qb_nn_estimate':
Circuit width: 54
Circuit layer depth (excluding factor of x2 for mirror validation): 8
For SDRP=1: 
Unitary fidelity: 1.69356e-06
Execution time: 0s
For SDRP=0.975: 
Unitary fidelity: 1.69356e-06
Execution time: 0s
For SDRP=0.95: 
Unitary fidelity: 1.69357e-06
Execution time: 0s
For SDRP=0.925: 
Unitary fidelity: 1.69356e-06
Execution time: 0s
For SDRP=0.9: 
Unitary fidelity: 1.69356e-06
Execution time: 0s
For SDRP=0.875: 
Unitary fidelity: 1.69353e-06
Execution time: 0s
For SDRP=0.85: 
Unitary fidelity: 1.69357e-06
Execution time: 0s
For SDRP=0.825: 
Unitary fidelity: 1.69358e-06
Execution time: 0s
For SDRP=0.8: 
Unitary fidelity: 4.65975e-06
Execution time: 0s
For SDRP=0.775: 
Unitary fidelity: 4.65974e-06
Execution time: 0s
For SDRP=0.75: 
Unitary fidelity: 4.65978e-06
Execution time: 0s
For SDRP=0.725: 
Unitary fidelity: 3.99925e-06
Execution time: 0s
For SDRP=0.7: 
Unitary fidelity: 5.78805e-06
Execution time: 0s
For SDRP=0.675: 
Unitary fidelity: 5.78799e-06
Execution time: 0s
For SDRP=0.65: 
Unitary fidelity: 1.69022e-05
Execution time: 0s
For SDRP=0.625: 
Unitary fidelity: 5.19261e-05
Execution time: 0s
For SDRP=0.6: 
Unitary fidelity: 5.1926e-05
Execution time: 0s
For SDRP=0.575: 
Unitary fidelity: 4.12772e-05
Execution time: 0s
Random Seed: 1680991045 (Overridden by hardware generation!)
Device #0, Loaded binary from: /home/paperspace/.qrack/qrack_ocl_dev_A100_80GB_PCIe.ir
Default platform: NVIDIA CUDA
Default device: #0, A100 80GB PCIe
OpenCL device #0: A100 80GB PCIe
############ Default Optimal (QUnit) ############
Filters: test_noisy_fidelity_2qb_nn_estimate
>>> 'test_noisy_fidelity_2qb_nn_estimate':
Circuit width: 54
Circuit layer depth (excluding factor of x2 for mirror validation): 8
For SDRP=1: 
Unitary fidelity: 5.31047e-09
Execution time: 0s
For SDRP=0.975: 
Unitary fidelity: 5.31047e-09
Execution time: 0s
For SDRP=0.95: 
Unitary fidelity: 5.31046e-09
Execution time: 0s
For SDRP=0.925: 
Unitary fidelity: 9.80902e-09
Execution time: 0s
For SDRP=0.9: 
Unitary fidelity: 9.07247e-09
Execution time: 0s
For SDRP=0.875: 
Unitary fidelity: 9.07248e-09
Execution time: 0s
For SDRP=0.85: 
Unitary fidelity: 2.10938e-08
Execution time: 0s
For SDRP=0.825: 
Unitary fidelity: 1.78285e-08
Execution time: 0s
For SDRP=0.8: 
Unitary fidelity: 1.78284e-08
Execution time: 0s
For SDRP=0.775: 
Unitary fidelity: 2.97594e-08
Execution time: 0s
For SDRP=0.75: 
Unitary fidelity: 4.39519e-08
Execution time: 0s
For SDRP=0.725: 
Unitary fidelity: 2.62929e-08
Execution time: 0s
For SDRP=0.7: 
Unitary fidelity: 2.79239e-07
Execution time: 0s
For SDRP=0.675: 
Unitary fidelity: 6.32144e-07
Execution time: 0s
For SDRP=0.65: 
Unitary fidelity: 2.32207e-06
Execution time: 0s
For SDRP=0.625: 
Unitary fidelity: 2.0362e-06
Execution time: 0s
For SDRP=0.6: 
Unitary fidelity: 2.07201e-06
Execution time: 0s
For SDRP=0.575: 
Unitary fidelity: 4.80053e-06
Execution time: 0s
For SDRP=0.55: 
Unitary fidelity: 9.22448e-06
Execution time: 0s
For SDRP=0.525: 
Unitary fidelity: 0.000310389
Execution time: 0s
For SDRP=0.5: 
Unitary fidelity: 0.000177159
Execution time: 0s
For SDRP=0.475: 
Unitary fidelity: 0.00397051
Execution time: 0s
For SDRP=0.45: 
Unitary fidelity: 0.00493125
Execution time: 0s
For SDRP=0.425: 
Unitary fidelity: 0.0207097
Execution time: 0s
For SDRP=0.4: 
Unitary fidelity: 0.0207097
Execution time: 0s
Random Seed: 1680991319 (Overridden by hardware generation!)
Device #0, Loaded binary from: /home/paperspace/.qrack/qrack_ocl_dev_A100_80GB_PCIe.ir
Default platform: NVIDIA CUDA
Default device: #0, A100 80GB PCIe
OpenCL device #0: A100 80GB PCIe
############ Default Optimal (QUnit) ############
Filters: test_noisy_fidelity_2qb_nn_estimate
>>> 'test_noisy_fidelity_2qb_nn_estimate':
Circuit width: 54
Circuit layer depth (excluding factor of x2 for mirror validation): 8
For SDRP=1: 
Unitary fidelity: 5.85016e-09
Execution time: 0s
For SDRP=0.975: 
Unitary fidelity: 5.85019e-09
Execution time: 0s
For SDRP=0.95: 
Unitary fidelity: 5.85019e-09
Execution time: 0s
For SDRP=0.925: 
Unitary fidelity: 5.85011e-09
Execution time: 0s
For SDRP=0.9: 
Unitary fidelity: 5.55837e-09
Execution time: 0s
For SDRP=0.875: 
Unitary fidelity: 5.55837e-09
Execution time: 1s
For SDRP=0.85: 
Unitary fidelity: 1.7596e-08
Execution time: 1s
For SDRP=0.825: 
Unitary fidelity: 2.22775e-08
Execution time: 1s
For SDRP=0.8: 
Unitary fidelity: 3.22732e-08
Execution time: 1s
For SDRP=0.775: 
Unitary fidelity: 6.71561e-08
Execution time: 1s
For SDRP=0.75: 
Unitary fidelity: 1.08074e-07
Execution time: 1s
For SDRP=0.725: 
Unitary fidelity: 1.12609e-07
Execution time: 0s
For SDRP=0.7: 
Unitary fidelity: 1.12806e-07
Execution time: 0s
For SDRP=0.675: 
Unitary fidelity: 1.69103e-07
Execution time: 0s
Random Seed: 1680991754 (Overridden by hardware generation!)
Device #0, Loaded binary from: /home/paperspace/.qrack/qrack_ocl_dev_A100_80GB_PCIe.ir
Default platform: NVIDIA CUDA
Default device: #0, A100 80GB PCIe
OpenCL device #0: A100 80GB PCIe
############ Default Optimal (QUnit) ############
Filters: test_noisy_fidelity_2qb_nn_estimate
>>> 'test_noisy_fidelity_2qb_nn_estimate':
Circuit width: 54
Circuit layer depth (excluding factor of x2 for mirror validation): 8
For SDRP=1: 
Unitary fidelity: 3.61327e-08
Execution time: 0s
For SDRP=0.975: 
Unitary fidelity: 4.3546e-08
Execution time: 0s
For SDRP=0.95: 
Unitary fidelity: 4.3546e-08
Execution time: 0s
For SDRP=0.925: 
Unitary fidelity: 4.3546e-08
Execution time: 0s
For SDRP=0.9: 
Unitary fidelity: 3.20186e-08
Execution time: 0s
For SDRP=0.875: 
Unitary fidelity: 2.75532e-08
Execution time: 0s
For SDRP=0.85: 
Unitary fidelity: 2.75532e-08
Execution time: 0s
For SDRP=0.825: 
Unitary fidelity: 3.96377e-08
Execution time: 0s
For SDRP=0.8: 
Unitary fidelity: 8.25749e-08
Execution time: 0s
For SDRP=0.775: 
Unitary fidelity: 5.91833e-07
Execution time: 0s
For SDRP=0.75: 
Unitary fidelity: 4.89759e-07
Execution time: 0s
For SDRP=0.725: 
Unitary fidelity: 1.30083e-06
Execution time: 0s
Random Seed: 1680992184 (Overridden by hardware generation!)
Device #0, Loaded binary from: /home/paperspace/.qrack/qrack_ocl_dev_A100_80GB_PCIe.ir
Default platform: NVIDIA CUDA
Default device: #0, A100 80GB PCIe
OpenCL device #0: A100 80GB PCIe
############ Default Optimal (QUnit) ############
Filters: test_noisy_fidelity_2qb_nn_estimate
>>> 'test_noisy_fidelity_2qb_nn_estimate':
Circuit width: 54
Circuit layer depth (excluding factor of x2 for mirror validation): 8
For SDRP=1: 
Unitary fidelity: 3.73761e-10
Execution time: 0s
For SDRP=0.975: 
Unitary fidelity: 3.73763e-10
Execution time: 0s
For SDRP=0.95: 
Unitary fidelity: 3.73762e-10
Execution time: 0s
For SDRP=0.925: 
Unitary fidelity: 3.73762e-10
Execution time: 0s
For SDRP=0.9: 
Unitary fidelity: 4.33719e-10
Execution time: 0s
For SDRP=0.875: 
Unitary fidelity: 4.33718e-10
Execution time: 0s
For SDRP=0.85: 
Unitary fidelity: 1.27641e-09
Execution time: 0s
For SDRP=0.825: 
Unitary fidelity: 1.2764e-09
Execution time: 0s
For SDRP=0.8: 
Unitary fidelity: 2.04219e-09
Execution time: 0s
For SDRP=0.775: 
Unitary fidelity: 3.4503e-09
Execution time: 0s
For SDRP=0.75: 
Unitary fidelity: 3.45028e-09
Execution time: 0s
For SDRP=0.725: 
Unitary fidelity: 1.10168e-08
Execution time: 0s
For SDRP=0.7: 
Unitary fidelity: 1.10168e-08
Execution time: 0s
For SDRP=0.675: 
Unitary fidelity: 1.99282e-08
Execution time: 0s
Random Seed: 1680992608 (Overridden by hardware generation!)
Device #0, Loaded binary from: /home/paperspace/.qrack/qrack_ocl_dev_A100_80GB_PCIe.ir
Default platform: NVIDIA CUDA
Default device: #0, A100 80GB PCIe
OpenCL device #0: A100 80GB PCIe
############ Default Optimal (QUnit) ############
Filters: test_noisy_fidelity_2qb_nn_estimate
>>> 'test_noisy_fidelity_2qb_nn_estimate':
Circuit width: 54
Circuit layer depth (excluding factor of x2 for mirror validation): 8
Random Seed: 1680993094 (Overridden by hardware generation!)
Device #0, Loaded binary from: /home/paperspace/.qrack/qrack_ocl_dev_A100_80GB_PCIe.ir
Default platform: NVIDIA CUDA
Default device: #0, A100 80GB PCIe
OpenCL device #0: A100 80GB PCIe
############ Default Optimal (QUnit) ############
Filters: test_noisy_fidelity_2qb_nn_estimate
>>> 'test_noisy_fidelity_2qb_nn_estimate':
Circuit width: 54
Circuit layer depth (excluding factor of x2 for mirror validation): 8
For SDRP=1: 
Unitary fidelity: 2.28568e-09
Execution time: 0s
For SDRP=0.975: 
Unitary fidelity: 3.2882e-09
Execution time: 0s
For SDRP=0.95: 
Unitary fidelity: 6.30716e-09
Execution time: 0s
For SDRP=0.925: 
Unitary fidelity: 6.30716e-09
Execution time: 0s
For SDRP=0.9: 
Unitary fidelity: 6.30712e-09
Execution time: 0s
For SDRP=0.875: 
Unitary fidelity: 6.30714e-09
Execution time: 0s
For SDRP=0.85: 
Unitary fidelity: 8.99418e-09
Execution time: 0s
For SDRP=0.825: 
Unitary fidelity: 8.99422e-09
Execution time: 0s
For SDRP=0.8: 
Unitary fidelity: 9.3341e-09
Execution time: 0s
For SDRP=0.775: 
Unitary fidelity: 1.45045e-08
Execution time: 0s
For SDRP=0.75: 
Unitary fidelity: 2.64593e-08
Execution time: 0s
Random Seed: 1680993517 (Overridden by hardware generation!)
Device #0, Loaded binary from: /home/paperspace/.qrack/qrack_ocl_dev_A100_80GB_PCIe.ir
Default platform: NVIDIA CUDA
Default device: #0, A100 80GB PCIe
OpenCL device #0: A100 80GB PCIe
############ Default Optimal (QUnit) ############
Filters: test_noisy_fidelity_2qb_nn_estimate
>>> 'test_noisy_fidelity_2qb_nn_estimate':
Circuit width: 54
Circuit layer depth (excluding factor of x2 for mirror validation): 8
Random Seed: 1680993950 (Overridden by hardware generation!)
Device #0, Loaded binary from: /home/paperspace/.qrack/qrack_ocl_dev_A100_80GB_PCIe.ir
Default platform: NVIDIA CUDA
Default device: #0, A100 80GB PCIe
OpenCL device #0: A100 80GB PCIe
############ Default Optimal (QUnit) ############
Filters: test_noisy_fidelity_2qb_nn_estimate
>>> 'test_noisy_fidelity_2qb_nn_estimate':
Circuit width: 54
Circuit layer depth (excluding factor of x2 for mirror validation): 8
For SDRP=1: 
Unitary fidelity: 9.14568e-07
Execution time: 0s
For SDRP=0.975: 
Unitary fidelity: 9.14573e-07
Execution time: 0s
For SDRP=0.95: 
Unitary fidelity: 9.14567e-07
Execution time: 0s
For SDRP=0.925: 
Unitary fidelity: 9.14572e-07
Execution time: 0s
For SDRP=0.9: 
Unitary fidelity: 1.40355e-06
Execution time: 0s
For SDRP=0.875: 
Unitary fidelity: 2.75404e-06
Execution time: 0s
For SDRP=0.85: 
Unitary fidelity: 2.75403e-06
Execution time: 0s
For SDRP=0.825: 
Unitary fidelity: 3.14065e-06
Execution time: 0s
For SDRP=0.8: 
Unitary fidelity: 5.25472e-06
Execution time: 0s
For SDRP=0.775: 
Unitary fidelity: 4.12284e-06
Execution time: 0s
For SDRP=0.75: 
Unitary fidelity: 4.12286e-06
Execution time: 0s
Random Seed: 1680994417 (Overridden by hardware generation!)
Device #0, Loaded binary from: /home/paperspace/.qrack/qrack_ocl_dev_A100_80GB_PCIe.ir
Default platform: NVIDIA CUDA
Default device: #0, A100 80GB PCIe
OpenCL device #0: A100 80GB PCIe
############ Default Optimal (QUnit) ############
Filters: test_noisy_fidelity_2qb_nn_estimate
>>> 'test_noisy_fidelity_2qb_nn_estimate':
Circuit width: 54
Circuit layer depth (excluding factor of x2 for mirror validation): 8
Random Seed: 1680994822 (Overridden by hardware generation!)
Device #0, Loaded binary from: /home/paperspace/.qrack/qrack_ocl_dev_A100_80GB_PCIe.ir
Default platform: NVIDIA CUDA
Default device: #0, A100 80GB PCIe
OpenCL device #0: A100 80GB PCIe
############ Default Optimal (QUnit) ############
Filters: test_noisy_fidelity_2qb_nn_estimate
>>> 'test_noisy_fidelity_2qb_nn_estimate':
Circuit width: 54
Circuit layer depth (excluding factor of x2 for mirror validation): 8
For SDRP=1: 
Unitary fidelity: 1.4604e-08
Execution time: 0s
For SDRP=0.975: 
Unitary fidelity: 1.46038e-08
Execution time: 0s
For SDRP=0.95: 
Unitary fidelity: 1.46039e-08
Execution time: 0s
For SDRP=0.925: 
Unitary fidelity: 1.59752e-08
Execution time: 0s
For SDRP=0.9: 
Unitary fidelity: 2.71193e-08
Execution time: 0s
For SDRP=0.875: 
Unitary fidelity: 2.84556e-08
Execution time: 0s
For SDRP=0.85: 
Unitary fidelity: 3.45596e-08
Execution time: 0s
For SDRP=0.825: 
Unitary fidelity: 2.95476e-08
Execution time: 0s
For SDRP=0.8: 
Unitary fidelity: 2.95477e-08
Execution time: 0s
For SDRP=0.775: 
Unitary fidelity: 2.86775e-08
Execution time: 0s
For SDRP=0.75: 
Unitary fidelity: 4.57527e-08
Execution time: 0s
For SDRP=0.725: 
Unitary fidelity: 4.57527e-08
Execution time: 0s
For SDRP=0.7: 
Unitary fidelity: 6.82512e-08
Execution time: 0s
For SDRP=0.675: 
Unitary fidelity: 6.02889e-08
Execution time: 0s
For SDRP=0.65: 
Unitary fidelity: 5.8412e-08
Execution time: 0s
For SDRP=0.625: 
Unitary fidelity: 1.53927e-07
Execution time: 0s
For SDRP=0.6: 
Unitary fidelity: 8.94847e-06
Execution time: 0s
For SDRP=0.575: 
Unitary fidelity: 8.86938e-05
Execution time: 2s
Random Seed: 1680995217 (Overridden by hardware generation!)
Device #0, Loaded binary from: /home/paperspace/.qrack/qrack_ocl_dev_A100_80GB_PCIe.ir
Default platform: NVIDIA CUDA
Default device: #0, A100 80GB PCIe
OpenCL device #0: A100 80GB PCIe
############ Default Optimal (QUnit) ############
Filters: test_noisy_fidelity_2qb_nn_estimate
>>> 'test_noisy_fidelity_2qb_nn_estimate':
Circuit width: 54
Circuit layer depth (excluding factor of x2 for mirror validation): 8
For SDRP=1: 
Unitary fidelity: 1.06318e-07
Execution time: 0s
For SDRP=0.975: 
Unitary fidelity: 1.06318e-07
Execution time: 0s
For SDRP=0.95: 
Unitary fidelity: 1.06318e-07
Execution time: 0s
For SDRP=0.925: 
Unitary fidelity: 1.78486e-07
Execution time: 0s
For SDRP=0.9: 
Unitary fidelity: 1.78486e-07
Execution time: 0s
For SDRP=0.875: 
Unitary fidelity: 2.66498e-07
Execution time: 0s
For SDRP=0.85: 
Unitary fidelity: 4.84514e-07
Execution time: 0s
For SDRP=0.825: 
Unitary fidelity: 4.84515e-07
Execution time: 0s
Random Seed: 1680995944 (Overridden by hardware generation!)
Device #0, Loaded binary from: /home/paperspace/.qrack/qrack_ocl_dev_A100_80GB_PCIe.ir
Default platform: NVIDIA CUDA
Default device: #0, A100 80GB PCIe
OpenCL device #0: A100 80GB PCIe
############ Default Optimal (QUnit) ############
Filters: test_noisy_fidelity_2qb_nn_estimate
>>> 'test_noisy_fidelity_2qb_nn_estimate':
Circuit width: 54
Circuit layer depth (excluding factor of x2 for mirror validation): 8
For SDRP=1: 
Unitary fidelity: 6.56853e-08
Execution time: 0s
For SDRP=0.975: 
Unitary fidelity: 6.56854e-08
Execution time: 0s
For SDRP=0.95: 
Unitary fidelity: 5.9177e-08
Execution time: 0s
For SDRP=0.925: 
Unitary fidelity: 1.70723e-08
Execution time: 0s
For SDRP=0.9: 
Unitary fidelity: 1.70724e-08
Execution time: 0s
For SDRP=0.875: 
Unitary fidelity: 6.17412e-08
Execution time: 0s
For SDRP=0.85: 
Unitary fidelity: 8.63991e-08
Execution time: 0s
For SDRP=0.825: 
Unitary fidelity: 9.24352e-08
Execution time: 0s
For SDRP=0.8: 
Unitary fidelity: 1.55843e-07
Execution time: 0s
For SDRP=0.775: 
Unitary fidelity: 1.55843e-07
Execution time: 0s
For SDRP=0.75: 
Unitary fidelity: 1.55843e-07
Execution time: 0s
For SDRP=0.725: 
Unitary fidelity: 1.55843e-07
Execution time: 0s
For SDRP=0.7: 
Unitary fidelity: 1.00366e-07
Execution time: 0s
For SDRP=0.675: 
Unitary fidelity: 1.50564e-07
Execution time: 0s
For SDRP=0.65: 
Unitary fidelity: 1.33788e-06
Execution time: 0s
For SDRP=0.625: 
Unitary fidelity: 1.33788e-06
Execution time: 0s
For SDRP=0.6: 
Unitary fidelity: 6.98459e-06
Execution time: 0s
For SDRP=0.575: 
Unitary fidelity: 1.10231e-05
Execution time: 0s
For SDRP=0.55: 
Unitary fidelity: 2.78471e-05
Execution time: 0s
For SDRP=0.525: 
Unitary fidelity: 0.00054017
Execution time: 0s
For SDRP=0.5: 
Unitary fidelity: 0.000964705
Execution time: 0s
For SDRP=0.475: 
Unitary fidelity: 0.00128565
Execution time: 0s
For SDRP=0.45: 
Unitary fidelity: 0.00142714
Execution time: 0s
For SDRP=0.425: 
Unitary fidelity: 0.0175334
Execution time: 1s
Random Seed: 1680996387 (Overridden by hardware generation!)
Device #0, Loaded binary from: /home/paperspace/.qrack/qrack_ocl_dev_A100_80GB_PCIe.ir
Default platform: NVIDIA CUDA
Default device: #0, A100 80GB PCIe
OpenCL device #0: A100 80GB PCIe
############ Default Optimal (QUnit) ############
Filters: test_noisy_fidelity_2qb_nn_estimate
>>> 'test_noisy_fidelity_2qb_nn_estimate':
Circuit width: 54
Circuit layer depth (excluding factor of x2 for mirror validation): 8
Random Seed: 1680996971 (Overridden by hardware generation!)
Device #0, Loaded binary from: /home/paperspace/.qrack/qrack_ocl_dev_A100_80GB_PCIe.ir
Default platform: NVIDIA CUDA
Default device: #0, A100 80GB PCIe
OpenCL device #0: A100 80GB PCIe
############ Default Optimal (QUnit) ############
Filters: test_noisy_fidelity_2qb_nn_estimate
>>> 'test_noisy_fidelity_2qb_nn_estimate':
Circuit width: 54
Circuit layer depth (excluding factor of x2 for mirror validation): 8
Random Seed: 1680997515 (Overridden by hardware generation!)
Device #0, Loaded binary from: /home/paperspace/.qrack/qrack_ocl_dev_A100_80GB_PCIe.ir
Default platform: NVIDIA CUDA
Default device: #0, A100 80GB PCIe
OpenCL device #0: A100 80GB PCIe
############ Default Optimal (QUnit) ############
Filters: test_noisy_fidelity_2qb_nn_estimate
>>> 'test_noisy_fidelity_2qb_nn_estimate':
Circuit width: 54
Circuit layer depth (excluding factor of x2 for mirror validation): 8
For SDRP=1: 
Unitary fidelity: 4.65221e-06
Execution time: 0s
For SDRP=0.975: 
Unitary fidelity: 4.65223e-06
Execution time: 0s
For SDRP=0.95: 
Unitary fidelity: 4.8578e-06
Execution time: 0s
For SDRP=0.925: 
Unitary fidelity: 4.8578e-06
Execution time: 0s
For SDRP=0.9: 
Unitary fidelity: 5.05295e-06
Execution time: 0s
For SDRP=0.875: 
Unitary fidelity: 5.05295e-06
Execution time: 0s
For SDRP=0.85: 
Unitary fidelity: 1.46575e-05
Execution time: 0s
For SDRP=0.825: 
Unitary fidelity: 1.46575e-05
Execution time: 0s
For SDRP=0.8: 
Unitary fidelity: 1.46575e-05
Execution time: 0s
For SDRP=0.775: 
Unitary fidelity: 1.38755e-05
Execution time: 0s
For SDRP=0.75: 
Unitary fidelity: 1.38756e-05
Execution time: 0s
For SDRP=0.725: 
Unitary fidelity: 1.6061e-05
Execution time: 0s
For SDRP=0.7: 
Unitary fidelity: 1.60611e-05
Execution time: 0s
For SDRP=0.675: 
Unitary fidelity: 1.82059e-05
Execution time: 0s
For SDRP=0.65: 
Unitary fidelity: 1.82059e-05
Execution time: 0s
For SDRP=0.625: 
Unitary fidelity: 2.1013e-05
Execution time: 0s
For SDRP=0.6: 
Unitary fidelity: 2.1013e-05
Execution time: 0s
For SDRP=0.575: 
Unitary fidelity: 4.69728e-05
Execution time: 0s
For SDRP=0.55: 
Unitary fidelity: 0.000194397
Execution time: 0s
For SDRP=0.525: 
Unitary fidelity: 0.000197824
Execution time: 0s
For SDRP=0.5: 
Unitary fidelity: 0.000197824
Execution time: 0s
For SDRP=0.475: 
Unitary fidelity: 0.000281794
Execution time: 1s
For SDRP=0.45: 
Unitary fidelity: 0.00040543
Execution time: 1s
Random Seed: 1680997938 (Overridden by hardware generation!)
Device #0, Loaded binary from: /home/paperspace/.qrack/qrack_ocl_dev_A100_80GB_PCIe.ir
Default platform: NVIDIA CUDA
Default device: #0, A100 80GB PCIe
OpenCL device #0: A100 80GB PCIe
############ Default Optimal (QUnit) ############
Filters: test_noisy_fidelity_2qb_nn_estimate
>>> 'test_noisy_fidelity_2qb_nn_estimate':
Circuit width: 54
Circuit layer depth (excluding factor of x2 for mirror validation): 8
For SDRP=1: 
Unitary fidelity: 1.12639e-07
Execution time: 0s
For SDRP=0.975: 
Unitary fidelity: 1.12638e-07
Execution time: 0s
For SDRP=0.95: 
Unitary fidelity: 1.51814e-07
Execution time: 0s
For SDRP=0.925: 
Unitary fidelity: 1.51813e-07
Execution time: 0s
For SDRP=0.9: 
Unitary fidelity: 1.51814e-07
Execution time: 0s
For SDRP=0.875: 
Unitary fidelity: 1.34094e-07
Execution time: 0s
For SDRP=0.85: 
Unitary fidelity: 1.34094e-07
Execution time: 0s
For SDRP=0.825: 
Unitary fidelity: 1.14638e-07
Execution time: 0s
For SDRP=0.8: 
Unitary fidelity: 1.53111e-07
Execution time: 0s
For SDRP=0.775: 
Unitary fidelity: 1.5311e-07
Execution time: 0s
For SDRP=0.75: 
Unitary fidelity: 7.42423e-07
Execution time: 0s
For SDRP=0.725: 
Unitary fidelity: 1.05102e-06
Execution time: 0s
For SDRP=0.7: 
Unitary fidelity: 1.6226e-06
Execution time: 0s
For SDRP=0.675: 
Unitary fidelity: 7.04463e-06
Execution time: 0s
For SDRP=0.65: 
Unitary fidelity: 2.05557e-05
Execution time: 0s
For SDRP=0.625: 
Unitary fidelity: 1.90086e-05
Execution time: 0s
For SDRP=0.6: 
Unitary fidelity: 3.33808e-05
Execution time: 0s
For SDRP=0.575: 
Unitary fidelity: 3.33808e-05
Execution time: 0s
For SDRP=0.55: 
Unitary fidelity: 8.34194e-05
Execution time: 0s
For SDRP=0.525: 
Unitary fidelity: 8.34195e-05
Execution time: 0s
For SDRP=0.5: 
Unitary fidelity: 0.000176427
Execution time: 0s
For SDRP=0.475: 
Unitary fidelity: 0.000225894
Execution time: 0s
For SDRP=0.45: 
Unitary fidelity: 0.00103908
Execution time: 0s
Random Seed: 1680998528 (Overridden by hardware generation!)
Device #0, Loaded binary from: /home/paperspace/.qrack/qrack_ocl_dev_A100_80GB_PCIe.ir
Default platform: NVIDIA CUDA
Default device: #0, A100 80GB PCIe
OpenCL device #0: A100 80GB PCIe
############ Default Optimal (QUnit) ############
Filters: test_noisy_fidelity_2qb_nn_estimate
>>> 'test_noisy_fidelity_2qb_nn_estimate':
Circuit width: 54
Circuit layer depth (excluding factor of x2 for mirror validation): 8
For SDRP=1: 
Unitary fidelity: 1.29209e-08
Execution time: 0s
For SDRP=0.975: 
Unitary fidelity: 1.29209e-08
Execution time: 0s
For SDRP=0.95: 
Unitary fidelity: 1.29209e-08
Execution time: 0s
For SDRP=0.925: 
Unitary fidelity: 1.29208e-08
Execution time: 0s
For SDRP=0.9: 
Unitary fidelity: 2.51574e-08
Execution time: 0s
For SDRP=0.875: 
Unitary fidelity: 5.39305e-08
Execution time: 0s
For SDRP=0.85: 
Unitary fidelity: 9.26331e-08
Execution time: 0s
For SDRP=0.825: 
Unitary fidelity: 9.26334e-08
Execution time: 0s
Random Seed: 1680999334 (Overridden by hardware generation!)
Device #0, Loaded binary from: /home/paperspace/.qrack/qrack_ocl_dev_A100_80GB_PCIe.ir
Default platform: NVIDIA CUDA
Default device: #0, A100 80GB PCIe
OpenCL device #0: A100 80GB PCIe
############ Default Optimal (QUnit) ############
Filters: test_noisy_fidelity_2qb_nn_estimate
>>> 'test_noisy_fidelity_2qb_nn_estimate':
Circuit width: 54
Circuit layer depth (excluding factor of x2 for mirror validation): 8
For SDRP=1: 
Unitary fidelity: 2.07085e-08
Execution time: 0s
For SDRP=0.975: 
Unitary fidelity: 2.57984e-08
Execution time: 0s
For SDRP=0.95: 
Unitary fidelity: 2.68087e-08
Execution time: 0s
For SDRP=0.925: 
Unitary fidelity: 1.66782e-08
Execution time: 0s
For SDRP=0.9: 
Unitary fidelity: 1.66782e-08
Execution time: 0s
For SDRP=0.875: 
Unitary fidelity: 1.58167e-08
Execution time: 0s
For SDRP=0.85: 
Unitary fidelity: 1.66667e-08
Execution time: 0s
For SDRP=0.825: 
Unitary fidelity: 4.53074e-08
Execution time: 0s
For SDRP=0.8: 
Unitary fidelity: 3.73877e-08
Execution time: 0s
For SDRP=0.775: 
Unitary fidelity: 3.73878e-08
Execution time: 0s
For SDRP=0.75: 
Unitary fidelity: 1.07962e-07
Execution time: 0s
For SDRP=0.725: 
Unitary fidelity: 8.31361e-07
Execution time: 0s
For SDRP=0.7: 
Unitary fidelity: 6.82798e-07
Execution time: 0s
For SDRP=0.675: 
Unitary fidelity: 1.18694e-06
Execution time: 1s
Random Seed: 1680999994 (Overridden by hardware generation!)
Device #0, Loaded binary from: /home/paperspace/.qrack/qrack_ocl_dev_A100_80GB_PCIe.ir
Default platform: NVIDIA CUDA
Default device: #0, A100 80GB PCIe
OpenCL device #0: A100 80GB PCIe
############ Default Optimal (QUnit) ############
Filters: test_noisy_fidelity_2qb_nn_estimate
>>> 'test_noisy_fidelity_2qb_nn_estimate':
Circuit width: 54
Circuit layer depth (excluding factor of x2 for mirror validation): 8
For SDRP=1: 
Unitary fidelity: 1.08987e-07
Execution time: 0s
For SDRP=0.975: 
Unitary fidelity: 1.54776e-07
Execution time: 0s
For SDRP=0.95: 
Unitary fidelity: 1.63115e-07
Execution time: 0s
For SDRP=0.925: 
Unitary fidelity: 8.0024e-08
Execution time: 0s
For SDRP=0.9: 
Unitary fidelity: 7.40507e-08
Execution time: 0s
For SDRP=0.875: 
Unitary fidelity: 7.40514e-08
Execution time: 0s
For SDRP=0.85: 
Unitary fidelity: 2.61216e-07
Execution time: 0s
For SDRP=0.825: 
Unitary fidelity: 4.81239e-07
Execution time: 0s
For SDRP=0.8: 
Unitary fidelity: 6.16337e-07
Execution time: 0s
For SDRP=0.775: 
Unitary fidelity: 6.16336e-07
Execution time: 0s
For SDRP=0.75: 
Unitary fidelity: 6.16338e-07
Execution time: 0s
Random Seed: 1681000382 (Overridden by hardware generation!)
Device #0, Loaded binary from: /home/paperspace/.qrack/qrack_ocl_dev_A100_80GB_PCIe.ir
Default platform: NVIDIA CUDA
Default device: #0, A100 80GB PCIe
OpenCL device #0: A100 80GB PCIe
############ Default Optimal (QUnit) ############
Filters: test_noisy_fidelity_2qb_nn_estimate
>>> 'test_noisy_fidelity_2qb_nn_estimate':
Circuit width: 54
Circuit layer depth (excluding factor of x2 for mirror validation): 8
Random Seed: 1681000777 (Overridden by hardware generation!)
Device #0, Loaded binary from: /home/paperspace/.qrack/qrack_ocl_dev_A100_80GB_PCIe.ir
Default platform: NVIDIA CUDA
Default device: #0, A100 80GB PCIe
OpenCL device #0: A100 80GB PCIe
############ Default Optimal (QUnit) ############
Filters: test_noisy_fidelity_2qb_nn_estimate
>>> 'test_noisy_fidelity_2qb_nn_estimate':
Circuit width: 54
Circuit layer depth (excluding factor of x2 for mirror validation): 8
For SDRP=1: 
Unitary fidelity: 5.79806e-10
Execution time: 0s
For SDRP=0.975: 
Unitary fidelity: 1.89136e-09
Execution time: 0s
For SDRP=0.95: 
Unitary fidelity: 3.16563e-09
Execution time: 0s
For SDRP=0.925: 
Unitary fidelity: 2.62017e-09
Execution time: 0s
For SDRP=0.9: 
Unitary fidelity: 2.9767e-09
Execution time: 0s
For SDRP=0.875: 
Unitary fidelity: 2.97671e-09
Execution time: 0s
For SDRP=0.85: 
Unitary fidelity: 2.84931e-09
Execution time: 0s
For SDRP=0.825: 
Unitary fidelity: 6.65786e-09
Execution time: 0s
For SDRP=0.8: 
Unitary fidelity: 8.83919e-09
Execution time: 0s
Random Seed: 1681001176 (Overridden by hardware generation!)
Device #0, Loaded binary from: /home/paperspace/.qrack/qrack_ocl_dev_A100_80GB_PCIe.ir
Default platform: NVIDIA CUDA
Default device: #0, A100 80GB PCIe
OpenCL device #0: A100 80GB PCIe
############ Default Optimal (QUnit) ############
Filters: test_noisy_fidelity_2qb_nn_estimate
>>> 'test_noisy_fidelity_2qb_nn_estimate':
Circuit width: 54
Circuit layer depth (excluding factor of x2 for mirror validation): 8
For SDRP=1: 
Unitary fidelity: 5.3641e-08
Execution time: 0s
For SDRP=0.975: 
Unitary fidelity: 5.36414e-08
Execution time: 0s
For SDRP=0.95: 
Unitary fidelity: 5.36411e-08
Execution time: 0s
For SDRP=0.925: 
Unitary fidelity: 5.36411e-08
Execution time: 0s
For SDRP=0.9: 
Unitary fidelity: 5.36409e-08
Execution time: 0s
For SDRP=0.875: 
Unitary fidelity: 5.36413e-08
Execution time: 0s
For SDRP=0.85: 
Unitary fidelity: 5.3641e-08
Execution time: 0s
For SDRP=0.825: 
Unitary fidelity: 5.3641e-08
Execution time: 0s
For SDRP=0.8: 
Unitary fidelity: 5.33932e-08
Execution time: 0s
For SDRP=0.775: 
Unitary fidelity: 2.81563e-07
Execution time: 0s
For SDRP=0.75: 
Unitary fidelity: 5.97611e-07
Execution time: 0s
For SDRP=0.725: 
Unitary fidelity: 6.10844e-06
Execution time: 0s
For SDRP=0.7: 
Unitary fidelity: 8.81361e-06
Execution time: 0s
For SDRP=0.675: 
Unitary fidelity: 8.81361e-06
Execution time: 0s
For SDRP=0.65: 
Unitary fidelity: 2.69425e-05
Execution time: 0s
For SDRP=0.625: 
Unitary fidelity: 3.5512e-05
Execution time: 0s
Random Seed: 1681001562 (Overridden by hardware generation!)
Device #0, Loaded binary from: /home/paperspace/.qrack/qrack_ocl_dev_A100_80GB_PCIe.ir
Default platform: NVIDIA CUDA
Default device: #0, A100 80GB PCIe
OpenCL device #0: A100 80GB PCIe
############ Default Optimal (QUnit) ############
Filters: test_noisy_fidelity_2qb_nn_estimate
>>> 'test_noisy_fidelity_2qb_nn_estimate':
Circuit width: 54
Circuit layer depth (excluding factor of x2 for mirror validation): 8
For SDRP=1: 
Unitary fidelity: 4.81888e-08
Execution time: 0s
For SDRP=0.975: 
Unitary fidelity: 4.81889e-08
Execution time: 0s
For SDRP=0.95: 
Unitary fidelity: 4.81886e-08
Execution time: 0s
For SDRP=0.925: 
Unitary fidelity: 4.81889e-08
Execution time: 0s
For SDRP=0.9: 
Unitary fidelity: 8.58573e-08
Execution time: 1s
For SDRP=0.875: 
Unitary fidelity: 3.58107e-07
Execution time: 1s
For SDRP=0.85: 
Unitary fidelity: 2.04993e-07
Execution time: 2s
For SDRP=0.825: 
Unitary fidelity: 3.65349e-07
Execution time: 2s
For SDRP=0.8: 
Unitary fidelity: 3.65348e-07
Execution time: 2s
For SDRP=0.775: 
Unitary fidelity: 4.93225e-07
Execution time: 2s
Random Seed: 1681001985 (Overridden by hardware generation!)
Device #0, Loaded binary from: /home/paperspace/.qrack/qrack_ocl_dev_A100_80GB_PCIe.ir
Default platform: NVIDIA CUDA
Default device: #0, A100 80GB PCIe
OpenCL device #0: A100 80GB PCIe
############ Default Optimal (QUnit) ############
Filters: test_noisy_fidelity_2qb_nn_estimate
>>> 'test_noisy_fidelity_2qb_nn_estimate':
Circuit width: 54
Circuit layer depth (excluding factor of x2 for mirror validation): 8
Random Seed: 1681002248 (Overridden by hardware generation!)
Device #0, Loaded binary from: /home/paperspace/.qrack/qrack_ocl_dev_A100_80GB_PCIe.ir
Default platform: NVIDIA CUDA
Default device: #0, A100 80GB PCIe
OpenCL device #0: A100 80GB PCIe
############ Default Optimal (QUnit) ############
Filters: test_noisy_fidelity_2qb_nn_estimate
>>> 'test_noisy_fidelity_2qb_nn_estimate':
Circuit width: 54
Circuit layer depth (excluding factor of x2 for mirror validation): 8
For SDRP=1: 
Unitary fidelity: 4.65086e-08
Execution time: 0s
For SDRP=0.975: 
Unitary fidelity: 4.65086e-08
Execution time: 0s
For SDRP=0.95: 
Unitary fidelity: 4.65086e-08
Execution time: 0s
For SDRP=0.925: 
Unitary fidelity: 7.25138e-08
Execution time: 0s
For SDRP=0.9: 
Unitary fidelity: 7.25136e-08
Execution time: 0s
For SDRP=0.875: 
Unitary fidelity: 2.28682e-07
Execution time: 0s
For SDRP=0.85: 
Unitary fidelity: 1.14558e-07
Execution time: 0s
For SDRP=0.825: 
Unitary fidelity: 3.15672e-07
Execution time: 0s
For SDRP=0.8: 
Unitary fidelity: 9.38241e-07
Execution time: 0s
For SDRP=0.775: 
Unitary fidelity: 3.30815e-06
Execution time: 0s
For SDRP=0.75: 
Unitary fidelity: 3.30815e-06
Execution time: 0s
For SDRP=0.725: 
Unitary fidelity: 3.30816e-06
Execution time: 0s
For SDRP=0.7: 
Unitary fidelity: 3.30816e-06
Execution time: 0s
For SDRP=0.675: 
Unitary fidelity: 9.51036e-06
Execution time: 0s
For SDRP=0.65: 
Unitary fidelity: 5.03087e-06
Execution time: 0s
For SDRP=0.625: 
Unitary fidelity: 1.44956e-05
Execution time: 0s
For SDRP=0.6: 
Unitary fidelity: 2.24848e-05
Execution time: 0s
Random Seed: 1681002629 (Overridden by hardware generation!)
Device #0, Loaded binary from: /home/paperspace/.qrack/qrack_ocl_dev_A100_80GB_PCIe.ir
Default platform: NVIDIA CUDA
Default device: #0, A100 80GB PCIe
OpenCL device #0: A100 80GB PCIe
############ Default Optimal (QUnit) ############
Filters: test_noisy_fidelity_2qb_nn_estimate
>>> 'test_noisy_fidelity_2qb_nn_estimate':
Circuit width: 54
Circuit layer depth (excluding factor of x2 for mirror validation): 8
For SDRP=1: 
Unitary fidelity: 2.35544e-07
Execution time: 0s
For SDRP=0.975: 
Unitary fidelity: 2.35544e-07
Execution time: 0s
For SDRP=0.95: 
Unitary fidelity: 2.35545e-07
Execution time: 0s
For SDRP=0.925: 
Unitary fidelity: 1.92619e-07
Execution time: 0s
For SDRP=0.9: 
Unitary fidelity: 1.9262e-07
Execution time: 0s
For SDRP=0.875: 
Unitary fidelity: 3.97832e-07
Execution time: 0s
For SDRP=0.85: 
Unitary fidelity: 7.88587e-07
Execution time: 0s
For SDRP=0.825: 
Unitary fidelity: 8.0202e-07
Execution time: 0s
For SDRP=0.8: 
Unitary fidelity: 5.27338e-07
Execution time: 0s
For SDRP=0.775: 
Unitary fidelity: 1.52938e-06
Execution time: 0s
For SDRP=0.75: 
Unitary fidelity: 2.22276e-06
Execution time: 1s
For SDRP=0.725: 
Unitary fidelity: 9.59652e-06
Execution time: 1s
Random Seed: 1681003057 (Overridden by hardware generation!)
Device #0, Loaded binary from: /home/paperspace/.qrack/qrack_ocl_dev_A100_80GB_PCIe.ir
Default platform: NVIDIA CUDA
Default device: #0, A100 80GB PCIe
OpenCL device #0: A100 80GB PCIe
############ Default Optimal (QUnit) ############
Filters: test_noisy_fidelity_2qb_nn_estimate
>>> 'test_noisy_fidelity_2qb_nn_estimate':
Circuit width: 54
Circuit layer depth (excluding factor of x2 for mirror validation): 8
For SDRP=1: 
Unitary fidelity: 2.16964e-07
Execution time: 0s
For SDRP=0.975: 
Unitary fidelity: 2.16964e-07
Execution time: 0s
For SDRP=0.95: 
Unitary fidelity: 2.16965e-07
Execution time: 0s
For SDRP=0.925: 
Unitary fidelity: 2.16964e-07
Execution time: 0s
For SDRP=0.9: 
Unitary fidelity: 1.19287e-07
Execution time: 0s
For SDRP=0.875: 
Unitary fidelity: 1.19287e-07
Execution time: 0s
For SDRP=0.85: 
Unitary fidelity: 1.19287e-07
Execution time: 0s
For SDRP=0.825: 
Unitary fidelity: 1.19287e-07
Execution time: 0s
For SDRP=0.8: 
Unitary fidelity: 1.99636e-07
Execution time: 0s
For SDRP=0.775: 
Unitary fidelity: 1.99637e-07
Execution time: 0s
Random Seed: 1681003492 (Overridden by hardware generation!)
Device #0, Loaded binary from: /home/paperspace/.qrack/qrack_ocl_dev_A100_80GB_PCIe.ir
Default platform: NVIDIA CUDA
Default device: #0, A100 80GB PCIe
OpenCL device #0: A100 80GB PCIe
############ Default Optimal (QUnit) ############
Filters: test_noisy_fidelity_2qb_nn_estimate
>>> 'test_noisy_fidelity_2qb_nn_estimate':
Circuit width: 54
Circuit layer depth (excluding factor of x2 for mirror validation): 8
For SDRP=1: 
Unitary fidelity: 6.66647e-08
Execution time: 0s
For SDRP=0.975: 
Unitary fidelity: 6.66642e-08
Execution time: 0s
For SDRP=0.95: 
Unitary fidelity: 8.98711e-08
Execution time: 0s
For SDRP=0.925: 
Unitary fidelity: 1.22117e-07
Execution time: 0s
For SDRP=0.9: 
Unitary fidelity: 3.338e-07
Execution time: 0s
For SDRP=0.875: 
Unitary fidelity: 2.50583e-07
Execution time: 0s
For SDRP=0.85: 
Unitary fidelity: 2.50854e-07
Execution time: 0s
For SDRP=0.825: 
Unitary fidelity: 4.34924e-07
Execution time: 0s
For SDRP=0.8: 
Unitary fidelity: 6.10286e-07
Execution time: 0s
Random Seed: 1681003957 (Overridden by hardware generation!)
Device #0, Loaded binary from: /home/paperspace/.qrack/qrack_ocl_dev_A100_80GB_PCIe.ir
Default platform: NVIDIA CUDA
Default device: #0, A100 80GB PCIe
OpenCL device #0: A100 80GB PCIe
############ Default Optimal (QUnit) ############
Filters: test_noisy_fidelity_2qb_nn_estimate
>>> 'test_noisy_fidelity_2qb_nn_estimate':
Circuit width: 54
Circuit layer depth (excluding factor of x2 for mirror validation): 8
For SDRP=1: 
Unitary fidelity: 3.30897e-08
Execution time: 0s
For SDRP=0.975: 
Unitary fidelity: 3.30897e-08
Execution time: 0s
For SDRP=0.95: 
Unitary fidelity: 3.30899e-08
Execution time: 0s
For SDRP=0.925: 
Unitary fidelity: 3.30896e-08
Execution time: 0s
For SDRP=0.9: 
Unitary fidelity: 3.36618e-08
Execution time: 0s
For SDRP=0.875: 
Unitary fidelity: 6.38269e-08
Execution time: 0s
For SDRP=0.85: 
Unitary fidelity: 6.34247e-08
Execution time: 1s
For SDRP=0.825: 
Unitary fidelity: 9.68989e-08
Execution time: 1s
For SDRP=0.8: 
Unitary fidelity: 2.54626e-07
Execution time: 0s
For SDRP=0.775: 
Unitary fidelity: 5.27585e-07
Execution time: 0s
For SDRP=0.75: 
Unitary fidelity: 5.80399e-07
Execution time: 0s
For SDRP=0.725: 
Unitary fidelity: 1.78543e-07
Execution time: 0s
For SDRP=0.7: 
Unitary fidelity: 3.00505e-07
Execution time: 0s
For SDRP=0.675: 
Unitary fidelity: 4.56866e-07
Execution time: 0s
For SDRP=0.65: 
Unitary fidelity: 8.21847e-07
Execution time: 0s
For SDRP=0.625: 
Unitary fidelity: 8.86249e-07
Execution time: 0s
For SDRP=0.6: 
Unitary fidelity: 5.20916e-06
Execution time: 1s
For SDRP=0.575: 
Unitary fidelity: 1.17041e-05
Execution time: 1s
For SDRP=0.55: 
Unitary fidelity: 1.67131e-05
Execution time: 1s
Random Seed: 1681004380 (Overridden by hardware generation!)
Device #0, Loaded binary from: /home/paperspace/.qrack/qrack_ocl_dev_A100_80GB_PCIe.ir
Default platform: NVIDIA CUDA
Default device: #0, A100 80GB PCIe
OpenCL device #0: A100 80GB PCIe
############ Default Optimal (QUnit) ############
Filters: test_noisy_fidelity_2qb_nn_estimate
>>> 'test_noisy_fidelity_2qb_nn_estimate':
Circuit width: 54
Circuit layer depth (excluding factor of x2 for mirror validation): 8
For SDRP=1: 
Unitary fidelity: 8.9331e-08
Execution time: 0s
For SDRP=0.975: 
Unitary fidelity: 1.19371e-07
Execution time: 0s
For SDRP=0.95: 
Unitary fidelity: 1.19371e-07
Execution time: 0s
For SDRP=0.925: 
Unitary fidelity: 2.57075e-07
Execution time: 0s
For SDRP=0.9: 
Unitary fidelity: 1.07195e-07
Execution time: 0s
For SDRP=0.875: 
Unitary fidelity: 1.24472e-07
Execution time: 0s
For SDRP=0.85: 
Unitary fidelity: 1.24472e-07
Execution time: 0s
For SDRP=0.825: 
Unitary fidelity: 1.24472e-07
Execution time: 0s
For SDRP=0.8: 
Unitary fidelity: 1.77256e-07
Execution time: 0s
For SDRP=0.775: 
Unitary fidelity: 1.37765e-07
Execution time: 0s
For SDRP=0.75: 
Unitary fidelity: 7.29801e-08
Execution time: 0s
For SDRP=0.725: 
Unitary fidelity: 7.29801e-08
Execution time: 0s
For SDRP=0.7: 
Unitary fidelity: 6.24735e-07
Execution time: 0s
For SDRP=0.675: 
Unitary fidelity: 6.98773e-07
Execution time: 0s
For SDRP=0.65: 
Unitary fidelity: 5.34994e-07
Execution time: 0s
For SDRP=0.625: 
Unitary fidelity: 1.28815e-06
Execution time: 0s
For SDRP=0.6: 
Unitary fidelity: 1.38251e-06
Execution time: 0s
For SDRP=0.575: 
Unitary fidelity: 1.38252e-06
Execution time: 0s
For SDRP=0.55: 
Unitary fidelity: 1.8905e-06
Execution time: 0s
For SDRP=0.525: 
Unitary fidelity: 6.26285e-06
Execution time: 0s
For SDRP=0.5: 
Unitary fidelity: 3.27769e-05
Execution time: 0s
For SDRP=0.475: 
Unitary fidelity: 5.45103e-05
Execution time: 0s
For SDRP=0.45: 
Unitary fidelity: 0.000317694
Execution time: 0s
For SDRP=0.425: 
Unitary fidelity: 0.00210395
Execution time: 0s
For SDRP=0.4: 
Unitary fidelity: 0.0203877
Execution time: 0s
For SDRP=0.375: 
Unitary fidelity: 0.035658
Execution time: 0s
Random Seed: 1681004769 (Overridden by hardware generation!)
Device #0, Loaded binary from: /home/paperspace/.qrack/qrack_ocl_dev_A100_80GB_PCIe.ir
Default platform: NVIDIA CUDA
Default device: #0, A100 80GB PCIe
OpenCL device #0: A100 80GB PCIe
############ Default Optimal (QUnit) ############
Filters: test_noisy_fidelity_2qb_nn_estimate
>>> 'test_noisy_fidelity_2qb_nn_estimate':
Circuit width: 54
Circuit layer depth (excluding factor of x2 for mirror validation): 8
For SDRP=1: 
Unitary fidelity: 3.87339e-08
Execution time: 0s
For SDRP=0.975: 
Unitary fidelity: 6.18068e-08
Execution time: 0s
For SDRP=0.95: 
Unitary fidelity: 6.18057e-08
Execution time: 0s
For SDRP=0.925: 
Unitary fidelity: 8.49989e-08
Execution time: 0s
For SDRP=0.9: 
Unitary fidelity: 1.57438e-07
Execution time: 0s
For SDRP=0.875: 
Unitary fidelity: 1.57435e-07
Execution time: 0s
For SDRP=0.85: 
Unitary fidelity: 1.57435e-07
Execution time: 0s
For SDRP=0.825: 
Unitary fidelity: 3.52746e-07
Execution time: 0s
For SDRP=0.8: 
Unitary fidelity: 3.52747e-07
Execution time: 0s
For SDRP=0.775: 
Unitary fidelity: 3.52747e-07
Execution time: 0s
For SDRP=0.75: 
Unitary fidelity: 1.44518e-06
Execution time: 0s
For SDRP=0.725: 
Unitary fidelity: 3.75368e-06
Execution time: 0s
Random Seed: 1681005180 (Overridden by hardware generation!)
Device #0, Loaded binary from: /home/paperspace/.qrack/qrack_ocl_dev_A100_80GB_PCIe.ir
Default platform: NVIDIA CUDA
Default device: #0, A100 80GB PCIe
OpenCL device #0: A100 80GB PCIe
############ Default Optimal (QUnit) ############
Filters: test_noisy_fidelity_2qb_nn_estimate
>>> 'test_noisy_fidelity_2qb_nn_estimate':
Circuit width: 54
Circuit layer depth (excluding factor of x2 for mirror validation): 8
For SDRP=1: 
Unitary fidelity: 6.13666e-08
Execution time: 0s
For SDRP=0.975: 
Unitary fidelity: 6.13665e-08
Execution time: 0s
For SDRP=0.95: 
Unitary fidelity: 6.13666e-08
Execution time: 0s
For SDRP=0.925: 
Unitary fidelity: 6.13668e-08
Execution time: 0s
For SDRP=0.9: 
Unitary fidelity: 7.40856e-08
Execution time: 0s
For SDRP=0.875: 
Unitary fidelity: 7.40861e-08
Execution time: 0s
Random Seed: 1681005785 (Overridden by hardware generation!)
Device #0, Loaded binary from: /home/paperspace/.qrack/qrack_ocl_dev_A100_80GB_PCIe.ir
Default platform: NVIDIA CUDA
Default device: #0, A100 80GB PCIe
OpenCL device #0: A100 80GB PCIe
############ Default Optimal (QUnit) ############
Filters: test_noisy_fidelity_2qb_nn_estimate
>>> 'test_noisy_fidelity_2qb_nn_estimate':
Circuit width: 54
Circuit layer depth (excluding factor of x2 for mirror validation): 8
For SDRP=1: 
Unitary fidelity: 4.03563e-09
Execution time: 0s
For SDRP=0.975: 
Unitary fidelity: 4.03561e-09
Execution time: 0s
For SDRP=0.95: 
Unitary fidelity: 4.03561e-09
Execution time: 0s
For SDRP=0.925: 
Unitary fidelity: 4.0356e-09
Execution time: 0s
For SDRP=0.9: 
Unitary fidelity: 4.03563e-09
Execution time: 0s
For SDRP=0.875: 
Unitary fidelity: 4.03564e-09
Execution time: 0s
For SDRP=0.85: 
Unitary fidelity: 7.51739e-09
Execution time: 0s
For SDRP=0.825: 
Unitary fidelity: 1.49881e-08
Execution time: 0s
For SDRP=0.8: 
Unitary fidelity: 2.34257e-08
Execution time: 0s
For SDRP=0.775: 
Unitary fidelity: 3.8977e-08
Execution time: 0s
For SDRP=0.75: 
Unitary fidelity: 4.06035e-07
Execution time: 0s
Random Seed: 1681006178 (Overridden by hardware generation!)
Device #0, Loaded binary from: /home/paperspace/.qrack/qrack_ocl_dev_A100_80GB_PCIe.ir
Default platform: NVIDIA CUDA
Default device: #0, A100 80GB PCIe
OpenCL device #0: A100 80GB PCIe
############ Default Optimal (QUnit) ############
Filters: test_noisy_fidelity_2qb_nn_estimate
>>> 'test_noisy_fidelity_2qb_nn_estimate':
Circuit width: 54
Circuit layer depth (excluding factor of x2 for mirror validation): 8
For SDRP=1: 
Unitary fidelity: 3.26517e-08
Execution time: 0s
For SDRP=0.975: 
Unitary fidelity: 3.26517e-08
Execution time: 0s
For SDRP=0.95: 
Unitary fidelity: 5.73071e-08
Execution time: 0s
For SDRP=0.925: 
Unitary fidelity: 2.297e-08
Execution time: 0s
For SDRP=0.9: 
Unitary fidelity: 4.22959e-08
Execution time: 0s
For SDRP=0.875: 
Unitary fidelity: 9.74489e-08
Execution time: 0s
For SDRP=0.85: 
Unitary fidelity: 2.69727e-07
Execution time: 0s
For SDRP=0.825: 
Unitary fidelity: 2.69715e-07
Execution time: 0s
Random Seed: 1681006602 (Overridden by hardware generation!)
Device #0, Loaded binary from: /home/paperspace/.qrack/qrack_ocl_dev_A100_80GB_PCIe.ir
Default platform: NVIDIA CUDA
Default device: #0, A100 80GB PCIe
OpenCL device #0: A100 80GB PCIe
############ Default Optimal (QUnit) ############
Filters: test_noisy_fidelity_2qb_nn_estimate
>>> 'test_noisy_fidelity_2qb_nn_estimate':
Circuit width: 54
Circuit layer depth (excluding factor of x2 for mirror validation): 8
For SDRP=1: 
Unitary fidelity: 5.51849e-09
Execution time: 0s
For SDRP=0.975: 
Unitary fidelity: 5.10859e-09
Execution time: 0s
For SDRP=0.95: 
Unitary fidelity: 7.67216e-09
Execution time: 0s
For SDRP=0.925: 
Unitary fidelity: 2.08166e-08
Execution time: 0s
For SDRP=0.9: 
Unitary fidelity: 2.08165e-08
Execution time: 0s
For SDRP=0.875: 
Unitary fidelity: 2.38924e-08
Execution time: 0s
For SDRP=0.85: 
Unitary fidelity: 1.56791e-08
Execution time: 0s
For SDRP=0.825: 
Unitary fidelity: 1.51967e-08
Execution time: 0s
For SDRP=0.8: 
Unitary fidelity: 1.51968e-08
Execution time: 0s
For SDRP=0.775: 
Unitary fidelity: 3.31798e-08
Execution time: 0s
For SDRP=0.75: 
Unitary fidelity: 3.31798e-08
Execution time: 0s
For SDRP=0.725: 
Unitary fidelity: 4.10589e-08
Execution time: 0s
For SDRP=0.7: 
Unitary fidelity: 1.98336e-07
Execution time: 0s
For SDRP=0.675: 
Unitary fidelity: 1.57588e-07
Execution time: 0s
For SDRP=0.65: 
Unitary fidelity: 4.57108e-07
Execution time: 0s
For SDRP=0.625: 
Unitary fidelity: 7.33425e-06
Execution time: 0s
For SDRP=0.6: 
Unitary fidelity: 1.48252e-05
Execution time: 0s
For SDRP=0.575: 
Unitary fidelity: 6.21038e-05
Execution time: 0s
For SDRP=0.55: 
Unitary fidelity: 6.21038e-05
Execution time: 0s
For SDRP=0.525: 
Unitary fidelity: 0.00015657
Execution time: 0s
Random Seed: 1681007415 (Overridden by hardware generation!)
Device #0, Loaded binary from: /home/paperspace/.qrack/qrack_ocl_dev_A100_80GB_PCIe.ir
Default platform: NVIDIA CUDA
Default device: #0, A100 80GB PCIe
OpenCL device #0: A100 80GB PCIe
############ Default Optimal (QUnit) ############
Filters: test_noisy_fidelity_2qb_nn_estimate
>>> 'test_noisy_fidelity_2qb_nn_estimate':
Circuit width: 54
Circuit layer depth (excluding factor of x2 for mirror validation): 8
For SDRP=1: 
Unitary fidelity: 1.86371e-07
Execution time: 0s
For SDRP=0.975: 
Unitary fidelity: 1.86371e-07
Execution time: 0s
For SDRP=0.95: 
Unitary fidelity: 1.86371e-07
Execution time: 0s
For SDRP=0.925: 
Unitary fidelity: 1.8637e-07
Execution time: 0s
For SDRP=0.9: 
Unitary fidelity: 1.8637e-07
Execution time: 0s
For SDRP=0.875: 
Unitary fidelity: 4.2134e-07
Execution time: 0s
For SDRP=0.85: 
Unitary fidelity: 1.01306e-06
Execution time: 0s
For SDRP=0.825: 
Unitary fidelity: 1.01307e-06
Execution time: 0s
For SDRP=0.8: 
Unitary fidelity: 1.01307e-06
Execution time: 0s
For SDRP=0.775: 
Unitary fidelity: 2.26345e-06
Execution time: 0s
For SDRP=0.75: 
Unitary fidelity: 5.48444e-06
Execution time: 1s
Random Seed: 1681007819 (Overridden by hardware generation!)
Device #0, Loaded binary from: /home/paperspace/.qrack/qrack_ocl_dev_A100_80GB_PCIe.ir
Default platform: NVIDIA CUDA
Default device: #0, A100 80GB PCIe
OpenCL device #0: A100 80GB PCIe
############ Default Optimal (QUnit) ############
Filters: test_noisy_fidelity_2qb_nn_estimate
>>> 'test_noisy_fidelity_2qb_nn_estimate':
Circuit width: 54
Circuit layer depth (excluding factor of x2 for mirror validation): 8
For SDRP=1: 
Unitary fidelity: 1.14785e-06
Execution time: 0s
For SDRP=0.975: 
Unitary fidelity: 1.14785e-06
Execution time: 0s
For SDRP=0.95: 
Unitary fidelity: 1.14785e-06
Execution time: 0s
For SDRP=0.925: 
Unitary fidelity: 1.14785e-06
Execution time: 0s
For SDRP=0.9: 
Unitary fidelity: 1.14785e-06
Execution time: 0s
Random Seed: 1681008238 (Overridden by hardware generation!)
Device #0, Loaded binary from: /home/paperspace/.qrack/qrack_ocl_dev_A100_80GB_PCIe.ir
Default platform: NVIDIA CUDA
Default device: #0, A100 80GB PCIe
OpenCL device #0: A100 80GB PCIe
############ Default Optimal (QUnit) ############
Filters: test_noisy_fidelity_2qb_nn_estimate
>>> 'test_noisy_fidelity_2qb_nn_estimate':
Circuit width: 54
Circuit layer depth (excluding factor of x2 for mirror validation): 8
For SDRP=1: 
Unitary fidelity: 2.87127e-10
Execution time: 0s
For SDRP=0.975: 
Unitary fidelity: 2.87125e-10
Execution time: 0s
For SDRP=0.95: 
Unitary fidelity: 3.59779e-10
Execution time: 0s
For SDRP=0.925: 
Unitary fidelity: 3.59785e-10
Execution time: 0s
For SDRP=0.9: 
Unitary fidelity: 3.20196e-10
Execution time: 0s
For SDRP=0.875: 
Unitary fidelity: 4.81452e-10
Execution time: 0s
For SDRP=0.85: 
Unitary fidelity: 4.81759e-10
Execution time: 0s
For SDRP=0.825: 
Unitary fidelity: 7.84104e-10
Execution time: 0s
For SDRP=0.8: 
Unitary fidelity: 5.27771e-09
Execution time: 0s
For SDRP=0.775: 
Unitary fidelity: 1.99076e-08
Execution time: 0s
For SDRP=0.75: 
Unitary fidelity: 1.68079e-08
Execution time: 0s
For SDRP=0.725: 
Unitary fidelity: 2.46506e-07
Execution time: 0s
For SDRP=0.7: 
Unitary fidelity: 1.41588e-06
Execution time: 0s
For SDRP=0.675: 
Unitary fidelity: 1.98708e-06
Execution time: 0s
For SDRP=0.65: 
Unitary fidelity: 2.93002e-06
Execution time: 0s
For SDRP=0.625: 
Unitary fidelity: 2.93002e-06
Execution time: 0s
For SDRP=0.6: 
Unitary fidelity: 1.04021e-05
Execution time: 0s
For SDRP=0.575: 
Unitary fidelity: 1.60224e-05
Execution time: 0s
For SDRP=0.55: 
Unitary fidelity: 2.39821e-05
Execution time: 0s
Random Seed: 1681008864 (Overridden by hardware generation!)
Device #0, Loaded binary from: /home/paperspace/.qrack/qrack_ocl_dev_A100_80GB_PCIe.ir
Default platform: NVIDIA CUDA
Default device: #0, A100 80GB PCIe
OpenCL device #0: A100 80GB PCIe
############ Default Optimal (QUnit) ############
Filters: test_noisy_fidelity_2qb_nn_estimate
>>> 'test_noisy_fidelity_2qb_nn_estimate':
Circuit width: 54
Circuit layer depth (excluding factor of x2 for mirror validation): 8
For SDRP=1: 
Unitary fidelity: 9.44078e-08
Execution time: 0s
For SDRP=0.975: 
Unitary fidelity: 8.25611e-08
Execution time: 0s
For SDRP=0.95: 
Unitary fidelity: 1.32002e-07
Execution time: 0s
For SDRP=0.925: 
Unitary fidelity: 8.63331e-09
Execution time: 0s
For SDRP=0.9: 
Unitary fidelity: 5.89389e-09
Execution time: 0s
For SDRP=0.875: 
Unitary fidelity: 2.99467e-08
Execution time: 0s
For SDRP=0.85: 
Unitary fidelity: 2.99471e-08
Execution time: 0s
For SDRP=0.825: 
Unitary fidelity: 2.49706e-07
Execution time: 0s
For SDRP=0.8: 
Unitary fidelity: 1.43631e-06
Execution time: 0s
For SDRP=0.775: 
Unitary fidelity: 7.32411e-07
Execution time: 0s
For SDRP=0.75: 
Unitary fidelity: 1.93564e-06
Execution time: 0s
For SDRP=0.725: 
Unitary fidelity: 6.21882e-06
Execution time: 1s
Random Seed: 1681009287 (Overridden by hardware generation!)
Device #0, Loaded binary from: /home/paperspace/.qrack/qrack_ocl_dev_A100_80GB_PCIe.ir
Default platform: NVIDIA CUDA
Default device: #0, A100 80GB PCIe
OpenCL device #0: A100 80GB PCIe
############ Default Optimal (QUnit) ############
Filters: test_noisy_fidelity_2qb_nn_estimate
>>> 'test_noisy_fidelity_2qb_nn_estimate':
Circuit width: 54
Circuit layer depth (excluding factor of x2 for mirror validation): 8
For SDRP=1: 
Unitary fidelity: 8.08684e-10
Execution time: 0s
For SDRP=0.975: 
Unitary fidelity: 1.08127e-09
Execution time: 0s
For SDRP=0.95: 
Unitary fidelity: 1.08127e-09
Execution time: 0s
For SDRP=0.925: 
Unitary fidelity: 2.74957e-10
Execution time: 0s
For SDRP=0.9: 
Unitary fidelity: 7.16471e-10
Execution time: 0s
For SDRP=0.875: 
Unitary fidelity: 2.98387e-09
Execution time: 0s
For SDRP=0.85: 
Unitary fidelity: 2.04963e-08
Execution time: 0s
For SDRP=0.825: 
Unitary fidelity: 2.04964e-08
Execution time: 0s
For SDRP=0.8: 
Unitary fidelity: 3.89499e-08
Execution time: 0s
For SDRP=0.775: 
Unitary fidelity: 1.89268e-08
Execution time: 0s
For SDRP=0.75: 
Unitary fidelity: 1.07286e-07
Execution time: 0s
For SDRP=0.725: 
Unitary fidelity: 5.60656e-07
Execution time: 0s
For SDRP=0.7: 
Unitary fidelity: 9.0483e-07
Execution time: 0s
For SDRP=0.675: 
Unitary fidelity: 9.04835e-07
Execution time: 0s
For SDRP=0.65: 
Unitary fidelity: 5.0092e-06
Execution time: 0s
For SDRP=0.625: 
Unitary fidelity: 7.00216e-06
Execution time: 0s
For SDRP=0.6: 
Unitary fidelity: 1.47049e-05
Execution time: 0s
For SDRP=0.575: 
Unitary fidelity: 2.1532e-05
Execution time: 0s
For SDRP=0.55: 
Unitary fidelity: 2.99915e-05
Execution time: 0s
For SDRP=0.525: 
Unitary fidelity: 6.18632e-05
Execution time: 0s
For SDRP=0.5: 
Unitary fidelity: 0.000111236
Execution time: 0s
For SDRP=0.475: 
Unitary fidelity: 0.000356549
Execution time: 0s
For SDRP=0.45: 
Unitary fidelity: 0.000491264
Execution time: 0s
For SDRP=0.425: 
Unitary fidelity: 0.00105031
Execution time: 1s
For SDRP=0.4: 
Unitary fidelity: 0.00209491
Execution time: 1s
For SDRP=0.375: 
Unitary fidelity: 0.00564969
Execution time: 2s
Random Seed: 1681009697 (Overridden by hardware generation!)
Device #0, Loaded binary from: /home/paperspace/.qrack/qrack_ocl_dev_A100_80GB_PCIe.ir
Default platform: NVIDIA CUDA
Default device: #0, A100 80GB PCIe
OpenCL device #0: A100 80GB PCIe
############ Default Optimal (QUnit) ############
Filters: test_noisy_fidelity_2qb_nn_estimate
>>> 'test_noisy_fidelity_2qb_nn_estimate':
Circuit width: 54
Circuit layer depth (excluding factor of x2 for mirror validation): 8
For SDRP=1: 
Unitary fidelity: 6.37149e-08
Execution time: 0s
For SDRP=0.975: 
Unitary fidelity: 6.37152e-08
Execution time: 0s
For SDRP=0.95: 
Unitary fidelity: 6.37154e-08
Execution time: 0s
For SDRP=0.925: 
Unitary fidelity: 6.52158e-08
Execution time: 0s
For SDRP=0.9: 
Unitary fidelity: 2.08796e-07
Execution time: 0s
For SDRP=0.875: 
Unitary fidelity: 2.08796e-07
Execution time: 0s
For SDRP=0.85: 
Unitary fidelity: 2.08796e-07
Execution time: 0s
For SDRP=0.825: 
Unitary fidelity: 3.55969e-07
Execution time: 0s
For SDRP=0.8: 
Unitary fidelity: 5.54227e-07
Execution time: 0s
For SDRP=0.775: 
Unitary fidelity: 4.52516e-07
Execution time: 0s
For SDRP=0.75: 
Unitary fidelity: 5.04489e-07
Execution time: 0s
For SDRP=0.725: 
Unitary fidelity: 7.58707e-07
Execution time: 0s
For SDRP=0.7: 
Unitary fidelity: 3.1765e-06
Execution time: 0s
For SDRP=0.675: 
Unitary fidelity: 1.2118e-05
Execution time: 0s
For SDRP=0.65: 
Unitary fidelity: 8.30895e-05
Execution time: 0s
For SDRP=0.625: 
Unitary fidelity: 0.000268109
Execution time: 0s
For SDRP=0.6: 
Unitary fidelity: 0.000696292
Execution time: 1s
For SDRP=0.575: 
Unitary fidelity: 0.00155795
Execution time: 2s
For SDRP=0.55: 
Unitary fidelity: 0.00193867
Execution time: 2s
For SDRP=0.525: 
Unitary fidelity: 0.00504481
Execution time: 3s
Random Seed: 1681009954 (Overridden by hardware generation!)
Device #0, Loaded binary from: /home/paperspace/.qrack/qrack_ocl_dev_A100_80GB_PCIe.ir
Default platform: NVIDIA CUDA
Default device: #0, A100 80GB PCIe
OpenCL device #0: A100 80GB PCIe
############ Default Optimal (QUnit) ############
Filters: test_noisy_fidelity_2qb_nn_estimate
>>> 'test_noisy_fidelity_2qb_nn_estimate':
Circuit width: 54
Circuit layer depth (excluding factor of x2 for mirror validation): 8
For SDRP=1: 
Unitary fidelity: 1.79517e-08
Execution time: 0s
For SDRP=0.975: 
Unitary fidelity: 1.79519e-08
Execution time: 0s
For SDRP=0.95: 
Unitary fidelity: 3.41097e-08
Execution time: 0s
For SDRP=0.925: 
Unitary fidelity: 3.41095e-08
Execution time: 0s
For SDRP=0.9: 
Unitary fidelity: 3.41097e-08
Execution time: 0s
For SDRP=0.875: 
Unitary fidelity: 3.41097e-08
Execution time: 0s
For SDRP=0.85: 
Unitary fidelity: 2.89365e-08
Execution time: 0s
For SDRP=0.825: 
Unitary fidelity: 9.01855e-08
Execution time: 0s
For SDRP=0.8: 
Unitary fidelity: 1.57328e-07
Execution time: 0s
For SDRP=0.775: 
Unitary fidelity: 2.58878e-07
Execution time: 0s
For SDRP=0.75: 
Unitary fidelity: 3.8321e-07
Execution time: 0s
For SDRP=0.725: 
Unitary fidelity: 1.48433e-07
Execution time: 0s
For SDRP=0.7: 
Unitary fidelity: 3.26365e-07
Execution time: 0s
For SDRP=0.675: 
Unitary fidelity: 1.45136e-06
Execution time: 0s
For SDRP=0.65: 
Unitary fidelity: 5.44733e-06
Execution time: 0s
For SDRP=0.625: 
Unitary fidelity: 1.22236e-05
Execution time: 0s
For SDRP=0.6: 
Unitary fidelity: 9.80171e-06
Execution time: 0s
For SDRP=0.575: 
Unitary fidelity: 4.38365e-05
Execution time: 0s
For SDRP=0.55: 
Unitary fidelity: 0.00074239
Execution time: 0s
For SDRP=0.525: 
Unitary fidelity: 0.00106456
Execution time: 0s
For SDRP=0.5: 
Unitary fidelity: 0.00122986
Execution time: 0s
For SDRP=0.475: 
Unitary fidelity: 0.0023261
Execution time: 1s
Random Seed: 1681010369 (Overridden by hardware generation!)
Device #0, Loaded binary from: /home/paperspace/.qrack/qrack_ocl_dev_A100_80GB_PCIe.ir
Default platform: NVIDIA CUDA
Default device: #0, A100 80GB PCIe
OpenCL device #0: A100 80GB PCIe
############ Default Optimal (QUnit) ############
Filters: test_noisy_fidelity_2qb_nn_estimate
>>> 'test_noisy_fidelity_2qb_nn_estimate':
Circuit width: 54
Circuit layer depth (excluding factor of x2 for mirror validation): 8
For SDRP=1: 
Unitary fidelity: 2.60977e-09
Execution time: 0s
For SDRP=0.975: 
Unitary fidelity: 9.39999e-10
Execution time: 0s
For SDRP=0.95: 
Unitary fidelity: 9.39974e-10
Execution time: 0s
For SDRP=0.925: 
Unitary fidelity: 1.21461e-09
Execution time: 0s
For SDRP=0.9: 
Unitary fidelity: 1.41527e-09
Execution time: 0s
For SDRP=0.875: 
Unitary fidelity: 1.25292e-09
Execution time: 0s
For SDRP=0.85: 
Unitary fidelity: 1.3543e-09
Execution time: 0s
For SDRP=0.825: 
Unitary fidelity: 3.79195e-09
Execution time: 0s
For SDRP=0.8: 
Unitary fidelity: 3.97428e-08
Execution time: 0s
For SDRP=0.775: 
Unitary fidelity: 9.97025e-08
Execution time: 0s
Random Seed: 1681010961 (Overridden by hardware generation!)
Device #0, Loaded binary from: /home/paperspace/.qrack/qrack_ocl_dev_A100_80GB_PCIe.ir
Default platform: NVIDIA CUDA
Default device: #0, A100 80GB PCIe
OpenCL device #0: A100 80GB PCIe
############ Default Optimal (QUnit) ############
Filters: test_noisy_fidelity_2qb_nn_estimate
>>> 'test_noisy_fidelity_2qb_nn_estimate':
Circuit width: 54
Circuit layer depth (excluding factor of x2 for mirror validation): 8
For SDRP=1: 
Unitary fidelity: 5.33557e-07
Execution time: 0s
For SDRP=0.975: 
Unitary fidelity: 5.33556e-07
Execution time: 0s
For SDRP=0.95: 
Unitary fidelity: 5.33558e-07
Execution time: 0s
For SDRP=0.925: 
Unitary fidelity: 5.33557e-07
Execution time: 0s
For SDRP=0.9: 
Unitary fidelity: 5.33556e-07
Execution time: 0s
For SDRP=0.875: 
Unitary fidelity: 5.33557e-07
Execution time: 0s
For SDRP=0.85: 
Unitary fidelity: 2.90924e-07
Execution time: 1s
For SDRP=0.825: 
Unitary fidelity: 2.90923e-07
Execution time: 1s
For SDRP=0.8: 
Unitary fidelity: 4.5467e-07
Execution time: 1s
For SDRP=0.775: 
Unitary fidelity: 4.54673e-07
Execution time: 1s
For SDRP=0.75: 
Unitary fidelity: 4.54672e-07
Execution time: 1s
For SDRP=0.725: 
Unitary fidelity: 7.20396e-07
Execution time: 1s
For SDRP=0.7: 
Unitary fidelity: 1.19141e-06
Execution time: 1s
Random Seed: 1681011397 (Overridden by hardware generation!)
Device #0, Loaded binary from: /home/paperspace/.qrack/qrack_ocl_dev_A100_80GB_PCIe.ir
Default platform: NVIDIA CUDA
Default device: #0, A100 80GB PCIe
OpenCL device #0: A100 80GB PCIe
############ Default Optimal (QUnit) ############
Filters: test_noisy_fidelity_2qb_nn_estimate
>>> 'test_noisy_fidelity_2qb_nn_estimate':
Circuit width: 54
Circuit layer depth (excluding factor of x2 for mirror validation): 8
For SDRP=1: 
Unitary fidelity: 3.286e-09
Execution time: 0s
For SDRP=0.975: 
Unitary fidelity: 3.28602e-09
Execution time: 0s
For SDRP=0.95: 
Unitary fidelity: 3.28602e-09
Execution time: 0s
For SDRP=0.925: 
Unitary fidelity: 6.39839e-09
Execution time: 0s
For SDRP=0.9: 
Unitary fidelity: 5.27763e-09
Execution time: 0s
For SDRP=0.875: 
Unitary fidelity: 5.27762e-09
Execution time: 0s
For SDRP=0.85: 
Unitary fidelity: 6.82437e-09
Execution time: 0s
For SDRP=0.825: 
Unitary fidelity: 6.82441e-09
Execution time: 0s
For SDRP=0.8: 
Unitary fidelity: 1.04959e-08
Execution time: 0s
For SDRP=0.775: 
Unitary fidelity: 1.04958e-08
Execution time: 0s
For SDRP=0.75: 
Unitary fidelity: 2.50748e-08
Execution time: 0s
For SDRP=0.725: 
Unitary fidelity: 2.50749e-08
Execution time: 0s
For SDRP=0.7: 
Unitary fidelity: 2.42963e-08
Execution time: 0s
For SDRP=0.675: 
Unitary fidelity: 2.27436e-08
Execution time: 0s
For SDRP=0.65: 
Unitary fidelity: 7.86805e-08
Execution time: 0s
For SDRP=0.625: 
Unitary fidelity: 1.34312e-07
Execution time: 0s
For SDRP=0.6: 
Unitary fidelity: 8.09079e-07
Execution time: 0s
For SDRP=0.575: 
Unitary fidelity: 8.09082e-07
Execution time: 0s
For SDRP=0.55: 
Unitary fidelity: 3.18349e-06
Execution time: 0s
For SDRP=0.525: 
Unitary fidelity: 1.17507e-05
Execution time: 0s
For SDRP=0.5: 
Unitary fidelity: 3.66571e-05
Execution time: 0s
For SDRP=0.475: 
Unitary fidelity: 4.36864e-05
Execution time: 0s
For SDRP=0.45: 
Unitary fidelity: 0.000430278
Execution time: 0s
For SDRP=0.425: 
Unitary fidelity: 0.000796648
Execution time: 0s
For SDRP=0.4: 
Unitary fidelity: 0.00233778
Execution time: 0s
For SDRP=0.375: 
Unitary fidelity: 0.00269901
Execution time: 0s
For SDRP=0.35: 
Unitary fidelity: 0.0467479
Execution time: 0s
For SDRP=0.325: 
Unitary fidelity: 0.0561586
Execution time: 0s
For SDRP=0.3: 
Unitary fidelity: 0.0941024
Execution time: 0s
For SDRP=0.275: 
Unitary fidelity: 0.109887
Execution time: 0s
For SDRP=0.25: 
Unitary fidelity: 0.181009
Execution time: 0s
For SDRP=0.225: 
Unitary fidelity: 0.20671
Execution time: 0s
For SDRP=0.2: 
Unitary fidelity: 0.20671
Execution time: 0s
For SDRP=0.175: 
Unitary fidelity: 0.20671
Execution time: 0s
For SDRP=0.15: 
Unitary fidelity: 0.224509
Execution time: 0s
For SDRP=0.125: 
Unitary fidelity: 0.224509
Execution time: 0s
For SDRP=0.1: 
Unitary fidelity: 0.426774
Execution time: 0s
For SDRP=0.075: 
Unitary fidelity: 0.430057
Execution time: 0s
For SDRP=0.05: 
Unitary fidelity: 0.967135
Execution time: 1s
For SDRP=0.025: 
Unitary fidelity: 0.996993
Execution time: 2s
For SDRP=0: 
Unitary fidelity: 1
Execution time: 2s
===============================================================================
test cases: 1 | 1 passed
assertions: - none -

Random Seed: 1681011408 (Overridden by hardware generation!)
Device #0, Loaded binary from: /home/paperspace/.qrack/qrack_ocl_dev_A100_80GB_PCIe.ir
Default platform: NVIDIA CUDA
Default device: #0, A100 80GB PCIe
OpenCL device #0: A100 80GB PCIe
############ Default Optimal (QUnit) ############
Filters: test_noisy_fidelity_2qb_nn_estimate
>>> 'test_noisy_fidelity_2qb_nn_estimate':
Circuit width: 54
Circuit layer depth (excluding factor of x2 for mirror validation): 8
For SDRP=1: 
Unitary fidelity: 7.73234e-08
Execution time: 0s
For SDRP=0.975: 
Unitary fidelity: 7.73233e-08
Execution time: 0s
For SDRP=0.95: 
Unitary fidelity: 7.73234e-08
Execution time: 0s
For SDRP=0.925: 
Unitary fidelity: 8.713e-08
Execution time: 0s
For SDRP=0.9: 
Unitary fidelity: 8.71291e-08
Execution time: 0s
For SDRP=0.875: 
Unitary fidelity: 8.53826e-08
Execution time: 0s
For SDRP=0.85: 
Unitary fidelity: 9.06039e-08
Execution time: 0s
For SDRP=0.825: 
Unitary fidelity: 8.06065e-08
Execution time: 0s
For SDRP=0.8: 
Unitary fidelity: 1.12509e-07
Execution time: 0s
For SDRP=0.775: 
Unitary fidelity: 4.84099e-07
Execution time: 0s
For SDRP=0.75: 
Unitary fidelity: 7.24793e-07
Execution time: 0s
For SDRP=0.725: 
Unitary fidelity: 3.9368e-06
Execution time: 0s
For SDRP=0.7: 
Unitary fidelity: 9.62154e-06
Execution time: 0s
For SDRP=0.675: 
Unitary fidelity: 9.62153e-06
Execution time: 0s
For SDRP=0.65: 
Unitary fidelity: 2.25198e-05
Execution time: 0s
For SDRP=0.625: 
Unitary fidelity: 6.0301e-05
Execution time: 0s
For SDRP=0.6: 
Unitary fidelity: 0.000107526
Execution time: 0s
For SDRP=0.575: 
Unitary fidelity: 0.000525052
Execution time: 0s
For SDRP=0.55: 
Unitary fidelity: 0.00328685
Execution time: 0s
For SDRP=0.525: 
Unitary fidelity: 0.00814587
Execution time: 0s
For SDRP=0.5: 
Unitary fidelity: 0.0138237
Execution time: 0s
For SDRP=0.475: 
Unitary fidelity: 0.0227546
Execution time: 0s
For SDRP=0.45: 
Unitary fidelity: 0.0390904
Execution time: 0s
For SDRP=0.425: 
Unitary fidelity: 0.0906969
Execution time: 0s
For SDRP=0.4: 
Unitary fidelity: 0.11385
Execution time: 0s
Random Seed: 1681011884 (Overridden by hardware generation!)
Device #0, Loaded binary from: /home/paperspace/.qrack/qrack_ocl_dev_A100_80GB_PCIe.ir
Default platform: NVIDIA CUDA
Default device: #0, A100 80GB PCIe
OpenCL device #0: A100 80GB PCIe
############ Default Optimal (QUnit) ############
Filters: test_noisy_fidelity_2qb_nn_estimate
>>> 'test_noisy_fidelity_2qb_nn_estimate':
Circuit width: 54
Circuit layer depth (excluding factor of x2 for mirror validation): 8
For SDRP=1: 
Unitary fidelity: 1.05757e-09
Execution time: 0s
For SDRP=0.975: 
Unitary fidelity: 1.05756e-09
Execution time: 0s
For SDRP=0.95: 
Unitary fidelity: 1.05757e-09
Execution time: 0s
For SDRP=0.925: 
Unitary fidelity: 1.8591e-09
Execution time: 0s
For SDRP=0.9: 
Unitary fidelity: 1.40412e-09
Execution time: 0s
For SDRP=0.875: 
Unitary fidelity: 1.40411e-09
Execution time: 0s
For SDRP=0.85: 
Unitary fidelity: 3.94708e-09
Execution time: 0s
For SDRP=0.825: 
Unitary fidelity: 9.5884e-09
Execution time: 0s
For SDRP=0.8: 
Unitary fidelity: 2.34362e-08
Execution time: 0s
For SDRP=0.775: 
Unitary fidelity: 5.60306e-08
Execution time: 0s
For SDRP=0.75: 
Unitary fidelity: 5.60305e-08
Execution time: 0s
For SDRP=0.725: 
Unitary fidelity: 1.44545e-07
Execution time: 0s
For SDRP=0.7: 
Unitary fidelity: 2.18815e-07
Execution time: 0s
For SDRP=0.675: 
Unitary fidelity: 2.18816e-07
Execution time: 0s
For SDRP=0.65: 
Unitary fidelity: 3.27164e-07
Execution time: 0s
For SDRP=0.625: 
Unitary fidelity: 2.15287e-06
Execution time: 0s
For SDRP=0.6: 
Unitary fidelity: 1.61243e-05
Execution time: 0s
For SDRP=0.575: 
Unitary fidelity: 6.65163e-05
Execution time: 0s
For SDRP=0.55: 
Unitary fidelity: 7.04422e-05
Execution time: 0s
For SDRP=0.525: 
Unitary fidelity: 7.04422e-05
Execution time: 0s

~~~~~~~~~~~~~~~~~~~~~~~~~~~~~~~~~~~~~~~~~~~~~~~~~~~~~~~~~~~~~~~~~~~~~~~~~~~~~~~
benchmarks is a Catch v2.13.7 host application.
Run with -? for options

Randomness seeded to: 1681011884

-------------------------------------------------------------------------------
test_noisy_fidelity_2qb_nn_estimate
-------------------------------------------------------------------------------
/home/paperspace/qrack/test/benchmarks.cpp:5697
...............................................................................

/home/paperspace/qrack/test/benchmarks.cpp:5697: FAILED:
due to unexpected exception with message:
  Cannot instantiate a QPager with greater capacity than environment variable
  QRACK_MAX_PAGING_QB.

===============================================================================
test cases: 1 | 1 failed
assertions: 1 | 1 failed

Random Seed: 1681012085 (Overridden by hardware generation!)
Device #0, Loaded binary from: /home/paperspace/.qrack/qrack_ocl_dev_A100_80GB_PCIe.ir
Default platform: NVIDIA CUDA
Default device: #0, A100 80GB PCIe
OpenCL device #0: A100 80GB PCIe
############ Default Optimal (QUnit) ############
Filters: test_noisy_fidelity_2qb_nn_estimate
>>> 'test_noisy_fidelity_2qb_nn_estimate':
Circuit width: 54
Circuit layer depth (excluding factor of x2 for mirror validation): 8
For SDRP=1: 
Unitary fidelity: 1.70603e-09
Execution time: 0s
For SDRP=0.975: 
Unitary fidelity: 1.70606e-09
Execution time: 0s
For SDRP=0.95: 
Unitary fidelity: 1.70607e-09
Execution time: 0s
For SDRP=0.925: 
Unitary fidelity: 2.96552e-09
Execution time: 0s
For SDRP=0.9: 
Unitary fidelity: 2.96552e-09
Execution time: 0s
For SDRP=0.875: 
Unitary fidelity: 5.98717e-09
Execution time: 0s
Random Seed: 1681012488 (Overridden by hardware generation!)
Device #0, Loaded binary from: /home/paperspace/.qrack/qrack_ocl_dev_A100_80GB_PCIe.ir
Default platform: NVIDIA CUDA
Default device: #0, A100 80GB PCIe
OpenCL device #0: A100 80GB PCIe
############ Default Optimal (QUnit) ############
Filters: test_noisy_fidelity_2qb_nn_estimate
>>> 'test_noisy_fidelity_2qb_nn_estimate':
Circuit width: 54
Circuit layer depth (excluding factor of x2 for mirror validation): 8
For SDRP=1: 
Unitary fidelity: 2.36078e-08
Execution time: 0s
For SDRP=0.975: 
Unitary fidelity: 6.90214e-08
Execution time: 0s
For SDRP=0.95: 
Unitary fidelity: 6.90208e-08
Execution time: 0s
For SDRP=0.925: 
Unitary fidelity: 6.71383e-08
Execution time: 1s
For SDRP=0.9: 
Unitary fidelity: 7.31223e-08
Execution time: 1s
Random Seed: 1681012882 (Overridden by hardware generation!)
Device #0, Loaded binary from: /home/paperspace/.qrack/qrack_ocl_dev_A100_80GB_PCIe.ir
Default platform: NVIDIA CUDA
Default device: #0, A100 80GB PCIe
OpenCL device #0: A100 80GB PCIe
############ Default Optimal (QUnit) ############
Filters: test_noisy_fidelity_2qb_nn_estimate
>>> 'test_noisy_fidelity_2qb_nn_estimate':
Circuit width: 54
Circuit layer depth (excluding factor of x2 for mirror validation): 8
For SDRP=1: 
Unitary fidelity: 4.35881e-07
Execution time: 0s
For SDRP=0.975: 
Unitary fidelity: 4.35884e-07
Execution time: 0s
For SDRP=0.95: 
Unitary fidelity: 4.35883e-07
Execution time: 0s
For SDRP=0.925: 
Unitary fidelity: 4.60714e-07
Execution time: 0s
For SDRP=0.9: 
Unitary fidelity: 1.49385e-06
Execution time: 0s
For SDRP=0.875: 
Unitary fidelity: 1.96054e-06
Execution time: 0s
For SDRP=0.85: 
Unitary fidelity: 1.96054e-06
Execution time: 0s
For SDRP=0.825: 
Unitary fidelity: 1.96054e-06
Execution time: 0s
For SDRP=0.8: 
Unitary fidelity: 5.42398e-06
Execution time: 0s
For SDRP=0.775: 
Unitary fidelity: 5.42398e-06
Execution time: 0s
For SDRP=0.75: 
Unitary fidelity: 1.63283e-05
Execution time: 0s
For SDRP=0.725: 
Unitary fidelity: 1.63283e-05
Execution time: 0s
For SDRP=0.7: 
Unitary fidelity: 1.63282e-05
Execution time: 0s
For SDRP=0.675: 
Unitary fidelity: 3.80127e-05
Execution time: 0s
For SDRP=0.65: 
Unitary fidelity: 6.99846e-05
Execution time: 0s
For SDRP=0.625: 
Unitary fidelity: 0.000346019
Execution time: 0s
For SDRP=0.6: 
Unitary fidelity: 0.000697291
Execution time: 0s
For SDRP=0.575: 
Unitary fidelity: 0.000382075
Execution time: 0s
For SDRP=0.55: 
Unitary fidelity: 0.000601057
Execution time: 0s
For SDRP=0.525: 
Unitary fidelity: 0.00101993
Execution time: 0s
For SDRP=0.5: 
Unitary fidelity: 0.0015011
Execution time: 0s
For SDRP=0.475: 
Unitary fidelity: 0.0019218
Execution time: 0s
For SDRP=0.45: 
Unitary fidelity: 0.0019218
Execution time: 0s
For SDRP=0.425: 
Unitary fidelity: 0.00585531
Execution time: 0s
For SDRP=0.4: 
Unitary fidelity: 0.0111209
Execution time: 3s
For SDRP=0.375: 
Unitary fidelity: 0.0199699
Execution time: 2s
For SDRP=0.35: 
Unitary fidelity: 0.0199699
Execution time: 2s
Random Seed: 1681013307 (Overridden by hardware generation!)
Device #0, Loaded binary from: /home/paperspace/.qrack/qrack_ocl_dev_A100_80GB_PCIe.ir
Default platform: NVIDIA CUDA
Default device: #0, A100 80GB PCIe
OpenCL device #0: A100 80GB PCIe
############ Default Optimal (QUnit) ############
Filters: test_noisy_fidelity_2qb_nn_estimate
>>> 'test_noisy_fidelity_2qb_nn_estimate':
Circuit width: 54
Circuit layer depth (excluding factor of x2 for mirror validation): 8
For SDRP=1: 
Unitary fidelity: 2.74422e-08
Execution time: 0s
For SDRP=0.975: 
Unitary fidelity: 2.74423e-08
Execution time: 0s
For SDRP=0.95: 
Unitary fidelity: 2.74423e-08
Execution time: 0s
For SDRP=0.925: 
Unitary fidelity: 2.4029e-08
Execution time: 0s
For SDRP=0.9: 
Unitary fidelity: 5.8723e-08
Execution time: 0s
For SDRP=0.875: 
Unitary fidelity: 1.05557e-07
Execution time: 0s
For SDRP=0.85: 
Unitary fidelity: 8.21176e-08
Execution time: 0s
For SDRP=0.825: 
Unitary fidelity: 3.24867e-07
Execution time: 0s
For SDRP=0.8: 
Unitary fidelity: 3.24867e-07
Execution time: 0s
For SDRP=0.775: 
Unitary fidelity: 5.46311e-07
Execution time: 0s
For SDRP=0.75: 
Unitary fidelity: 5.24576e-06
Execution time: 0s
For SDRP=0.725: 
Unitary fidelity: 4.74368e-06
Execution time: 0s
Random Seed: 1681013695 (Overridden by hardware generation!)
Device #0, Loaded binary from: /home/paperspace/.qrack/qrack_ocl_dev_A100_80GB_PCIe.ir
Default platform: NVIDIA CUDA
Default device: #0, A100 80GB PCIe
OpenCL device #0: A100 80GB PCIe
############ Default Optimal (QUnit) ############
Filters: test_noisy_fidelity_2qb_nn_estimate
>>> 'test_noisy_fidelity_2qb_nn_estimate':
Circuit width: 54
Circuit layer depth (excluding factor of x2 for mirror validation): 8
For SDRP=1: 
Unitary fidelity: 1.39666e-07
Execution time: 0s
For SDRP=0.975: 
Unitary fidelity: 1.39666e-07
Execution time: 0s
For SDRP=0.95: 
Unitary fidelity: 1.39666e-07
Execution time: 0s
For SDRP=0.925: 
Unitary fidelity: 4.61444e-07
Execution time: 0s
For SDRP=0.9: 
Unitary fidelity: 7.06603e-07
Execution time: 0s
For SDRP=0.875: 
Unitary fidelity: 7.06605e-07
Execution time: 0s
Random Seed: 1681014110 (Overridden by hardware generation!)
Device #0, Loaded binary from: /home/paperspace/.qrack/qrack_ocl_dev_A100_80GB_PCIe.ir
Default platform: NVIDIA CUDA
Default device: #0, A100 80GB PCIe
OpenCL device #0: A100 80GB PCIe
############ Default Optimal (QUnit) ############
Filters: test_noisy_fidelity_2qb_nn_estimate
>>> 'test_noisy_fidelity_2qb_nn_estimate':
Circuit width: 54
Circuit layer depth (excluding factor of x2 for mirror validation): 8
For SDRP=1: 
Unitary fidelity: 5.578e-08
Execution time: 0s
For SDRP=0.975: 
Unitary fidelity: 5.57799e-08
Execution time: 0s
For SDRP=0.95: 
Unitary fidelity: 5.57803e-08
Execution time: 0s
For SDRP=0.925: 
Unitary fidelity: 8.52114e-08
Execution time: 0s
For SDRP=0.9: 
Unitary fidelity: 1.78591e-07
Execution time: 0s
For SDRP=0.875: 
Unitary fidelity: 2.03194e-07
Execution time: 0s
For SDRP=0.85: 
Unitary fidelity: 3.49266e-07
Execution time: 0s
For SDRP=0.825: 
Unitary fidelity: 3.49267e-07
Execution time: 0s
For SDRP=0.8: 
Unitary fidelity: 2.50392e-07
Execution time: 0s
For SDRP=0.775: 
Unitary fidelity: 2.37504e-07
Execution time: 0s
For SDRP=0.75: 
Unitary fidelity: 4.54213e-07
Execution time: 0s
For SDRP=0.725: 
Unitary fidelity: 3.34136e-07
Execution time: 0s
For SDRP=0.7: 
Unitary fidelity: 1.05633e-06
Execution time: 0s
For SDRP=0.675: 
Unitary fidelity: 3.71222e-06
Execution time: 0s
For SDRP=0.65: 
Unitary fidelity: 3.71223e-06
Execution time: 0s
For SDRP=0.625: 
Unitary fidelity: 6.25299e-06
Execution time: 1s
Random Seed: 1681014638 (Overridden by hardware generation!)
Device #0, Loaded binary from: /home/paperspace/.qrack/qrack_ocl_dev_A100_80GB_PCIe.ir
Default platform: NVIDIA CUDA
Default device: #0, A100 80GB PCIe
OpenCL device #0: A100 80GB PCIe
############ Default Optimal (QUnit) ############
Filters: test_noisy_fidelity_2qb_nn_estimate
>>> 'test_noisy_fidelity_2qb_nn_estimate':
Circuit width: 54
Circuit layer depth (excluding factor of x2 for mirror validation): 8
For SDRP=1: 
Unitary fidelity: 7.69929e-09
Execution time: 0s
For SDRP=0.975: 
Unitary fidelity: 4.08857e-09
Execution time: 0s
For SDRP=0.95: 
Unitary fidelity: 6.19337e-09
Execution time: 0s
For SDRP=0.925: 
Unitary fidelity: 6.19341e-09
Execution time: 0s
For SDRP=0.9: 
Unitary fidelity: 4.96514e-09
Execution time: 0s
For SDRP=0.875: 
Unitary fidelity: 5.50319e-09
Execution time: 0s
Random Seed: 1681015023 (Overridden by hardware generation!)
Device #0, Loaded binary from: /home/paperspace/.qrack/qrack_ocl_dev_A100_80GB_PCIe.ir
Default platform: NVIDIA CUDA
Default device: #0, A100 80GB PCIe
OpenCL device #0: A100 80GB PCIe
############ Default Optimal (QUnit) ############
Filters: test_noisy_fidelity_2qb_nn_estimate
>>> 'test_noisy_fidelity_2qb_nn_estimate':
Circuit width: 54
Circuit layer depth (excluding factor of x2 for mirror validation): 8
For SDRP=1: 
Unitary fidelity: 5.91316e-08
Execution time: 0s
For SDRP=0.975: 
Unitary fidelity: 5.91314e-08
Execution time: 0s
For SDRP=0.95: 
Unitary fidelity: 5.91314e-08
Execution time: 0s
For SDRP=0.925: 
Unitary fidelity: 5.9131e-08
Execution time: 0s
Random Seed: 1681015422 (Overridden by hardware generation!)
Device #0, Loaded binary from: /home/paperspace/.qrack/qrack_ocl_dev_A100_80GB_PCIe.ir
Default platform: NVIDIA CUDA
Default device: #0, A100 80GB PCIe
OpenCL device #0: A100 80GB PCIe
############ Default Optimal (QUnit) ############
Filters: test_noisy_fidelity_2qb_nn_estimate
>>> 'test_noisy_fidelity_2qb_nn_estimate':
Circuit width: 54
Circuit layer depth (excluding factor of x2 for mirror validation): 8
For SDRP=1: 
Unitary fidelity: 8.11666e-07
Execution time: 0s
For SDRP=0.975: 
Unitary fidelity: 8.1166e-07
Execution time: 0s
For SDRP=0.95: 
Unitary fidelity: 8.11665e-07
Execution time: 0s
For SDRP=0.925: 
Unitary fidelity: 1.32277e-06
Execution time: 0s
For SDRP=0.9: 
Unitary fidelity: 1.68471e-06
Execution time: 0s
For SDRP=0.875: 
Unitary fidelity: 1.68471e-06
Execution time: 0s
For SDRP=0.85: 
Unitary fidelity: 2.83744e-06
Execution time: 0s
For SDRP=0.825: 
Unitary fidelity: 2.83744e-06
Execution time: 0s
For SDRP=0.8: 
Unitary fidelity: 4.48726e-06
Execution time: 0s
For SDRP=0.775: 
Unitary fidelity: 5.91707e-06
Execution time: 0s
For SDRP=0.75: 
Unitary fidelity: 5.91705e-06
Execution time: 0s
For SDRP=0.725: 
Unitary fidelity: 5.11807e-06
Execution time: 0s
For SDRP=0.7: 
Unitary fidelity: 6.34255e-06
Execution time: 0s
Random Seed: 1681015807 (Overridden by hardware generation!)
Device #0, Loaded binary from: /home/paperspace/.qrack/qrack_ocl_dev_A100_80GB_PCIe.ir
Default platform: NVIDIA CUDA
Default device: #0, A100 80GB PCIe
OpenCL device #0: A100 80GB PCIe
############ Default Optimal (QUnit) ############
Filters: test_noisy_fidelity_2qb_nn_estimate
>>> 'test_noisy_fidelity_2qb_nn_estimate':
Circuit width: 54
Circuit layer depth (excluding factor of x2 for mirror validation): 8
Random Seed: 1681016205 (Overridden by hardware generation!)
Device #0, Loaded binary from: /home/paperspace/.qrack/qrack_ocl_dev_A100_80GB_PCIe.ir
Default platform: NVIDIA CUDA
Default device: #0, A100 80GB PCIe
OpenCL device #0: A100 80GB PCIe
############ Default Optimal (QUnit) ############
Filters: test_noisy_fidelity_2qb_nn_estimate
>>> 'test_noisy_fidelity_2qb_nn_estimate':
Circuit width: 54
Circuit layer depth (excluding factor of x2 for mirror validation): 8
For SDRP=1: 
Unitary fidelity: 1.03101e-07
Execution time: 0s
For SDRP=0.975: 
Unitary fidelity: 1.03101e-07
Execution time: 0s
For SDRP=0.95: 
Unitary fidelity: 8.53433e-08
Execution time: 0s
For SDRP=0.925: 
Unitary fidelity: 8.53432e-08
Execution time: 0s
For SDRP=0.9: 
Unitary fidelity: 8.53432e-08
Execution time: 0s
For SDRP=0.875: 
Unitary fidelity: 9.99909e-08
Execution time: 0s
For SDRP=0.85: 
Unitary fidelity: 1.54846e-07
Execution time: 0s
For SDRP=0.825: 
Unitary fidelity: 2.52476e-07
Execution time: 0s
For SDRP=0.8: 
Unitary fidelity: 6.49769e-07
Execution time: 0s
For SDRP=0.775: 
Unitary fidelity: 2.8769e-07
Execution time: 0s
For SDRP=0.75: 
Unitary fidelity: 2.8769e-07
Execution time: 0s
For SDRP=0.725: 
Unitary fidelity: 9.08374e-07
Execution time: 0s
For SDRP=0.7: 
Unitary fidelity: 5.07257e-06
Execution time: 0s
For SDRP=0.675: 
Unitary fidelity: 5.58362e-06
Execution time: 0s
For SDRP=0.65: 
Unitary fidelity: 5.58362e-06
Execution time: 0s
For SDRP=0.625: 
Unitary fidelity: 5.49784e-06
Execution time: 0s
For SDRP=0.6: 
Unitary fidelity: 3.2222e-05
Execution time: 0s
Random Seed: 1681016591 (Overridden by hardware generation!)
Device #0, Loaded binary from: /home/paperspace/.qrack/qrack_ocl_dev_A100_80GB_PCIe.ir
Default platform: NVIDIA CUDA
Default device: #0, A100 80GB PCIe
OpenCL device #0: A100 80GB PCIe
############ Default Optimal (QUnit) ############
Filters: test_noisy_fidelity_2qb_nn_estimate
>>> 'test_noisy_fidelity_2qb_nn_estimate':
Circuit width: 54
Circuit layer depth (excluding factor of x2 for mirror validation): 8
For SDRP=1: 
Unitary fidelity: 8.38378e-09
Execution time: 0s
For SDRP=0.975: 
Unitary fidelity: 1.05815e-08
Execution time: 0s
For SDRP=0.95: 
Unitary fidelity: 1.16662e-08
Execution time: 0s
For SDRP=0.925: 
Unitary fidelity: 1.16661e-08
Execution time: 0s
For SDRP=0.9: 
Unitary fidelity: 1.16662e-08
Execution time: 0s
For SDRP=0.875: 
Unitary fidelity: 1.16661e-08
Execution time: 0s
For SDRP=0.85: 
Unitary fidelity: 1.16662e-08
Execution time: 0s
For SDRP=0.825: 
Unitary fidelity: 8.46896e-09
Execution time: 0s
For SDRP=0.8: 
Unitary fidelity: 3.94218e-08
Execution time: 0s
For SDRP=0.775: 
Unitary fidelity: 6.35437e-08
Execution time: 0s
For SDRP=0.75: 
Unitary fidelity: 7.31479e-08
Execution time: 0s
For SDRP=0.725: 
Unitary fidelity: 4.43587e-08
Execution time: 0s
For SDRP=0.7: 
Unitary fidelity: 6.38608e-08
Execution time: 0s
For SDRP=0.675: 
Unitary fidelity: 5.11977e-07
Execution time: 0s
For SDRP=0.65: 
Unitary fidelity: 3.15629e-06
Execution time: 0s
For SDRP=0.625: 
Unitary fidelity: 4.38375e-06
Execution time: 0s
For SDRP=0.6: 
Unitary fidelity: 2.06356e-05
Execution time: 1s
For SDRP=0.575: 
Unitary fidelity: 2.50932e-05
Execution time: 0s
For SDRP=0.55: 
Unitary fidelity: 2.52613e-05
Execution time: 0s
Random Seed: 1681017379 (Overridden by hardware generation!)
Device #0, Loaded binary from: /home/paperspace/.qrack/qrack_ocl_dev_A100_80GB_PCIe.ir
Default platform: NVIDIA CUDA
Default device: #0, A100 80GB PCIe
OpenCL device #0: A100 80GB PCIe
############ Default Optimal (QUnit) ############
Filters: test_noisy_fidelity_2qb_nn_estimate
>>> 'test_noisy_fidelity_2qb_nn_estimate':
Circuit width: 54
Circuit layer depth (excluding factor of x2 for mirror validation): 8
For SDRP=1: 
Unitary fidelity: 2.0101e-07
Execution time: 0s
For SDRP=0.975: 
Unitary fidelity: 2.01011e-07
Execution time: 0s
For SDRP=0.95: 
Unitary fidelity: 2.01007e-07
Execution time: 0s
For SDRP=0.925: 
Unitary fidelity: 2.9443e-07
Execution time: 0s
For SDRP=0.9: 
Unitary fidelity: 3.65685e-07
Execution time: 0s
For SDRP=0.875: 
Unitary fidelity: 1.11811e-06
Execution time: 0s
For SDRP=0.85: 
Unitary fidelity: 3.67029e-06
Execution time: 0s
For SDRP=0.825: 
Unitary fidelity: 4.8838e-06
Execution time: 0s
For SDRP=0.8: 
Unitary fidelity: 1.00396e-05
Execution time: 0s
For SDRP=0.775: 
Unitary fidelity: 1.13909e-05
Execution time: 0s
For SDRP=0.75: 
Unitary fidelity: 1.85002e-05
Execution time: 0s
Random Seed: 1681017801 (Overridden by hardware generation!)
Device #0, Loaded binary from: /home/paperspace/.qrack/qrack_ocl_dev_A100_80GB_PCIe.ir
Default platform: NVIDIA CUDA
Default device: #0, A100 80GB PCIe
OpenCL device #0: A100 80GB PCIe
############ Default Optimal (QUnit) ############
Filters: test_noisy_fidelity_2qb_nn_estimate
>>> 'test_noisy_fidelity_2qb_nn_estimate':
Circuit width: 54
Circuit layer depth (excluding factor of x2 for mirror validation): 8
For SDRP=1: 
Unitary fidelity: 1.26071e-08
Execution time: 0s
For SDRP=0.975: 
Unitary fidelity: 1.26071e-08
Execution time: 0s
For SDRP=0.95: 
Unitary fidelity: 2.09378e-08
Execution time: 0s
For SDRP=0.925: 
Unitary fidelity: 2.09378e-08
Execution time: 0s
For SDRP=0.9: 
Unitary fidelity: 4.04477e-08
Execution time: 0s
For SDRP=0.875: 
Unitary fidelity: 4.04477e-08
Execution time: 0s
For SDRP=0.85: 
Unitary fidelity: 4.04478e-08
Execution time: 0s
For SDRP=0.825: 
Unitary fidelity: 4.04476e-08
Execution time: 0s
For SDRP=0.8: 
Unitary fidelity: 1.76482e-07
Execution time: 0s
For SDRP=0.775: 
Unitary fidelity: 6.36623e-07
Execution time: 0s
For SDRP=0.75: 
Unitary fidelity: 4.13491e-07
Execution time: 0s
For SDRP=0.725: 
Unitary fidelity: 3.51944e-06
Execution time: 0s
For SDRP=0.7: 
Unitary fidelity: 3.69976e-06
Execution time: 0s
For SDRP=0.675: 
Unitary fidelity: 5.19436e-05
Execution time: 1s
For SDRP=0.65: 
Unitary fidelity: 5.19436e-05
Execution time: 1s
For SDRP=0.625: 
Unitary fidelity: 0.000105337
Execution time: 2s
For SDRP=0.6: 
Unitary fidelity: 0.000157022
Execution time: 5s
For SDRP=0.575: 
Unitary fidelity: 0.000204666
Execution time: 5s
Random Seed: 1681018225 (Overridden by hardware generation!)
Device #0, Loaded binary from: /home/paperspace/.qrack/qrack_ocl_dev_A100_80GB_PCIe.ir
Default platform: NVIDIA CUDA
Default device: #0, A100 80GB PCIe
OpenCL device #0: A100 80GB PCIe
############ Default Optimal (QUnit) ############
Filters: test_noisy_fidelity_2qb_nn_estimate
>>> 'test_noisy_fidelity_2qb_nn_estimate':
Circuit width: 54
Circuit layer depth (excluding factor of x2 for mirror validation): 8
For SDRP=1: 
Unitary fidelity: 2.67103e-10
Execution time: 0s
For SDRP=0.975: 
Unitary fidelity: 2.67103e-10
Execution time: 0s
For SDRP=0.95: 
Unitary fidelity: 2.67104e-10
Execution time: 0s
For SDRP=0.925: 
Unitary fidelity: 1.05002e-09
Execution time: 0s
For SDRP=0.9: 
Unitary fidelity: 7.05114e-10
Execution time: 0s
For SDRP=0.875: 
Unitary fidelity: 7.51931e-10
Execution time: 0s
For SDRP=0.85: 
Unitary fidelity: 7.51932e-10
Execution time: 0s
For SDRP=0.825: 
Unitary fidelity: 7.51919e-10
Execution time: 0s
For SDRP=0.8: 
Unitary fidelity: 9.63685e-09
Execution time: 0s
For SDRP=0.775: 
Unitary fidelity: 1.56194e-08
Execution time: 0s
For SDRP=0.75: 
Unitary fidelity: 4.99333e-08
Execution time: 1s
For SDRP=0.725: 
Unitary fidelity: 5.55783e-07
Execution time: 1s
